******************************************************************************
                  TI ARM Linker Unix v16.9.0                   
******************************************************************************
>> Linked Sat Apr 29 04:36:08 2017

OUTPUT FILE NAME:   <HW4.out>
ENTRY POINT SYMBOL: "_c_int00"  address: 000027f9


MEMORY CONFIGURATION

         name            origin    length      used     unused   attr    fill
----------------------  --------  ---------  --------  --------  ----  --------
  MAIN                  00000000   00040000  00003be2  0003c41e  R  X
  INFO                  00200000   00004000  00000000  00004000  R  X
  SRAM_CODE             01000000   00010000  00000c8a  0000f376  RW X
  SRAM_DATA             20000000   00010000  00000c8a  0000f376  RW  


SEGMENT ALLOCATION MAP

run origin  load origin   length   init length attrs members
----------  ----------- ---------- ----------- ----- -------
00000000    00000000    00003be8   00003be8    r-x
  00000000    00000000    000000e4   000000e4    r-- .intvecs
  000000e4    000000e4    00002eb6   00002eb6    r-x .text
  00002f9c    00002f9c    00000be0   00000be0    r-- .const
  00003b80    00003b80    00000068   00000068    r-- .cinit
20000000    20000000    0000048c   00000000    rw-
  20000000    20000000    00000426   00000000    rw- .bss
  20000428    20000428    00000064   00000000    rw- .data
2000f800    2000f800    00000800   00000000    rw-
  2000f800    2000f800    00000800   00000000    rw- .stack


SECTION ALLOCATION MAP

 output                                  attributes/
section   page    origin      length       input sections
--------  ----  ----------  ----------   ----------------
.intvecs   0    00000000    000000e4     
                  00000000    000000e4     startup_msp432p401r_ccs.obj (.intvecs:retain)

.text      0    000000e4    00002eb6     
                  000000e4    0000113a     rtsv7M4_T_le_v4SPD16_eabi.lib : _printfi.obj (.text)
                  0000121e    000002d0     grlib.lib : string.o (.text:Graphics_drawString)
                  000014ee    00000200               : image.o (.text:Graphics_drawImage)
                  000016ee    000001f4     rtsv7M4_T_le_v4SPD16_eabi.lib : ull_div_t2.obj (.text)
                  000018e2    000001b6                                   : fd_add_t2.obj (.text)
                  00001a98    00000136                                   : fd_div_t2.obj (.text)
                  00001bce    00000002     Crystalfontz128x128_ST7735.obj (.text:Crystalfontz128x128_Flush)
                  00001bd0    00000110     Crystalfontz128x128_ST7735.obj (.text:Crystalfontz128x128_Init)
                  00001ce0    00000106     Crystalfontz128x128_ST7735.obj (.text:Crystalfontz128x128_PixelDrawMultiple)
                  00001de6    000000fc     rtsv7M4_T_le_v4SPD16_eabi.lib : fd_mul_t2.obj (.text)
                  00001ee2    00000002     startup_msp432p401r_ccs.obj (.text:Default_Handler)
                  00001ee4    000000fc     rtsv7M4_T_le_v4SPD16_eabi.lib : s_scalbn.obj (.text)
                  00001fe0    000000c8     main.obj (.text:TA0_0_IRQHandler)
                  000020a8    0000009c     rtsv7M4_T_le_v4SPD16_eabi.lib : memcpy_t2.obj (.text)
                  00002144    00000098     main.obj (.text:main)
                  000021dc    00000088     msp432p4xx_driverlib.lib : spi.o (.text:SPI_initMaster)
                  00002264    00000086     rtsv7M4_T_le_v4SPD16_eabi.lib : fd_cmp_t2.obj (.text:__aeabi_cdcmple)
                  000022ea    00000086                                   : fd_cmp_t2.obj (.text:__aeabi_cdrcmple)
                  00002370    00000084     Crystalfontz128x128_ST7735.obj (.text:Crystalfontz128x128_SetDrawFrame)
                  000023f4    0000007a     rtsv7M4_T_le_v4SPD16_eabi.lib : memset_t2.obj (.text)
                  0000246e    00000002                                   : mpu_init.obj (.text)
                  00002470    00000070     main.obj (.text:init_button)
                  000024e0    00000070     rtsv7M4_T_le_v4SPD16_eabi.lib : autoinit.obj (.text)
                  00002550    00000068     grlib.lib : string.o (.text:Graphics_getStringWidth)
                  000025b8    00000068     system_msp432p401r.obj (.text:SystemInit)
                  00002620    00000068     rtsv7M4_T_le_v4SPD16_eabi.lib : copy_decompress_lzss.obj (.text:decompress:lzss)
                  00002688    00000064                                   : s_frexp.obj (.text)
                  000026ec    00000060                                   : sprintf.obj (.text)
                  0000274c    00000056     Crystalfontz128x128_ST7735.obj (.text:Crystalfontz128x128_RectFill)
                  000027a2    00000056     rtsv7M4_T_le_v4SPD16_eabi.lib : ltoa.obj (.text)
                  000027f8    00000054                                   : boot.obj (.text)
                  0000284c    00000054                                   : exit.obj (.text)
                  000028a0    0000004c     msp432p4xx_driverlib.lib : gpio.o (.text:GPIO_setAsPeripheralModuleFunctionOutputPin)
                  000028ec    0000004c     main.obj (.text:init_display)
                  00002938    0000004c     rtsv7M4_T_le_v4SPD16_eabi.lib : atoi.obj (.text)
                  00002984    0000004c                                   : cpy_tbl.obj (.text)
                  000029d0    0000004a     grlib.lib : line.o (.text:Graphics_drawLineH)
                  00002a1a    00000048     rtsv7M4_T_le_v4SPD16_eabi.lib : fd_toi_t2.obj (.text)
                  00002a62    00000002                                   : startup.obj (.text)
                  00002a64    00000040     HAL_MSP_EXP432P401R_Crystalfontz128x128_ST7735.obj (.text:HAL_LCD_SpiInit)
                  00002aa4    0000003c     Crystalfontz128x128_ST7735.obj (.text:Crystalfontz128x128_LineDrawV)
                  00002ae0    0000003c     grlib.lib : image.o (.text:Graphics_convertPalette)
                  00002b1c    0000003a     Crystalfontz128x128_ST7735.obj (.text:Crystalfontz128x128_LineDrawH)
                  00002b56    00000038     grlib.lib : string.o (.text:Graphics_drawStringCentered)
                  00002b8e    00000002     --HOLE-- [fill = 0]
                  00002b90    00000038     main.obj (.text:PORT3_IRQHandler)
                  00002bc8    00000034     Crystalfontz128x128_ST7735.obj (.text:Crystalfontz128x128_SetOrientation)
                  00002bfc    00000034     main.obj (.text:init_timer)
                  00002c30    00000030     HAL_MSP_EXP432P401R_Crystalfontz128x128_ST7735.obj (.text:HAL_LCD_PortInit)
                  00002c60    00000030     msp432p4xx_driverlib.lib : spi.o (.text:is_A_Module)
                  00002c90    0000002e     rtsv7M4_T_le_v4SPD16_eabi.lib : i_tofd_t2.obj (.text)
                  00002cbe    00000002     --HOLE-- [fill = 0]
                  00002cc0    0000002c     HAL_MSP_EXP432P401R_Crystalfontz128x128_ST7735.obj (.text:HAL_LCD_writeCommand)
                  00002cec    00000028     Crystalfontz128x128_ST7735.obj (.text:Crystalfontz128x128_PixelDraw)
                  00002d14    00000028     grlib.lib : display.o (.text:Graphics_drawMultiplePixelsOnDisplay)
                  00002d3c    00000024     msp432p4xx_driverlib.lib : gpio.o (.text:GPIO_setAsOutputPin)
                  00002d60    00000024     main.obj (.text:PORT5_IRQHandler)
                  00002d84    00000022     grlib.lib : context.o (.text:Graphics_initContext)
                  00002da6    00000020     Crystalfontz128x128_ST7735.obj (.text:Crystalfontz128x128_ClearScreen)
                  00002dc6    0000001c     rtsv7M4_T_le_v4SPD16_eabi.lib : memccpy.obj (.text)
                  00002de2    0000001a     grlib.lib : string.o (.text:Graphics_getNumberOfLeadingZeros)
                  00002dfc    0000001a     msp432p4xx_driverlib.lib : spi.o (.text:SPI_enableModule)
                  00002e16    00000002     --HOLE-- [fill = 0]
                  00002e18    00000018                              : gpio.o (.text:GPIO_setOutputLowOnPin)
                  00002e30    00000018     HAL_MSP_EXP432P401R_Crystalfontz128x128_ST7735.obj (.text:HAL_LCD_writeData)
                  00002e48    00000018     main.obj (.text:mapports)
                  00002e60    00000018     rtsv7M4_T_le_v4SPD16_eabi.lib : args_main.obj (.text)
                  00002e78    00000016     Crystalfontz128x128_ST7735.obj (.text:Crystalfontz128x128_ColorTranslate)
                  00002e8e    00000016     grlib.lib : display.o (.text:Graphics_drawHorizontalLineOnDisplay)
                  00002ea4    00000016     rtsv7M4_T_le_v4SPD16_eabi.lib : strchr.obj (.text)
                  00002eba    00000002     --HOLE-- [fill = 0]
                  00002ebc    00000014     msp432p4xx_driverlib.lib : gpio.o (.text:GPIO_setOutputHighOnPin)
                  00002ed0    00000014     rtsv7M4_T_le_v4SPD16_eabi.lib : _lock.obj (.text)
                  00002ee4    00000014                                   : s_copysign.obj (.text)
                  00002ef8    00000014                                   : strlen.obj (.text)
                  00002f0c    0000000e     grlib.lib : display.o (.text:Graphics_drawPixelOnDisplay)
                  00002f1a    0000000e               : context.o (.text:Graphics_setBackgroundColor)
                  00002f28    0000000e               : context.o (.text:Graphics_setForegroundColor)
                  00002f36    0000000e     rtsv7M4_T_le_v4SPD16_eabi.lib : copy_decompress_none.obj (.text:decompress:none)
                  00002f44    0000000c     msp432p4xx_driverlib.lib : spi.o (.text:EUSCI_A_SPI_enable)
                  00002f50    0000000c                              : spi.o (.text:EUSCI_B_SPI_enable)
                  00002f5c    0000000c     startup_msp432p401r_ccs.obj (.text:Reset_Handler)
                  00002f68    0000000c     rtsv7M4_T_le_v4SPD16_eabi.lib : copy_zero_init.obj (.text:decompress:ZI)
                  00002f74    0000000a     grlib.lib : context.o (.text:Graphics_clearDisplay)
                  00002f7e    0000000a               : display.o (.text:Graphics_clearDisplayOnDisplay)
                  00002f88    0000000a               : display.o (.text:Graphics_translateColorOnDisplay)
                  00002f92    00000004               : context.o (.text:Graphics_setFont)
                  00002f96    00000004     rtsv7M4_T_le_v4SPD16_eabi.lib : pre_init.obj (.text)

.const     0    00002f9c    00000be0     
                  00002f9c    00000320     color2.obj (.const:.string:pixel_color24BPP_UNCOMP)
                  000032bc    00000320     color.obj (.const:.string:pixel_color4BPP_UNCOMP)
                  000035dc    000002f8     fontfixed6x8.obj (.const:.string:g_pucFontFixed6x8Data)
                  000038d4    00000101     rtsv7M4_T_le_v4SPD16_eabi.lib : ctype.obj (.const:.string:_ctypes_)
                  000039d5    00000003     --HOLE-- [fill = 0]
                  000039d8    000000c8     fontfixed6x8.obj (.const:g_sFontFixed6x8)
                  00003aa0    00000040     color2.obj (.const:palette_color24BPP_UNCOMP)
                  00003ae0    00000040     color.obj (.const:palette_color4BPP_UNCOMP)
                  00003b20    00000020     Crystalfontz128x128_ST7735.obj (.const:g_sCrystalfontz128x128_funcs)
                  00003b40    0000001c     HAL_MSP_EXP432P401R_Crystalfontz128x128_ST7735.obj (.const:$P$T0$1)
                  00003b5c    00000010     color2.obj (.const:color24BPP_UNCOMP)
                  00003b6c    00000010     color.obj (.const:color4BPP_UNCOMP)

.cinit     0    00003b80    00000068     
                  00003b80    00000043     (.cinit..data.load) [load image, compression = lzss]
                  00003bc3    00000001     --HOLE-- [fill = 0]
                  00003bc4    0000000c     (__TI_handler_table)
                  00003bd0    00000008     (.cinit..bss.load) [load image, compression = zero_init]
                  00003bd8    00000010     (__TI_cinit_table)

.init_array 
*          0    00000000    00000000     UNINITIALIZED

.binit     0    00000000    00000000     

.bss       0    20000000    00000426     UNINITIALIZED
                  20000000    00000400     grlib.lib : image.o (.bss:g_pulConvertedPalette)
                  20000400    0000001c     (.common:g_sContext)
                  2000041c    00000002     (.common:Lcd_ScreenHeigth)
                  2000041e    00000002     (.common:Lcd_ScreenWidth)
                  20000420    00000002     (.common:Lcd_TouchTrim)
                  20000422    00000001     (.common:Lcd_FlagRead)
                  20000423    00000001     (.common:Lcd_FontSolid)
                  20000424    00000001     (.common:Lcd_Orientation)
                  20000425    00000001     (.common:Lcd_PenSolid)

.data      0    20000428    00000064     UNINITIALIZED
                  20000428    00000030     msp432p4xx_driverlib.lib : gpio.o (.data:GPIO_PORT_TO_BASE)
                  20000458    00000010     Crystalfontz128x128_ST7735.obj (.data:g_sCrystalfontz128x128)
                  20000468    0000000c     rtsv7M4_T_le_v4SPD16_eabi.lib : exit.obj (.data:$O1$$)
                  20000474    00000008                                   : _lock.obj (.data:$O1$$)
                  2000047c    00000008     main.obj (.data)
                  20000484    00000004     rtsv7M4_T_le_v4SPD16_eabi.lib : errno.obj (.data)
                  20000488    00000004                                   : stkdepth_vars.obj (.data)

.stack     0    2000f800    00000800     UNINITIALIZED
                  2000f800    00000800     --HOLE--

MODULE SUMMARY

       Module                                               code    ro data   rw data
       ------                                               ----    -------   -------
    ./
       color.obj                                            0       880       0      
       color2.obj                                           0       880       0      
       main.obj                                             708     0         72     
       system_msp432p401r.obj                               104     0         0      
    +--+----------------------------------------------------+-------+---------+---------+
       Total:                                               812     1760      72     
                                                                                     
    ./LcdDriver/
       Crystalfontz128x128_ST7735.obj                       1018    32        52     
       HAL_MSP_EXP432P401R_Crystalfontz128x128_ST7735.obj   180     28        0      
    +--+----------------------------------------------------+-------+---------+---------+
       Total:                                               1198    60        52     
                                                                                     
    ./ccs/
       startup_msp432p401r_ccs.obj                          14      228       0      
    +--+----------------------------------------------------+-------+---------+---------+
       Total:                                               14      228       0      
                                                                                     
    ./fonts/
       fontfixed6x8.obj                                     0       960       0      
    +--+----------------------------------------------------+-------+---------+---------+
       Total:                                               0       960       0      
                                                                                     
    /Applications/ti/ccsv7/tools/compiler/ti-cgt-arm_16.9.0.LTS/lib/rtsv7M4_T_le_v4SPD16_eabi.lib
       _printfi.obj                                         4410    0         0      
       ull_div_t2.obj                                       500     0         0      
       fd_add_t2.obj                                        438     0         0      
       fd_div_t2.obj                                        310     0         0      
       fd_cmp_t2.obj                                        268     0         0      
       ctype.obj                                            0       257       0      
       fd_mul_t2.obj                                        252     0         0      
       s_scalbn.obj                                         252     0         0      
       memcpy_t2.obj                                        156     0         0      
       memset_t2.obj                                        122     0         0      
       autoinit.obj                                         112     0         0      
       exit.obj                                             84      0         24     
       copy_decompress_lzss.obj                             104     0         0      
       s_frexp.obj                                          100     0         0      
       sprintf.obj                                          96      0         0      
       ltoa.obj                                             86      0         0      
       boot.obj                                             84      0         0      
       atoi.obj                                             76      0         0      
       cpy_tbl.obj                                          76      0         0      
       fd_toi_t2.obj                                        72      0         0      
       i_tofd_t2.obj                                        46      0         0      
       _lock.obj                                            20      0         16     
       memccpy.obj                                          28      0         0      
       args_main.obj                                        24      0         0      
       strchr.obj                                           22      0         0      
       s_copysign.obj                                       20      0         0      
       strlen.obj                                           20      0         0      
       copy_decompress_none.obj                             14      0         0      
       copy_zero_init.obj                                   12      0         0      
       errno.obj                                            0       0         8      
       stkdepth_vars.obj                                    0       0         8      
       pre_init.obj                                         4       0         0      
       mpu_init.obj                                         2       0         0      
       startup.obj                                          2       0         0      
    +--+----------------------------------------------------+-------+---------+---------+
       Total:                                               7812    257       56     
                                                                                     
    /Users/jadedh/ti/tirex-content/simplelink_msp432_sdk_1_20_00_45/source/ti/devices/msp432p4xx/driverlib/ccs/msp432p4xx_driverlib.lib
       gpio.o                                               156     0         96     
       spi.o                                                234     0         0      
    +--+----------------------------------------------------+-------+---------+---------+
       Total:                                               390     0         96     
                                                                                     
    /Users/jadedh/ti/tirex-content/simplelink_msp432_sdk_1_20_00_45/source/ti/grlib/ccs/grlib.lib
       image.o                                              572     0         2048   
       string.o                                             906     0         0      
       display.o                                            96      0         0      
       context.o                                            76      0         0      
       line.o                                               74      0         0      
    +--+----------------------------------------------------+-------+---------+---------+
       Total:                                               1724    0         2048   
                                                                                     
       Stack:                                               0       0         4096   
       Linker Generated:                                    0       103       0      
    +--+----------------------------------------------------+-------+---------+---------+
       Grand Total:                                         11950   3368      6420   


LINKER GENERATED COPY TABLES

__TI_cinit_table @ 00003bd8 records: 2, size/record: 8, table size: 16
	.data: load addr=00003b80, load size=00000043 bytes, run addr=20000428, run size=00000064 bytes, compression=lzss
	.bss: load addr=00003bd0, load size=00000008 bytes, run addr=20000000, run size=00000426 bytes, compression=zero_init


LINKER GENERATED HANDLER TABLE

__TI_handler_table @ 00003bc4 records: 3, size/record: 4, table size: 12
	index: 0, handler: __TI_decompress_lzss
	index: 1, handler: __TI_decompress_none
	index: 2, handler: __TI_zero_init


GLOBAL SYMBOLS: SORTED ALPHABETICALLY BY Name 

address   name                                       
-------   ----                                       
00001ee3  ADC14_IRQHandler                           
00001ee3  AES256_IRQHandler                          
00001ee3  BusFault_Handler                           
0000284d  C$$EXIT                                    
00001ee3  COMP_E0_IRQHandler                         
00001ee3  COMP_E1_IRQHandler                         
00001ee3  CS_IRQHandler                              
00001bd1  Crystalfontz128x128_Init                   
00002371  Crystalfontz128x128_SetDrawFrame           
00002bc9  Crystalfontz128x128_SetOrientation         
00001ee3  DMA_ERR_IRQHandler                         
00001ee3  DMA_INT0_IRQHandler                        
00001ee3  DMA_INT1_IRQHandler                        
00001ee3  DMA_INT2_IRQHandler                        
00001ee3  DMA_INT3_IRQHandler                        
00001ee3  DebugMon_Handler                           
00001ee3  Default_Handler                            
00001ee3  EUSCIA0_IRQHandler                         
00001ee3  EUSCIA1_IRQHandler                         
00001ee3  EUSCIA2_IRQHandler                         
00001ee3  EUSCIA3_IRQHandler                         
00001ee3  EUSCIB0_IRQHandler                         
00001ee3  EUSCIB1_IRQHandler                         
00001ee3  EUSCIB2_IRQHandler                         
00001ee3  EUSCIB3_IRQHandler                         
00002f45  EUSCI_A_SPI_enable                         
00002f51  EUSCI_B_SPI_enable                         
00001ee3  FLCTL_IRQHandler                           
00001ee3  FPU_IRQHandler                             
00002d3d  GPIO_setAsOutputPin                        
000028a1  GPIO_setAsPeripheralModuleFunctionOutputPin
00002ebd  GPIO_setOutputHighOnPin                    
00002e19  GPIO_setOutputLowOnPin                     
00002f75  Graphics_clearDisplay                      
00002f7f  Graphics_clearDisplayOnDisplay             
00002e8f  Graphics_drawHorizontalLineOnDisplay       
000014ef  Graphics_drawImage                         
000029d1  Graphics_drawLineH                         
00002d15  Graphics_drawMultiplePixelsOnDisplay       
00002f0d  Graphics_drawPixelOnDisplay                
0000121f  Graphics_drawString                        
00002b57  Graphics_drawStringCentered                
00002551  Graphics_getStringWidth                    
00002d85  Graphics_initContext                       
00002f1b  Graphics_setBackgroundColor                
00002f93  Graphics_setFont                           
00002f29  Graphics_setForegroundColor                
00002f89  Graphics_translateColorOnDisplay           
00002c31  HAL_LCD_PortInit                           
00002a65  HAL_LCD_SpiInit                            
00002cc1  HAL_LCD_writeCommand                       
00002e31  HAL_LCD_writeData                          
00001ee3  HardFault_Handler                          
20000422  Lcd_FlagRead                               
20000423  Lcd_FontSolid                              
20000424  Lcd_Orientation                            
20000425  Lcd_PenSolid                               
2000041c  Lcd_ScreenHeigth                           
2000041e  Lcd_ScreenWidth                            
20000420  Lcd_TouchTrim                              
00001ee3  MemManage_Handler                          
00001ee3  NMI_Handler                                
00001ee3  PCM_IRQHandler                             
00001ee3  PORT1_IRQHandler                           
00001ee3  PORT2_IRQHandler                           
00002b91  PORT3_IRQHandler                           
00002b91  PORT3_IRQHandler                           
00001ee3  PORT4_IRQHandler                           
00002d61  PORT5_IRQHandler                           
00002d61  PORT5_IRQHandler                           
00001ee3  PORT6_IRQHandler                           
00001ee3  PSS_IRQHandler                             
00001ee3  PendSV_Handler                             
00001ee3  RTC_C_IRQHandler                           
00002f5d  Reset_Handler                              
UNDEFED   SHT$$INIT_ARRAY$$Base                      
UNDEFED   SHT$$INIT_ARRAY$$Limit                     
00002dfd  SPI_enableModule                           
000021dd  SPI_initMaster                             
00001ee3  SVC_Handler                                
00001ee3  SysTick_Handler                            
000025b9  SystemInit                                 
00001ee3  T32_INT1_IRQHandler                        
00001ee3  T32_INT2_IRQHandler                        
00001ee3  T32_INTC_IRQHandler                        
00001fe1  TA0_0_IRQHandler                           
00001fe1  TA0_0_IRQHandler                           
00001ee3  TA0_N_IRQHandler                           
00001ee3  TA1_0_IRQHandler                           
00001ee3  TA1_N_IRQHandler                           
00001ee3  TA2_0_IRQHandler                           
00001ee3  TA2_N_IRQHandler                           
00001ee3  TA3_0_IRQHandler                           
00001ee3  TA3_N_IRQHandler                           
00001ee3  UsageFault_Handler                         
4000480c  WDTCTL_SYM                                 
00001ee3  WDT_A_IRQHandler                           
20010000  __STACK_END                                
00000800  __STACK_SIZE                               
00003bd8  __TI_CINIT_Base                            
00003be8  __TI_CINIT_Limit                           
00003bc4  __TI_Handler_Table_Base                    
00003bd0  __TI_Handler_Table_Limit                   
000024e1  __TI_auto_init                             
20000468  __TI_cleanup_ptr                           
00002621  __TI_decompress_lzss                       
00002f37  __TI_decompress_none                       
2000046c  __TI_dtors_ptr                             
20000470  __TI_enable_exit_profile_output            
ffffffff  __TI_pprof_out_hndl                        
00000925  __TI_printfi                               
ffffffff  __TI_prof_data_size                        
ffffffff  __TI_prof_data_start                       
00000000  __TI_static_base__                         
00002f69  __TI_zero_init                             
00002265  __aeabi_cdcmpeq                            
00002265  __aeabi_cdcmple                            
000022eb  __aeabi_cdrcmple                           
00002a1b  __aeabi_d2iz                               
000018ed  __aeabi_dadd                               
00001a99  __aeabi_ddiv                               
00001de7  __aeabi_dmul                               
000018e3  __aeabi_dsub                               
00002c91  __aeabi_i2d                                
000023f5  __aeabi_memclr                             
000023f5  __aeabi_memclr4                            
000023f5  __aeabi_memclr8                            
000020a9  __aeabi_memcpy                             
000020a9  __aeabi_memcpy4                            
000020a9  __aeabi_memcpy8                            
000023f7  __aeabi_memset                             
000023f7  __aeabi_memset4                            
000023f7  __aeabi_memset8                            
000016ef  __aeabi_uldivmod                           
ffffffff  __binit__                                  
ffffffff  __c_args__                                 
0000246f  __mpu_init                                 
2000f800  __stack                                    
00002e61  _args_main                                 
000027f9  _c_int00                                   
000038d4  _ctypes_                                   
20000474  _lock                                      
00002edf  _nop                                       
00002ed7  _register_lock                             
00002ed1  _register_unlock                           
00002a63  _system_post_cinit                         
00002f97  _system_pre_init                           
20000478  _unlock                                    
00002851  abort                                      
00002939  atoi                                       
ffffffff  binit                                      
00003b5c  color24BPP_UNCOMP                          
00003b6c  color4BPP_UNCOMP                           
00002985  copy_in                                    
00002ee5  copysign                                   
00002ee5  copysignl                                  
20000484  errno                                      
00002859  exit                                       
00002689  frexp                                      
00002689  frexpl                                     
20000400  g_sContext                                 
20000458  g_sCrystalfontz128x128                     
00003b20  g_sCrystalfontz128x128_funcs               
000039d8  g_sFontFixed6x8                            
20000480  health                                     
00002471  init_button                                
000028ed  init_display                               
00002bfd  init_timer                                 
00000000  interruptVectors                           
00001ee5  ldexp                                      
00001ee5  ldexpl                                     
000027a3  ltoa                                       
00002145  main                                       
20000488  main_func_sp                               
00002e49  mapports                                   
00002dc7  memccpy                                    
000020a9  memcpy                                     
000023fd  memset                                     
00001ee5  scalbn                                     
00001ee5  scalbnl                                    
000026ed  sprintf                                    
2000047c  state                                      
00002ea5  strchr                                     
00002ef9  strlen                                     


GLOBAL SYMBOLS: SORTED BY Symbol Address 

address   name                                       
-------   ----                                       
00000000  __TI_static_base__                         
00000000  interruptVectors                           
00000800  __STACK_SIZE                               
00000925  __TI_printfi                               
0000121f  Graphics_drawString                        
000014ef  Graphics_drawImage                         
000016ef  __aeabi_uldivmod                           
000018e3  __aeabi_dsub                               
000018ed  __aeabi_dadd                               
00001a99  __aeabi_ddiv                               
00001bd1  Crystalfontz128x128_Init                   
00001de7  __aeabi_dmul                               
00001ee3  ADC14_IRQHandler                           
00001ee3  AES256_IRQHandler                          
00001ee3  BusFault_Handler                           
00001ee3  COMP_E0_IRQHandler                         
00001ee3  COMP_E1_IRQHandler                         
00001ee3  CS_IRQHandler                              
00001ee3  DMA_ERR_IRQHandler                         
00001ee3  DMA_INT0_IRQHandler                        
00001ee3  DMA_INT1_IRQHandler                        
00001ee3  DMA_INT2_IRQHandler                        
00001ee3  DMA_INT3_IRQHandler                        
00001ee3  DebugMon_Handler                           
00001ee3  Default_Handler                            
00001ee3  EUSCIA0_IRQHandler                         
00001ee3  EUSCIA1_IRQHandler                         
00001ee3  EUSCIA2_IRQHandler                         
00001ee3  EUSCIA3_IRQHandler                         
00001ee3  EUSCIB0_IRQHandler                         
00001ee3  EUSCIB1_IRQHandler                         
00001ee3  EUSCIB2_IRQHandler                         
00001ee3  EUSCIB3_IRQHandler                         
00001ee3  FLCTL_IRQHandler                           
00001ee3  FPU_IRQHandler                             
00001ee3  HardFault_Handler                          
00001ee3  MemManage_Handler                          
00001ee3  NMI_Handler                                
00001ee3  PCM_IRQHandler                             
00001ee3  PORT1_IRQHandler                           
00001ee3  PORT2_IRQHandler                           
00001ee3  PORT4_IRQHandler                           
00001ee3  PORT6_IRQHandler                           
00001ee3  PSS_IRQHandler                             
00001ee3  PendSV_Handler                             
00001ee3  RTC_C_IRQHandler                           
00001ee3  SVC_Handler                                
00001ee3  SysTick_Handler                            
00001ee3  T32_INT1_IRQHandler                        
00001ee3  T32_INT2_IRQHandler                        
00001ee3  T32_INTC_IRQHandler                        
00001ee3  TA0_N_IRQHandler                           
00001ee3  TA1_0_IRQHandler                           
00001ee3  TA1_N_IRQHandler                           
00001ee3  TA2_0_IRQHandler                           
00001ee3  TA2_N_IRQHandler                           
00001ee3  TA3_0_IRQHandler                           
00001ee3  TA3_N_IRQHandler                           
00001ee3  UsageFault_Handler                         
00001ee3  WDT_A_IRQHandler                           
00001ee5  ldexp                                      
00001ee5  ldexpl                                     
00001ee5  scalbn                                     
00001ee5  scalbnl                                    
00001fe1  TA0_0_IRQHandler                           
00001fe1  TA0_0_IRQHandler                           
000020a9  __aeabi_memcpy                             
000020a9  __aeabi_memcpy4                            
000020a9  __aeabi_memcpy8                            
000020a9  memcpy                                     
00002145  main                                       
000021dd  SPI_initMaster                             
00002265  __aeabi_cdcmpeq                            
00002265  __aeabi_cdcmple                            
000022eb  __aeabi_cdrcmple                           
00002371  Crystalfontz128x128_SetDrawFrame           
000023f5  __aeabi_memclr                             
000023f5  __aeabi_memclr4                            
000023f5  __aeabi_memclr8                            
000023f7  __aeabi_memset                             
000023f7  __aeabi_memset4                            
000023f7  __aeabi_memset8                            
000023fd  memset                                     
0000246f  __mpu_init                                 
00002471  init_button                                
000024e1  __TI_auto_init                             
00002551  Graphics_getStringWidth                    
000025b9  SystemInit                                 
00002621  __TI_decompress_lzss                       
00002689  frexp                                      
00002689  frexpl                                     
000026ed  sprintf                                    
000027a3  ltoa                                       
000027f9  _c_int00                                   
0000284d  C$$EXIT                                    
00002851  abort                                      
00002859  exit                                       
000028a1  GPIO_setAsPeripheralModuleFunctionOutputPin
000028ed  init_display                               
00002939  atoi                                       
00002985  copy_in                                    
000029d1  Graphics_drawLineH                         
00002a1b  __aeabi_d2iz                               
00002a63  _system_post_cinit                         
00002a65  HAL_LCD_SpiInit                            
00002b57  Graphics_drawStringCentered                
00002b91  PORT3_IRQHandler                           
00002b91  PORT3_IRQHandler                           
00002bc9  Crystalfontz128x128_SetOrientation         
00002bfd  init_timer                                 
00002c31  HAL_LCD_PortInit                           
00002c91  __aeabi_i2d                                
00002cc1  HAL_LCD_writeCommand                       
00002d15  Graphics_drawMultiplePixelsOnDisplay       
00002d3d  GPIO_setAsOutputPin                        
00002d61  PORT5_IRQHandler                           
00002d61  PORT5_IRQHandler                           
00002d85  Graphics_initContext                       
00002dc7  memccpy                                    
00002dfd  SPI_enableModule                           
00002e19  GPIO_setOutputLowOnPin                     
00002e31  HAL_LCD_writeData                          
00002e49  mapports                                   
00002e61  _args_main                                 
00002e8f  Graphics_drawHorizontalLineOnDisplay       
00002ea5  strchr                                     
00002ebd  GPIO_setOutputHighOnPin                    
00002ed1  _register_unlock                           
00002ed7  _register_lock                             
00002edf  _nop                                       
00002ee5  copysign                                   
00002ee5  copysignl                                  
00002ef9  strlen                                     
00002f0d  Graphics_drawPixelOnDisplay                
00002f1b  Graphics_setBackgroundColor                
00002f29  Graphics_setForegroundColor                
00002f37  __TI_decompress_none                       
00002f45  EUSCI_A_SPI_enable                         
00002f51  EUSCI_B_SPI_enable                         
00002f5d  Reset_Handler                              
00002f69  __TI_zero_init                             
00002f75  Graphics_clearDisplay                      
00002f7f  Graphics_clearDisplayOnDisplay             
00002f89  Graphics_translateColorOnDisplay           
00002f93  Graphics_setFont                           
00002f97  _system_pre_init                           
000038d4  _ctypes_                                   
000039d8  g_sFontFixed6x8                            
00003b20  g_sCrystalfontz128x128_funcs               
00003b5c  color24BPP_UNCOMP                          
00003b6c  color4BPP_UNCOMP                           
00003bc4  __TI_Handler_Table_Base                    
00003bd0  __TI_Handler_Table_Limit                   
00003bd8  __TI_CINIT_Base                            
00003be8  __TI_CINIT_Limit                           
20000400  g_sContext                                 
2000041c  Lcd_ScreenHeigth                           
2000041e  Lcd_ScreenWidth                            
20000420  Lcd_TouchTrim                              
20000422  Lcd_FlagRead                               
20000423  Lcd_FontSolid                              
20000424  Lcd_Orientation                            
20000425  Lcd_PenSolid                               
20000458  g_sCrystalfontz128x128                     
20000468  __TI_cleanup_ptr                           
2000046c  __TI_dtors_ptr                             
20000470  __TI_enable_exit_profile_output            
20000474  _lock                                      
20000478  _unlock                                    
2000047c  state                                      
20000480  health                                     
20000484  errno                                      
20000488  main_func_sp                               
2000f800  __stack                                    
20010000  __STACK_END                                
4000480c  WDTCTL_SYM                                 
ffffffff  __TI_pprof_out_hndl                        
ffffffff  __TI_prof_data_size                        
ffffffff  __TI_prof_data_start                       
ffffffff  __binit__                                  
ffffffff  __c_args__                                 
ffffffff  binit                                      
UNDEFED   SHT$$INIT_ARRAY$$Base                      
UNDEFED   SHT$$INIT_ARRAY$$Limit                     

[184 symbols]
