<?xml version="1.0"?>
<link_info>
   <banner>TI ARM Linker Unix v16.9.0.LTS</banner>
   <copyright>Copyright (c) 1996-2015 Texas Instruments Incorporated</copyright>
   <link_time>0x59045078</link_time>
   <link_errors>0x0</link_errors>
   <output_file>HW4.out</output_file>
   <entry_point>
      <name>_c_int00</name>
      <address>0x27f9</address>
   </entry_point>
   <input_file_list>
      <input_file id="fl-2">
         <path>./</path>
         <kind>object</kind>
         <file>4bit.obj</file>
         <name>4bit.obj</name>
      </input_file>
      <input_file id="fl-3">
         <path>./</path>
         <kind>object</kind>
         <file>color.obj</file>
         <name>color.obj</name>
      </input_file>
      <input_file id="fl-4">
         <path>./</path>
         <kind>object</kind>
         <file>color2.obj</file>
         <name>color2.obj</name>
      </input_file>
      <input_file id="fl-5">
         <path>./</path>
         <kind>object</kind>
         <file>happy1.obj</file>
         <name>happy1.obj</name>
      </input_file>
      <input_file id="fl-6">
         <path>./</path>
         <kind>object</kind>
         <file>main.obj</file>
         <name>main.obj</name>
      </input_file>
      <input_file id="fl-7">
         <path>./</path>
         <kind>object</kind>
         <file>normal1.obj</file>
         <name>normal1.obj</name>
      </input_file>
      <input_file id="fl-8">
         <path>./</path>
         <kind>object</kind>
         <file>system_msp432p401r.obj</file>
         <name>system_msp432p401r.obj</name>
      </input_file>
      <input_file id="fl-9">
         <path>./LcdDriver/</path>
         <kind>object</kind>
         <file>Crystalfontz128x128_ST7735.obj</file>
         <name>Crystalfontz128x128_ST7735.obj</name>
      </input_file>
      <input_file id="fl-a">
         <path>./LcdDriver/</path>
         <kind>object</kind>
         <file>HAL_MSP_EXP432P401R_Crystalfontz128x128_ST7735.obj</file>
         <name>HAL_MSP_EXP432P401R_Crystalfontz128x128_ST7735.obj</name>
      </input_file>
      <input_file id="fl-b">
         <path>./ccs/</path>
         <kind>object</kind>
         <file>startup_msp432p401r_ccs.obj</file>
         <name>startup_msp432p401r_ccs.obj</name>
      </input_file>
      <input_file id="fl-c">
         <path>./fonts/</path>
         <kind>object</kind>
         <file>fontfixed6x8.obj</file>
         <name>fontfixed6x8.obj</name>
      </input_file>
      <input_file id="fl-13">
         <path>/Users/jadedh/ti/tirex-content/simplelink_msp432_sdk_1_20_00_45/source/ti/grlib/ccs/</path>
         <kind>archive</kind>
         <file>grlib.lib</file>
         <name>context.o</name>
      </input_file>
      <input_file id="fl-14">
         <path>/Users/jadedh/ti/tirex-content/simplelink_msp432_sdk_1_20_00_45/source/ti/grlib/ccs/</path>
         <kind>archive</kind>
         <file>grlib.lib</file>
         <name>display.o</name>
      </input_file>
      <input_file id="fl-15">
         <path>/Users/jadedh/ti/tirex-content/simplelink_msp432_sdk_1_20_00_45/source/ti/grlib/ccs/</path>
         <kind>archive</kind>
         <file>grlib.lib</file>
         <name>image.o</name>
      </input_file>
      <input_file id="fl-16">
         <path>/Users/jadedh/ti/tirex-content/simplelink_msp432_sdk_1_20_00_45/source/ti/grlib/ccs/</path>
         <kind>archive</kind>
         <file>grlib.lib</file>
         <name>string.o</name>
      </input_file>
      <input_file id="fl-17">
         <path>/Users/jadedh/ti/tirex-content/simplelink_msp432_sdk_1_20_00_45/source/ti/grlib/ccs/</path>
         <kind>archive</kind>
         <file>grlib.lib</file>
         <name>line.o</name>
      </input_file>
      <input_file id="fl-18">
         <path>/Users/jadedh/ti/tirex-content/simplelink_msp432_sdk_1_20_00_45/source/ti/devices/msp432p4xx/driverlib/ccs/</path>
         <kind>archive</kind>
         <file>msp432p4xx_driverlib.lib</file>
         <name>gpio.o</name>
      </input_file>
      <input_file id="fl-19">
         <path>/Users/jadedh/ti/tirex-content/simplelink_msp432_sdk_1_20_00_45/source/ti/devices/msp432p4xx/driverlib/ccs/</path>
         <kind>archive</kind>
         <file>msp432p4xx_driverlib.lib</file>
         <name>interrupt.o</name>
      </input_file>
      <input_file id="fl-1a">
         <path>/Users/jadedh/ti/tirex-content/simplelink_msp432_sdk_1_20_00_45/source/ti/devices/msp432p4xx/driverlib/ccs/</path>
         <kind>archive</kind>
         <file>msp432p4xx_driverlib.lib</file>
         <name>spi.o</name>
      </input_file>
      <input_file id="fl-1b">
         <path>/Users/jadedh/ti/tirex-content/simplelink_msp432_sdk_1_20_00_45/source/ti/devices/msp432p4xx/driverlib/ccs/</path>
         <kind>archive</kind>
         <file>msp432p4xx_driverlib.lib</file>
         <name>cpu.o</name>
      </input_file>
      <input_file id="fl-d1">
         <path>/Applications/ti/ccsv7/tools/compiler/ti-cgt-arm_16.9.0.LTS/lib/</path>
         <kind>archive</kind>
         <file>rtsv7M4_T_le_v4SPD16_eabi.lib</file>
         <name>boot.obj</name>
      </input_file>
      <input_file id="fl-d2">
         <path>/Applications/ti/ccsv7/tools/compiler/ti-cgt-arm_16.9.0.LTS/lib/</path>
         <kind>archive</kind>
         <file>rtsv7M4_T_le_v4SPD16_eabi.lib</file>
         <name>copy_decompress_lzss.obj</name>
      </input_file>
      <input_file id="fl-d3">
         <path>/Applications/ti/ccsv7/tools/compiler/ti-cgt-arm_16.9.0.LTS/lib/</path>
         <kind>archive</kind>
         <file>rtsv7M4_T_le_v4SPD16_eabi.lib</file>
         <name>copy_decompress_none.obj</name>
      </input_file>
      <input_file id="fl-d4">
         <path>/Applications/ti/ccsv7/tools/compiler/ti-cgt-arm_16.9.0.LTS/lib/</path>
         <kind>archive</kind>
         <file>rtsv7M4_T_le_v4SPD16_eabi.lib</file>
         <name>copy_zero_init.obj</name>
      </input_file>
      <input_file id="fl-d5">
         <path>/Applications/ti/ccsv7/tools/compiler/ti-cgt-arm_16.9.0.LTS/lib/</path>
         <kind>archive</kind>
         <file>rtsv7M4_T_le_v4SPD16_eabi.lib</file>
         <name>exit.obj</name>
      </input_file>
      <input_file id="fl-d6">
         <path>/Applications/ti/ccsv7/tools/compiler/ti-cgt-arm_16.9.0.LTS/lib/</path>
         <kind>archive</kind>
         <file>rtsv7M4_T_le_v4SPD16_eabi.lib</file>
         <name>memcpy_t2.obj</name>
      </input_file>
      <input_file id="fl-d7">
         <path>/Applications/ti/ccsv7/tools/compiler/ti-cgt-arm_16.9.0.LTS/lib/</path>
         <kind>archive</kind>
         <file>rtsv7M4_T_le_v4SPD16_eabi.lib</file>
         <name>memset_t2.obj</name>
      </input_file>
      <input_file id="fl-d8">
         <path>/Applications/ti/ccsv7/tools/compiler/ti-cgt-arm_16.9.0.LTS/lib/</path>
         <kind>archive</kind>
         <file>rtsv7M4_T_le_v4SPD16_eabi.lib</file>
         <name>mpu_init.obj</name>
      </input_file>
      <input_file id="fl-d9">
         <path>/Applications/ti/ccsv7/tools/compiler/ti-cgt-arm_16.9.0.LTS/lib/</path>
         <kind>archive</kind>
         <file>rtsv7M4_T_le_v4SPD16_eabi.lib</file>
         <name>pre_init.obj</name>
      </input_file>
      <input_file id="fl-da">
         <path>/Applications/ti/ccsv7/tools/compiler/ti-cgt-arm_16.9.0.LTS/lib/</path>
         <kind>archive</kind>
         <file>rtsv7M4_T_le_v4SPD16_eabi.lib</file>
         <name>sprintf.obj</name>
      </input_file>
      <input_file id="fl-db">
         <path>/Applications/ti/ccsv7/tools/compiler/ti-cgt-arm_16.9.0.LTS/lib/</path>
         <kind>archive</kind>
         <file>rtsv7M4_T_le_v4SPD16_eabi.lib</file>
         <name>stkdepth_vars.obj</name>
      </input_file>
      <input_file id="fl-dc">
         <path>/Applications/ti/ccsv7/tools/compiler/ti-cgt-arm_16.9.0.LTS/lib/</path>
         <kind>archive</kind>
         <file>rtsv7M4_T_le_v4SPD16_eabi.lib</file>
         <name>_lock.obj</name>
      </input_file>
      <input_file id="fl-dd">
         <path>/Applications/ti/ccsv7/tools/compiler/ti-cgt-arm_16.9.0.LTS/lib/</path>
         <kind>archive</kind>
         <file>rtsv7M4_T_le_v4SPD16_eabi.lib</file>
         <name>_printfi.obj</name>
      </input_file>
      <input_file id="fl-de">
         <path>/Applications/ti/ccsv7/tools/compiler/ti-cgt-arm_16.9.0.LTS/lib/</path>
         <kind>archive</kind>
         <file>rtsv7M4_T_le_v4SPD16_eabi.lib</file>
         <name>args_main.obj</name>
      </input_file>
      <input_file id="fl-df">
         <path>/Applications/ti/ccsv7/tools/compiler/ti-cgt-arm_16.9.0.LTS/lib/</path>
         <kind>archive</kind>
         <file>rtsv7M4_T_le_v4SPD16_eabi.lib</file>
         <name>atoi.obj</name>
      </input_file>
      <input_file id="fl-e0">
         <path>/Applications/ti/ccsv7/tools/compiler/ti-cgt-arm_16.9.0.LTS/lib/</path>
         <kind>archive</kind>
         <file>rtsv7M4_T_le_v4SPD16_eabi.lib</file>
         <name>autoinit.obj</name>
      </input_file>
      <input_file id="fl-e1">
         <path>/Applications/ti/ccsv7/tools/compiler/ti-cgt-arm_16.9.0.LTS/lib/</path>
         <kind>archive</kind>
         <file>rtsv7M4_T_le_v4SPD16_eabi.lib</file>
         <name>cpy_tbl.obj</name>
      </input_file>
      <input_file id="fl-e2">
         <path>/Applications/ti/ccsv7/tools/compiler/ti-cgt-arm_16.9.0.LTS/lib/</path>
         <kind>archive</kind>
         <file>rtsv7M4_T_le_v4SPD16_eabi.lib</file>
         <name>ctype.obj</name>
      </input_file>
      <input_file id="fl-e3">
         <path>/Applications/ti/ccsv7/tools/compiler/ti-cgt-arm_16.9.0.LTS/lib/</path>
         <kind>archive</kind>
         <file>rtsv7M4_T_le_v4SPD16_eabi.lib</file>
         <name>fd_add_t2.obj</name>
      </input_file>
      <input_file id="fl-e4">
         <path>/Applications/ti/ccsv7/tools/compiler/ti-cgt-arm_16.9.0.LTS/lib/</path>
         <kind>archive</kind>
         <file>rtsv7M4_T_le_v4SPD16_eabi.lib</file>
         <name>fd_cmp_t2.obj</name>
      </input_file>
      <input_file id="fl-e5">
         <path>/Applications/ti/ccsv7/tools/compiler/ti-cgt-arm_16.9.0.LTS/lib/</path>
         <kind>archive</kind>
         <file>rtsv7M4_T_le_v4SPD16_eabi.lib</file>
         <name>fd_div_t2.obj</name>
      </input_file>
      <input_file id="fl-e6">
         <path>/Applications/ti/ccsv7/tools/compiler/ti-cgt-arm_16.9.0.LTS/lib/</path>
         <kind>archive</kind>
         <file>rtsv7M4_T_le_v4SPD16_eabi.lib</file>
         <name>fd_mul_t2.obj</name>
      </input_file>
      <input_file id="fl-e7">
         <path>/Applications/ti/ccsv7/tools/compiler/ti-cgt-arm_16.9.0.LTS/lib/</path>
         <kind>archive</kind>
         <file>rtsv7M4_T_le_v4SPD16_eabi.lib</file>
         <name>fd_toi_t2.obj</name>
      </input_file>
      <input_file id="fl-e8">
         <path>/Applications/ti/ccsv7/tools/compiler/ti-cgt-arm_16.9.0.LTS/lib/</path>
         <kind>archive</kind>
         <file>rtsv7M4_T_le_v4SPD16_eabi.lib</file>
         <name>i_tofd_t2.obj</name>
      </input_file>
      <input_file id="fl-e9">
         <path>/Applications/ti/ccsv7/tools/compiler/ti-cgt-arm_16.9.0.LTS/lib/</path>
         <kind>archive</kind>
         <file>rtsv7M4_T_le_v4SPD16_eabi.lib</file>
         <name>ltoa.obj</name>
      </input_file>
      <input_file id="fl-ea">
         <path>/Applications/ti/ccsv7/tools/compiler/ti-cgt-arm_16.9.0.LTS/lib/</path>
         <kind>archive</kind>
         <file>rtsv7M4_T_le_v4SPD16_eabi.lib</file>
         <name>memccpy.obj</name>
      </input_file>
      <input_file id="fl-eb">
         <path>/Applications/ti/ccsv7/tools/compiler/ti-cgt-arm_16.9.0.LTS/lib/</path>
         <kind>archive</kind>
         <file>rtsv7M4_T_le_v4SPD16_eabi.lib</file>
         <name>s_frexp.obj</name>
      </input_file>
      <input_file id="fl-ec">
         <path>/Applications/ti/ccsv7/tools/compiler/ti-cgt-arm_16.9.0.LTS/lib/</path>
         <kind>archive</kind>
         <file>rtsv7M4_T_le_v4SPD16_eabi.lib</file>
         <name>s_scalbn.obj</name>
      </input_file>
      <input_file id="fl-ed">
         <path>/Applications/ti/ccsv7/tools/compiler/ti-cgt-arm_16.9.0.LTS/lib/</path>
         <kind>archive</kind>
         <file>rtsv7M4_T_le_v4SPD16_eabi.lib</file>
         <name>startup.obj</name>
      </input_file>
      <input_file id="fl-ee">
         <path>/Applications/ti/ccsv7/tools/compiler/ti-cgt-arm_16.9.0.LTS/lib/</path>
         <kind>archive</kind>
         <file>rtsv7M4_T_le_v4SPD16_eabi.lib</file>
         <name>strchr.obj</name>
      </input_file>
      <input_file id="fl-ef">
         <path>/Applications/ti/ccsv7/tools/compiler/ti-cgt-arm_16.9.0.LTS/lib/</path>
         <kind>archive</kind>
         <file>rtsv7M4_T_le_v4SPD16_eabi.lib</file>
         <name>strlen.obj</name>
      </input_file>
      <input_file id="fl-f0">
         <path>/Applications/ti/ccsv7/tools/compiler/ti-cgt-arm_16.9.0.LTS/lib/</path>
         <kind>archive</kind>
         <file>rtsv7M4_T_le_v4SPD16_eabi.lib</file>
         <name>ull_div_t2.obj</name>
      </input_file>
      <input_file id="fl-f1">
         <path>/Applications/ti/ccsv7/tools/compiler/ti-cgt-arm_16.9.0.LTS/lib/</path>
         <kind>archive</kind>
         <file>rtsv7M4_T_le_v4SPD16_eabi.lib</file>
         <name>errno.obj</name>
      </input_file>
      <input_file id="fl-f2">
         <path>/Applications/ti/ccsv7/tools/compiler/ti-cgt-arm_16.9.0.LTS/lib/</path>
         <kind>archive</kind>
         <file>rtsv7M4_T_le_v4SPD16_eabi.lib</file>
         <name>s_copysign.obj</name>
      </input_file>
   </input_file_list>
   <object_component_list>
      <object_component id="oc-2c">
         <name>.intvecs:retain</name>
         <load_address>0x0</load_address>
         <run_address>0x0</run_address>
         <size>0xe4</size>
         <input_file_ref idref="fl-b"/>
      </object_component>
      <object_component id="oc-140">
         <name>.text</name>
         <load_address>0xe4</load_address>
         <run_address>0xe4</run_address>
         <size>0x113a</size>
         <input_file_ref idref="fl-dd"/>
      </object_component>
      <object_component id="oc-123">
         <name>.text:Graphics_drawString</name>
         <load_address>0x121e</load_address>
         <run_address>0x121e</run_address>
         <size>0x2d0</size>
         <input_file_ref idref="fl-16"/>
      </object_component>
      <object_component id="oc-e3">
         <name>.text:Graphics_drawImage</name>
         <load_address>0x14ee</load_address>
         <run_address>0x14ee</run_address>
         <size>0x200</size>
         <input_file_ref idref="fl-15"/>
      </object_component>
      <object_component id="oc-1f0">
         <name>.text</name>
         <load_address>0x16ee</load_address>
         <run_address>0x16ee</run_address>
         <size>0x1f4</size>
         <input_file_ref idref="fl-f0"/>
      </object_component>
      <object_component id="oc-21f">
         <name>.text</name>
         <load_address>0x18e2</load_address>
         <run_address>0x18e2</run_address>
         <size>0x1b6</size>
         <input_file_ref idref="fl-e3"/>
      </object_component>
      <object_component id="oc-205">
         <name>.text</name>
         <load_address>0x1a98</load_address>
         <run_address>0x1a98</run_address>
         <size>0x136</size>
         <input_file_ref idref="fl-e5"/>
      </object_component>
      <object_component id="oc-2db">
         <name>.text:Crystalfontz128x128_Flush</name>
         <load_address>0x1bce</load_address>
         <run_address>0x1bce</run_address>
         <size>0x2</size>
         <input_file_ref idref="fl-9"/>
      </object_component>
      <object_component id="oc-1a7">
         <name>.text:Crystalfontz128x128_Init</name>
         <load_address>0x1bd0</load_address>
         <run_address>0x1bd0</run_address>
         <size>0x110</size>
         <input_file_ref idref="fl-9"/>
      </object_component>
      <object_component id="oc-2bd">
         <name>.text:Crystalfontz128x128_PixelDrawMultiple</name>
         <load_address>0x1ce0</load_address>
         <run_address>0x1ce0</run_address>
         <size>0x106</size>
         <input_file_ref idref="fl-9"/>
      </object_component>
      <object_component id="oc-200">
         <name>.text</name>
         <load_address>0x1de6</load_address>
         <run_address>0x1de6</run_address>
         <size>0xfc</size>
         <input_file_ref idref="fl-e6"/>
      </object_component>
      <object_component id="oc-7b">
         <name>.text:Default_Handler</name>
         <load_address>0x1ee2</load_address>
         <run_address>0x1ee2</run_address>
         <size>0x2</size>
         <input_file_ref idref="fl-b"/>
      </object_component>
      <object_component id="oc-22a">
         <name>.text</name>
         <load_address>0x1ee4</load_address>
         <run_address>0x1ee4</run_address>
         <size>0xfc</size>
         <input_file_ref idref="fl-ec"/>
      </object_component>
      <object_component id="oc-81">
         <name>.text:TA0_0_IRQHandler</name>
         <load_address>0x1fe0</load_address>
         <run_address>0x1fe0</run_address>
         <size>0xc8</size>
         <input_file_ref idref="fl-6"/>
      </object_component>
      <object_component id="oc-3b">
         <name>.text</name>
         <load_address>0x20a8</load_address>
         <run_address>0x20a8</run_address>
         <size>0x9c</size>
         <input_file_ref idref="fl-d6"/>
      </object_component>
      <object_component id="oc-bc">
         <name>.text:main</name>
         <load_address>0x2144</load_address>
         <run_address>0x2144</run_address>
         <size>0x98</size>
         <input_file_ref idref="fl-6"/>
      </object_component>
      <object_component id="oc-33a">
         <name>.text:SPI_initMaster</name>
         <load_address>0x21dc</load_address>
         <run_address>0x21dc</run_address>
         <size>0x88</size>
         <input_file_ref idref="fl-1a"/>
      </object_component>
      <object_component id="oc-1fb">
         <name>.text:__aeabi_cdcmple</name>
         <load_address>0x2264</load_address>
         <run_address>0x2264</run_address>
         <size>0x86</size>
         <input_file_ref idref="fl-e4"/>
      </object_component>
      <object_component id="oc-20a">
         <name>.text:__aeabi_cdrcmple</name>
         <load_address>0x22ea</load_address>
         <run_address>0x22ea</run_address>
         <size>0x86</size>
         <input_file_ref idref="fl-e4"/>
      </object_component>
      <object_component id="oc-298">
         <name>.text:Crystalfontz128x128_SetDrawFrame</name>
         <load_address>0x2370</load_address>
         <run_address>0x2370</run_address>
         <size>0x84</size>
         <input_file_ref idref="fl-9"/>
      </object_component>
      <object_component id="oc-47">
         <name>.text</name>
         <load_address>0x23f4</load_address>
         <run_address>0x23f4</run_address>
         <size>0x7a</size>
         <input_file_ref idref="fl-d7"/>
      </object_component>
      <object_component id="oc-53">
         <name>.text</name>
         <load_address>0x246e</load_address>
         <run_address>0x246e</run_address>
         <size>0x2</size>
         <input_file_ref idref="fl-d8"/>
      </object_component>
      <object_component id="oc-117">
         <name>.text:init_button</name>
         <load_address>0x2470</load_address>
         <run_address>0x2470</run_address>
         <size>0x70</size>
         <input_file_ref idref="fl-6"/>
      </object_component>
      <object_component id="oc-5f">
         <name>.text</name>
         <load_address>0x24e0</load_address>
         <run_address>0x24e0</run_address>
         <size>0x70</size>
         <input_file_ref idref="fl-e0"/>
      </object_component>
      <object_component id="oc-14d">
         <name>.text:Graphics_getStringWidth</name>
         <load_address>0x2550</load_address>
         <run_address>0x2550</run_address>
         <size>0x68</size>
         <input_file_ref idref="fl-16"/>
      </object_component>
      <object_component id="oc-cf">
         <name>.text:SystemInit</name>
         <load_address>0x25b8</load_address>
         <run_address>0x25b8</run_address>
         <size>0x68</size>
         <input_file_ref idref="fl-8"/>
      </object_component>
      <object_component id="oc-14">
         <name>.text:decompress:lzss</name>
         <load_address>0x2620</load_address>
         <run_address>0x2620</run_address>
         <size>0x68</size>
         <input_file_ref idref="fl-d2"/>
      </object_component>
      <object_component id="oc-224">
         <name>.text</name>
         <load_address>0x2688</load_address>
         <run_address>0x2688</run_address>
         <size>0x64</size>
         <input_file_ref idref="fl-eb"/>
      </object_component>
      <object_component id="oc-d7">
         <name>.text</name>
         <load_address>0x26ec</load_address>
         <run_address>0x26ec</run_address>
         <size>0x60</size>
         <input_file_ref idref="fl-da"/>
      </object_component>
      <object_component id="oc-2cf">
         <name>.text:Crystalfontz128x128_RectFill</name>
         <load_address>0x274c</load_address>
         <run_address>0x274c</run_address>
         <size>0x56</size>
         <input_file_ref idref="fl-9"/>
      </object_component>
      <object_component id="oc-214">
         <name>.text</name>
         <load_address>0x27a2</load_address>
         <run_address>0x27a2</run_address>
         <size>0x56</size>
         <input_file_ref idref="fl-e9"/>
      </object_component>
      <object_component id="oc-26">
         <name>.text</name>
         <load_address>0x27f8</load_address>
         <run_address>0x27f8</run_address>
         <size>0x54</size>
         <input_file_ref idref="fl-d1"/>
      </object_component>
      <object_component id="oc-6b">
         <name>.text</name>
         <load_address>0x284c</load_address>
         <run_address>0x284c</run_address>
         <size>0x54</size>
         <input_file_ref idref="fl-d5"/>
      </object_component>
      <object_component id="oc-32d">
         <name>.text:GPIO_setAsPeripheralModuleFunctionOutputPin</name>
         <load_address>0x28a0</load_address>
         <run_address>0x28a0</run_address>
         <size>0x4c</size>
         <input_file_ref idref="fl-18"/>
      </object_component>
      <object_component id="oc-11d">
         <name>.text:init_display</name>
         <load_address>0x28ec</load_address>
         <run_address>0x28ec</run_address>
         <size>0x4c</size>
         <input_file_ref idref="fl-6"/>
      </object_component>
      <object_component id="oc-236">
         <name>.text</name>
         <load_address>0x2938</load_address>
         <run_address>0x2938</run_address>
         <size>0x4c</size>
         <input_file_ref idref="fl-df"/>
      </object_component>
      <object_component id="oc-ae">
         <name>.text</name>
         <load_address>0x2984</load_address>
         <run_address>0x2984</run_address>
         <size>0x4c</size>
         <input_file_ref idref="fl-e1"/>
      </object_component>
      <object_component id="oc-1e1">
         <name>.text:Graphics_drawLineH</name>
         <load_address>0x29d0</load_address>
         <run_address>0x29d0</run_address>
         <size>0x4a</size>
         <input_file_ref idref="fl-17"/>
      </object_component>
      <object_component id="oc-20f">
         <name>.text</name>
         <load_address>0x2a1a</load_address>
         <run_address>0x2a1a</run_address>
         <size>0x48</size>
         <input_file_ref idref="fl-e7"/>
      </object_component>
      <object_component id="oc-b4">
         <name>.text</name>
         <load_address>0x2a62</load_address>
         <run_address>0x2a62</run_address>
         <size>0x2</size>
         <input_file_ref idref="fl-ed"/>
      </object_component>
      <object_component id="oc-27a">
         <name>.text:HAL_LCD_SpiInit</name>
         <load_address>0x2a64</load_address>
         <run_address>0x2a64</run_address>
         <size>0x40</size>
         <input_file_ref idref="fl-a"/>
      </object_component>
      <object_component id="oc-2c9">
         <name>.text:Crystalfontz128x128_LineDrawV</name>
         <load_address>0x2aa4</load_address>
         <run_address>0x2aa4</run_address>
         <size>0x3c</size>
         <input_file_ref idref="fl-9"/>
      </object_component>
      <object_component id="oc-15f">
         <name>.text:Graphics_convertPalette</name>
         <load_address>0x2ae0</load_address>
         <run_address>0x2ae0</run_address>
         <size>0x3c</size>
         <input_file_ref idref="fl-15"/>
      </object_component>
      <object_component id="oc-2c3">
         <name>.text:Crystalfontz128x128_LineDrawH</name>
         <load_address>0x2b1c</load_address>
         <run_address>0x2b1c</run_address>
         <size>0x3a</size>
         <input_file_ref idref="fl-9"/>
      </object_component>
      <object_component id="oc-dd">
         <name>.text:Graphics_drawStringCentered</name>
         <load_address>0x2b56</load_address>
         <run_address>0x2b56</run_address>
         <size>0x38</size>
         <input_file_ref idref="fl-16"/>
      </object_component>
      <object_component id="oc-87">
         <name>.text:PORT3_IRQHandler</name>
         <load_address>0x2b90</load_address>
         <run_address>0x2b90</run_address>
         <size>0x38</size>
         <input_file_ref idref="fl-6"/>
      </object_component>
      <object_component id="oc-1ad">
         <name>.text:Crystalfontz128x128_SetOrientation</name>
         <load_address>0x2bc8</load_address>
         <run_address>0x2bc8</run_address>
         <size>0x34</size>
         <input_file_ref idref="fl-9"/>
      </object_component>
      <object_component id="oc-111">
         <name>.text:init_timer</name>
         <load_address>0x2bfc</load_address>
         <run_address>0x2bfc</run_address>
         <size>0x34</size>
         <input_file_ref idref="fl-6"/>
      </object_component>
      <object_component id="oc-274">
         <name>.text:HAL_LCD_PortInit</name>
         <load_address>0x2c30</load_address>
         <run_address>0x2c30</run_address>
         <size>0x30</size>
         <input_file_ref idref="fl-a"/>
      </object_component>
      <object_component id="oc-388">
         <name>.text:is_A_Module</name>
         <load_address>0x2c60</load_address>
         <run_address>0x2c60</run_address>
         <size>0x30</size>
         <input_file_ref idref="fl-1a"/>
      </object_component>
      <object_component id="oc-21a">
         <name>.text</name>
         <load_address>0x2c90</load_address>
         <run_address>0x2c90</run_address>
         <size>0x2e</size>
         <input_file_ref idref="fl-e8"/>
      </object_component>
      <object_component id="oc-28c">
         <name>.text:HAL_LCD_writeCommand</name>
         <load_address>0x2cc0</load_address>
         <run_address>0x2cc0</run_address>
         <size>0x2c</size>
         <input_file_ref idref="fl-a"/>
      </object_component>
      <object_component id="oc-2b7">
         <name>.text:Crystalfontz128x128_PixelDraw</name>
         <load_address>0x2cec</load_address>
         <run_address>0x2cec</run_address>
         <size>0x28</size>
         <input_file_ref idref="fl-9"/>
      </object_component>
      <object_component id="oc-165">
         <name>.text:Graphics_drawMultiplePixelsOnDisplay</name>
         <load_address>0x2d14</load_address>
         <run_address>0x2d14</run_address>
         <size>0x28</size>
         <input_file_ref idref="fl-14"/>
      </object_component>
      <object_component id="oc-333">
         <name>.text:GPIO_setAsOutputPin</name>
         <load_address>0x2d3c</load_address>
         <run_address>0x2d3c</run_address>
         <size>0x24</size>
         <input_file_ref idref="fl-18"/>
      </object_component>
      <object_component id="oc-8d">
         <name>.text:PORT5_IRQHandler</name>
         <load_address>0x2d60</load_address>
         <run_address>0x2d60</run_address>
         <size>0x24</size>
         <input_file_ref idref="fl-6"/>
      </object_component>
      <object_component id="oc-1b3">
         <name>.text:Graphics_initContext</name>
         <load_address>0x2d84</load_address>
         <run_address>0x2d84</run_address>
         <size>0x22</size>
         <input_file_ref idref="fl-13"/>
      </object_component>
      <object_component id="oc-2e1">
         <name>.text:Crystalfontz128x128_ClearScreen</name>
         <load_address>0x2da6</load_address>
         <run_address>0x2da6</run_address>
         <size>0x20</size>
         <input_file_ref idref="fl-9"/>
      </object_component>
      <object_component id="oc-23c">
         <name>.text</name>
         <load_address>0x2dc6</load_address>
         <run_address>0x2dc6</run_address>
         <size>0x1c</size>
         <input_file_ref idref="fl-ea"/>
      </object_component>
      <object_component id="oc-1db">
         <name>.text:Graphics_getNumberOfLeadingZeros</name>
         <load_address>0x2de2</load_address>
         <run_address>0x2de2</run_address>
         <size>0x1a</size>
         <input_file_ref idref="fl-16"/>
      </object_component>
      <object_component id="oc-340">
         <name>.text:SPI_enableModule</name>
         <load_address>0x2dfc</load_address>
         <run_address>0x2dfc</run_address>
         <size>0x1a</size>
         <input_file_ref idref="fl-1a"/>
      </object_component>
      <object_component id="oc-280">
         <name>.text:GPIO_setOutputLowOnPin</name>
         <load_address>0x2e18</load_address>
         <run_address>0x2e18</run_address>
         <size>0x18</size>
         <input_file_ref idref="fl-18"/>
      </object_component>
      <object_component id="oc-292">
         <name>.text:HAL_LCD_writeData</name>
         <load_address>0x2e30</load_address>
         <run_address>0x2e30</run_address>
         <size>0x18</size>
         <input_file_ref idref="fl-a"/>
      </object_component>
      <object_component id="oc-10b">
         <name>.text:mapports</name>
         <load_address>0x2e48</load_address>
         <run_address>0x2e48</run_address>
         <size>0x18</size>
         <input_file_ref idref="fl-6"/>
      </object_component>
      <object_component id="oc-65">
         <name>.text</name>
         <load_address>0x2e60</load_address>
         <run_address>0x2e60</run_address>
         <size>0x18</size>
         <input_file_ref idref="fl-de"/>
      </object_component>
      <object_component id="oc-2d5">
         <name>.text:Crystalfontz128x128_ColorTranslate</name>
         <load_address>0x2e78</load_address>
         <run_address>0x2e78</run_address>
         <size>0x16</size>
         <input_file_ref idref="fl-9"/>
      </object_component>
      <object_component id="oc-2f0">
         <name>.text:Graphics_drawHorizontalLineOnDisplay</name>
         <load_address>0x2e8e</load_address>
         <run_address>0x2e8e</run_address>
         <size>0x16</size>
         <input_file_ref idref="fl-14"/>
      </object_component>
      <object_component id="oc-230">
         <name>.text</name>
         <load_address>0x2ea4</load_address>
         <run_address>0x2ea4</run_address>
         <size>0x16</size>
         <input_file_ref idref="fl-ee"/>
      </object_component>
      <object_component id="oc-286">
         <name>.text:GPIO_setOutputHighOnPin</name>
         <load_address>0x2ebc</load_address>
         <run_address>0x2ebc</run_address>
         <size>0x14</size>
         <input_file_ref idref="fl-18"/>
      </object_component>
      <object_component id="oc-133">
         <name>.text</name>
         <load_address>0x2ed0</load_address>
         <run_address>0x2ed0</run_address>
         <size>0x14</size>
         <input_file_ref idref="fl-dc"/>
      </object_component>
      <object_component id="oc-30b">
         <name>.text</name>
         <load_address>0x2ee4</load_address>
         <run_address>0x2ee4</run_address>
         <size>0x14</size>
         <input_file_ref idref="fl-f2"/>
      </object_component>
      <object_component id="oc-1f5">
         <name>.text</name>
         <load_address>0x2ef8</load_address>
         <run_address>0x2ef8</run_address>
         <size>0x14</size>
         <input_file_ref idref="fl-ef"/>
      </object_component>
      <object_component id="oc-16b">
         <name>.text:Graphics_drawPixelOnDisplay</name>
         <load_address>0x2f0c</load_address>
         <run_address>0x2f0c</run_address>
         <size>0xe</size>
         <input_file_ref idref="fl-14"/>
      </object_component>
      <object_component id="oc-1bf">
         <name>.text:Graphics_setBackgroundColor</name>
         <load_address>0x2f1a</load_address>
         <run_address>0x2f1a</run_address>
         <size>0xe</size>
         <input_file_ref idref="fl-13"/>
      </object_component>
      <object_component id="oc-1b9">
         <name>.text:Graphics_setForegroundColor</name>
         <load_address>0x2f28</load_address>
         <run_address>0x2f28</run_address>
         <size>0xe</size>
         <input_file_ref idref="fl-13"/>
      </object_component>
      <object_component id="oc-1a">
         <name>.text:decompress:none</name>
         <load_address>0x2f36</load_address>
         <run_address>0x2f36</run_address>
         <size>0xe</size>
         <input_file_ref idref="fl-d3"/>
      </object_component>
      <object_component id="oc-396">
         <name>.text:EUSCI_A_SPI_enable</name>
         <load_address>0x2f44</load_address>
         <run_address>0x2f44</run_address>
         <size>0xc</size>
         <input_file_ref idref="fl-1a"/>
      </object_component>
      <object_component id="oc-390">
         <name>.text:EUSCI_B_SPI_enable</name>
         <load_address>0x2f50</load_address>
         <run_address>0x2f50</run_address>
         <size>0xc</size>
         <input_file_ref idref="fl-1a"/>
      </object_component>
      <object_component id="oc-75">
         <name>.text:Reset_Handler</name>
         <load_address>0x2f5c</load_address>
         <run_address>0x2f5c</run_address>
         <size>0xc</size>
         <input_file_ref idref="fl-b"/>
      </object_component>
      <object_component id="oc-20">
         <name>.text:decompress:ZI</name>
         <load_address>0x2f68</load_address>
         <run_address>0x2f68</run_address>
         <size>0xc</size>
         <input_file_ref idref="fl-d4"/>
      </object_component>
      <object_component id="oc-1cb">
         <name>.text:Graphics_clearDisplay</name>
         <load_address>0x2f74</load_address>
         <run_address>0x2f74</run_address>
         <size>0xa</size>
         <input_file_ref idref="fl-13"/>
      </object_component>
      <object_component id="oc-2ae">
         <name>.text:Graphics_clearDisplayOnDisplay</name>
         <load_address>0x2f7e</load_address>
         <run_address>0x2f7e</run_address>
         <size>0xa</size>
         <input_file_ref idref="fl-14"/>
      </object_component>
      <object_component id="oc-258">
         <name>.text:Graphics_translateColorOnDisplay</name>
         <load_address>0x2f88</load_address>
         <run_address>0x2f88</run_address>
         <size>0xa</size>
         <input_file_ref idref="fl-14"/>
      </object_component>
      <object_component id="oc-1c5">
         <name>.text:Graphics_setFont</name>
         <load_address>0x2f92</load_address>
         <run_address>0x2f92</run_address>
         <size>0x4</size>
         <input_file_ref idref="fl-13"/>
      </object_component>
      <object_component id="oc-59">
         <name>.text</name>
         <load_address>0x2f96</load_address>
         <run_address>0x2f96</run_address>
         <size>0x4</size>
         <input_file_ref idref="fl-d9"/>
      </object_component>
      <object_component id="oc-187">
         <name>.const:.string:pixel_color24BPP_UNCOMP</name>
         <load_address>0x2f9c</load_address>
         <run_address>0x2f9c</run_address>
         <size>0x320</size>
         <input_file_ref idref="fl-4"/>
      </object_component>
      <object_component id="oc-190">
         <name>.const:.string:pixel_color4BPP_UNCOMP</name>
         <load_address>0x32bc</load_address>
         <run_address>0x32bc</run_address>
         <size>0x320</size>
         <input_file_ref idref="fl-3"/>
      </object_component>
      <object_component id="oc-2e9">
         <name>.const:.string:g_pucFontFixed6x8Data</name>
         <load_address>0x35dc</load_address>
         <run_address>0x35dc</run_address>
         <size>0x2f8</size>
         <input_file_ref idref="fl-c"/>
      </object_component>
      <object_component id="oc-318">
         <name>.const:.string:_ctypes_</name>
         <load_address>0x38d4</load_address>
         <run_address>0x38d4</run_address>
         <size>0x101</size>
         <input_file_ref idref="fl-e2"/>
      </object_component>
      <object_component id="oc-1d7">
         <name>.const:g_sFontFixed6x8</name>
         <load_address>0x39d8</load_address>
         <run_address>0x39d8</run_address>
         <size>0xc8</size>
         <input_file_ref idref="fl-c"/>
      </object_component>
      <object_component id="oc-184">
         <name>.const:palette_color24BPP_UNCOMP</name>
         <load_address>0x3aa0</load_address>
         <run_address>0x3aa0</run_address>
         <size>0x40</size>
         <input_file_ref idref="fl-4"/>
      </object_component>
      <object_component id="oc-18d">
         <name>.const:palette_color4BPP_UNCOMP</name>
         <load_address>0x3ae0</load_address>
         <run_address>0x3ae0</run_address>
         <size>0x40</size>
         <input_file_ref idref="fl-3"/>
      </object_component>
      <object_component id="oc-1d4">
         <name>.const:g_sCrystalfontz128x128_funcs</name>
         <load_address>0x3b20</load_address>
         <run_address>0x3b20</run_address>
         <size>0x20</size>
         <input_file_ref idref="fl-9"/>
      </object_component>
      <object_component id="oc-346">
         <name>.const:$P$T0$1</name>
         <load_address>0x3b40</load_address>
         <run_address>0x3b40</run_address>
         <size>0x1c</size>
         <input_file_ref idref="fl-a"/>
      </object_component>
      <object_component id="oc-ec">
         <name>.const:color24BPP_UNCOMP</name>
         <load_address>0x3b5c</load_address>
         <run_address>0x3b5c</run_address>
         <size>0x10</size>
         <input_file_ref idref="fl-4"/>
      </object_component>
      <object_component id="oc-ef">
         <name>.const:color4BPP_UNCOMP</name>
         <load_address>0x3b6c</load_address>
         <run_address>0x3b6c</run_address>
         <size>0x10</size>
         <input_file_ref idref="fl-3"/>
      </object_component>
      <object_component id="oc-3d8">
         <name>.cinit..data.load</name>
         <load_address>0x3b80</load_address>
         <run_address>0x3b80</run_address>
         <size>0x43</size>
      </object_component>
      <object_component id="oc-3d6">
         <name>__TI_handler_table</name>
         <load_address>0x3bc4</load_address>
         <run_address>0x3bc4</run_address>
         <size>0xc</size>
      </object_component>
      <object_component id="oc-3d9">
         <name>.cinit..bss.load</name>
         <load_address>0x3bd0</load_address>
         <run_address>0x3bd0</run_address>
         <size>0x8</size>
      </object_component>
      <object_component id="oc-3d7">
         <name>__TI_cinit_table</name>
         <load_address>0x3bd8</load_address>
         <run_address>0x3bd8</run_address>
         <size>0x10</size>
      </object_component>
      <object_component id="oc-3b3">
         <name>.binit</name>
         <load_address>0x0</load_address>
         <run_address>0x0</run_address>
         <size>0x0</size>
      </object_component>
      <object_component id="oc-f2">
         <name>.data</name>
         <load_address>0x2000047c</load_address>
         <run_address>0x2000047c</run_address>
         <size>0x8</size>
         <input_file_ref idref="fl-6"/>
      </object_component>
      <object_component id="oc-1d1">
         <name>.data:g_sCrystalfontz128x128</name>
         <load_address>0x20000458</load_address>
         <run_address>0x20000458</run_address>
         <size>0x10</size>
         <input_file_ref idref="fl-9"/>
      </object_component>
      <object_component id="oc-34f">
         <name>.data:GPIO_PORT_TO_BASE</name>
         <load_address>0x20000428</load_address>
         <run_address>0x20000428</run_address>
         <size>0x30</size>
         <input_file_ref idref="fl-18"/>
      </object_component>
      <object_component id="oc-c4">
         <name>.data:$O1$$</name>
         <load_address>0x20000468</load_address>
         <run_address>0x20000468</run_address>
         <size>0xc</size>
         <input_file_ref idref="fl-d5"/>
      </object_component>
      <object_component id="oc-71">
         <name>.data</name>
         <load_address>0x20000488</load_address>
         <run_address>0x20000488</run_address>
         <size>0x4</size>
         <input_file_ref idref="fl-db"/>
      </object_component>
      <object_component id="oc-c7">
         <name>.data:$O1$$</name>
         <load_address>0x20000474</load_address>
         <run_address>0x20000474</run_address>
         <size>0x8</size>
         <input_file_ref idref="fl-dc"/>
      </object_component>
      <object_component id="oc-311">
         <name>.data</name>
         <load_address>0x20000484</load_address>
         <run_address>0x20000484</run_address>
         <size>0x4</size>
         <input_file_ref idref="fl-f1"/>
      </object_component>
      <object_component id="oc-25e">
         <name>.bss:g_pulConvertedPalette</name>
         <uninitialized>true</uninitialized>
         <run_address>0x20000000</run_address>
         <size>0x400</size>
         <input_file_ref idref="fl-15"/>
      </object_component>
      <object_component id="oc-e9">
         <name>.common:g_sContext</name>
         <uninitialized>true</uninitialized>
         <run_address>0x20000400</run_address>
         <size>0x1c</size>
      </object_component>
      <object_component id="oc-2a7">
         <name>.common:Lcd_Orientation</name>
         <uninitialized>true</uninitialized>
         <run_address>0x20000424</run_address>
         <size>0x1</size>
      </object_component>
      <object_component id="oc-29e">
         <name>.common:Lcd_ScreenWidth</name>
         <uninitialized>true</uninitialized>
         <run_address>0x2000041e</run_address>
         <size>0x2</size>
      </object_component>
      <object_component id="oc-2a1">
         <name>.common:Lcd_ScreenHeigth</name>
         <uninitialized>true</uninitialized>
         <run_address>0x2000041c</run_address>
         <size>0x2</size>
      </object_component>
      <object_component id="oc-2a2">
         <name>.common:Lcd_PenSolid</name>
         <uninitialized>true</uninitialized>
         <run_address>0x20000425</run_address>
         <size>0x1</size>
      </object_component>
      <object_component id="oc-2a3">
         <name>.common:Lcd_FontSolid</name>
         <uninitialized>true</uninitialized>
         <run_address>0x20000423</run_address>
         <size>0x1</size>
      </object_component>
      <object_component id="oc-2a4">
         <name>.common:Lcd_FlagRead</name>
         <uninitialized>true</uninitialized>
         <run_address>0x20000422</run_address>
         <size>0x1</size>
      </object_component>
      <object_component id="oc-2a5">
         <name>.common:Lcd_TouchTrim</name>
         <uninitialized>true</uninitialized>
         <run_address>0x20000420</run_address>
         <size>0x2</size>
      </object_component>
      <object_component id="oc-2f">
         <name>.stack</name>
         <uninitialized>true</uninitialized>
         <run_address>0x2000f800</run_address>
         <size>0x0</size>
         <input_file_ref idref="fl-d1"/>
      </object_component>
      <object_component id="oc-3da">
         <name>.stack</name>
         <uninitialized>true</uninitialized>
         <run_address>0x2000f800</run_address>
         <size>0x0</size>
      </object_component>
      <object_component id="oc-267">
         <name>.debug_info</name>
         <load_address>0x0</load_address>
         <run_address>0x0</run_address>
         <size>0x2a7</size>
         <input_file_ref idref="fl-2"/>
      </object_component>
      <object_component id="oc-175">
         <name>.debug_info</name>
         <load_address>0x2a7</load_address>
         <run_address>0x2a7</run_address>
         <size>0x439</size>
         <input_file_ref idref="fl-2"/>
      </object_component>
      <object_component id="oc-36">
         <name>.debug_info</name>
         <load_address>0x6e0</load_address>
         <run_address>0x6e0</run_address>
         <size>0x84</size>
         <input_file_ref idref="fl-2"/>
      </object_component>
      <object_component id="oc-155">
         <name>.debug_info</name>
         <load_address>0x764</load_address>
         <run_address>0x764</run_address>
         <size>0x18b</size>
         <input_file_ref idref="fl-2"/>
      </object_component>
      <object_component id="oc-195">
         <name>.debug_info</name>
         <load_address>0x8ef</load_address>
         <run_address>0x8ef</run_address>
         <size>0x2a8</size>
         <input_file_ref idref="fl-3"/>
      </object_component>
      <object_component id="oc-191">
         <name>.debug_info</name>
         <load_address>0xb97</load_address>
         <run_address>0xb97</run_address>
         <size>0xf5</size>
         <input_file_ref idref="fl-3"/>
      </object_component>
      <object_component id="oc-18e">
         <name>.debug_info</name>
         <load_address>0xc8c</load_address>
         <run_address>0xc8c</run_address>
         <size>0xf9</size>
         <input_file_ref idref="fl-3"/>
      </object_component>
      <object_component id="oc-f0">
         <name>.debug_info</name>
         <load_address>0xd85</load_address>
         <run_address>0xd85</run_address>
         <size>0xea</size>
         <input_file_ref idref="fl-3"/>
      </object_component>
      <object_component id="oc-18c">
         <name>.debug_info</name>
         <load_address>0xe6f</load_address>
         <run_address>0xe6f</run_address>
         <size>0x2a9</size>
         <input_file_ref idref="fl-4"/>
      </object_component>
      <object_component id="oc-188">
         <name>.debug_info</name>
         <load_address>0x1118</load_address>
         <run_address>0x1118</run_address>
         <size>0xf8</size>
         <input_file_ref idref="fl-4"/>
      </object_component>
      <object_component id="oc-185">
         <name>.debug_info</name>
         <load_address>0x1210</load_address>
         <run_address>0x1210</run_address>
         <size>0xfc</size>
         <input_file_ref idref="fl-4"/>
      </object_component>
      <object_component id="oc-ed">
         <name>.debug_info</name>
         <load_address>0x130c</load_address>
         <run_address>0x130c</run_address>
         <size>0xed</size>
         <input_file_ref idref="fl-4"/>
      </object_component>
      <object_component id="oc-ea">
         <name>.debug_info</name>
         <load_address>0x13f9</load_address>
         <run_address>0x13f9</run_address>
         <size>0xa12</size>
         <input_file_ref idref="fl-6"/>
      </object_component>
      <object_component id="oc-f3">
         <name>.debug_info</name>
         <load_address>0x1e0b</load_address>
         <run_address>0x1e0b</run_address>
         <size>0xf0</size>
         <input_file_ref idref="fl-6"/>
      </object_component>
      <object_component id="oc-10c">
         <name>.debug_info</name>
         <load_address>0x1efb</load_address>
         <run_address>0x1efb</run_address>
         <size>0x103</size>
         <input_file_ref idref="fl-6"/>
      </object_component>
      <object_component id="oc-112">
         <name>.debug_info</name>
         <load_address>0x1ffe</load_address>
         <run_address>0x1ffe</run_address>
         <size>0x107</size>
         <input_file_ref idref="fl-6"/>
      </object_component>
      <object_component id="oc-118">
         <name>.debug_info</name>
         <load_address>0x2105</load_address>
         <run_address>0x2105</run_address>
         <size>0x109</size>
         <input_file_ref idref="fl-6"/>
      </object_component>
      <object_component id="oc-11e">
         <name>.debug_info</name>
         <load_address>0x220e</load_address>
         <run_address>0x220e</run_address>
         <size>0x1e5</size>
         <input_file_ref idref="fl-6"/>
      </object_component>
      <object_component id="oc-bd">
         <name>.debug_info</name>
         <load_address>0x23f3</load_address>
         <run_address>0x23f3</run_address>
         <size>0x1a1</size>
         <input_file_ref idref="fl-6"/>
      </object_component>
      <object_component id="oc-82">
         <name>.debug_info</name>
         <load_address>0x2594</load_address>
         <run_address>0x2594</run_address>
         <size>0x1e0</size>
         <input_file_ref idref="fl-6"/>
      </object_component>
      <object_component id="oc-8e">
         <name>.debug_info</name>
         <load_address>0x2774</load_address>
         <run_address>0x2774</run_address>
         <size>0x113</size>
         <input_file_ref idref="fl-6"/>
      </object_component>
      <object_component id="oc-88">
         <name>.debug_info</name>
         <load_address>0x2887</load_address>
         <run_address>0x2887</run_address>
         <size>0x119</size>
         <input_file_ref idref="fl-6"/>
      </object_component>
      <object_component id="oc-17a">
         <name>.debug_info</name>
         <load_address>0x29a0</load_address>
         <run_address>0x29a0</run_address>
         <size>0x37a3</size>
         <input_file_ref idref="fl-6"/>
      </object_component>
      <object_component id="oc-17f">
         <name>.debug_info</name>
         <load_address>0x6143</load_address>
         <run_address>0x6143</run_address>
         <size>0x103e</size>
         <input_file_ref idref="fl-6"/>
      </object_component>
      <object_component id="oc-15a">
         <name>.debug_info</name>
         <load_address>0x7181</load_address>
         <run_address>0x7181</run_address>
         <size>0x8b</size>
         <input_file_ref idref="fl-6"/>
      </object_component>
      <object_component id="oc-148">
         <name>.debug_info</name>
         <load_address>0x720c</load_address>
         <run_address>0x720c</run_address>
         <size>0x4e</size>
         <input_file_ref idref="fl-6"/>
      </object_component>
      <object_component id="oc-34a">
         <name>.debug_info</name>
         <load_address>0x725a</load_address>
         <run_address>0x725a</run_address>
         <size>0x131</size>
         <input_file_ref idref="fl-6"/>
      </object_component>
      <object_component id="oc-d0">
         <name>.debug_info</name>
         <load_address>0x738b</load_address>
         <run_address>0x738b</run_address>
         <size>0x134</size>
         <input_file_ref idref="fl-8"/>
      </object_component>
      <object_component id="oc-29f">
         <name>.debug_info</name>
         <load_address>0x74bf</load_address>
         <run_address>0x74bf</run_address>
         <size>0x7c6</size>
         <input_file_ref idref="fl-9"/>
      </object_component>
      <object_component id="oc-1d2">
         <name>.debug_info</name>
         <load_address>0x7c85</load_address>
         <run_address>0x7c85</run_address>
         <size>0x116</size>
         <input_file_ref idref="fl-9"/>
      </object_component>
      <object_component id="oc-1d5">
         <name>.debug_info</name>
         <load_address>0x7d9b</load_address>
         <run_address>0x7d9b</run_address>
         <size>0x122</size>
         <input_file_ref idref="fl-9"/>
      </object_component>
      <object_component id="oc-1ae">
         <name>.debug_info</name>
         <load_address>0x7ebd</load_address>
         <run_address>0x7ebd</run_address>
         <size>0x208</size>
         <input_file_ref idref="fl-9"/>
      </object_component>
      <object_component id="oc-299">
         <name>.debug_info</name>
         <load_address>0x80c5</load_address>
         <run_address>0x80c5</run_address>
         <size>0x2f1</size>
         <input_file_ref idref="fl-9"/>
      </object_component>
      <object_component id="oc-2d0">
         <name>.debug_info</name>
         <load_address>0x83b6</load_address>
         <run_address>0x83b6</run_address>
         <size>0x2b5</size>
         <input_file_ref idref="fl-9"/>
      </object_component>
      <object_component id="oc-2be">
         <name>.debug_info</name>
         <load_address>0x866b</load_address>
         <run_address>0x866b</run_address>
         <size>0x446</size>
         <input_file_ref idref="fl-9"/>
      </object_component>
      <object_component id="oc-2b8">
         <name>.debug_info</name>
         <load_address>0x8ab1</load_address>
         <run_address>0x8ab1</run_address>
         <size>0x279</size>
         <input_file_ref idref="fl-9"/>
      </object_component>
      <object_component id="oc-2ca">
         <name>.debug_info</name>
         <load_address>0x8d2a</load_address>
         <run_address>0x8d2a</run_address>
         <size>0x29f</size>
         <input_file_ref idref="fl-9"/>
      </object_component>
      <object_component id="oc-2c4">
         <name>.debug_info</name>
         <load_address>0x8fc9</load_address>
         <run_address>0x8fc9</run_address>
         <size>0x29f</size>
         <input_file_ref idref="fl-9"/>
      </object_component>
      <object_component id="oc-1a8">
         <name>.debug_info</name>
         <load_address>0x9268</load_address>
         <run_address>0x9268</run_address>
         <size>0x3dd</size>
         <input_file_ref idref="fl-9"/>
      </object_component>
      <object_component id="oc-2dc">
         <name>.debug_info</name>
         <load_address>0x9645</load_address>
         <run_address>0x9645</run_address>
         <size>0x1a0</size>
         <input_file_ref idref="fl-9"/>
      </object_component>
      <object_component id="oc-2d6">
         <name>.debug_info</name>
         <load_address>0x97e5</load_address>
         <run_address>0x97e5</run_address>
         <size>0x1e4</size>
         <input_file_ref idref="fl-9"/>
      </object_component>
      <object_component id="oc-2e2">
         <name>.debug_info</name>
         <load_address>0x99c9</load_address>
         <run_address>0x99c9</run_address>
         <size>0x20f</size>
         <input_file_ref idref="fl-9"/>
      </object_component>
      <object_component id="oc-35b">
         <name>.debug_info</name>
         <load_address>0x9bd8</load_address>
         <run_address>0x9bd8</run_address>
         <size>0x37a3</size>
         <input_file_ref idref="fl-9"/>
      </object_component>
      <object_component id="oc-356">
         <name>.debug_info</name>
         <load_address>0xd37b</load_address>
         <run_address>0xd37b</run_address>
         <size>0x6d2</size>
         <input_file_ref idref="fl-a"/>
      </object_component>
      <object_component id="oc-347">
         <name>.debug_info</name>
         <load_address>0xda4d</load_address>
         <run_address>0xda4d</run_address>
         <size>0x10a</size>
         <input_file_ref idref="fl-a"/>
      </object_component>
      <object_component id="oc-293">
         <name>.debug_info</name>
         <load_address>0xdb57</load_address>
         <run_address>0xdb57</run_address>
         <size>0x1d3</size>
         <input_file_ref idref="fl-a"/>
      </object_component>
      <object_component id="oc-28d">
         <name>.debug_info</name>
         <load_address>0xdd2a</load_address>
         <run_address>0xdd2a</run_address>
         <size>0x220</size>
         <input_file_ref idref="fl-a"/>
      </object_component>
      <object_component id="oc-27b">
         <name>.debug_info</name>
         <load_address>0xdf4a</load_address>
         <run_address>0xdf4a</run_address>
         <size>0x22a</size>
         <input_file_ref idref="fl-a"/>
      </object_component>
      <object_component id="oc-275">
         <name>.debug_info</name>
         <load_address>0xe174</load_address>
         <run_address>0xe174</run_address>
         <size>0x261</size>
         <input_file_ref idref="fl-a"/>
      </object_component>
      <object_component id="oc-95">
         <name>.debug_info</name>
         <load_address>0xe3d5</load_address>
         <run_address>0xe3d5</run_address>
         <size>0x128</size>
         <input_file_ref idref="fl-b"/>
      </object_component>
      <object_component id="oc-2d">
         <name>.debug_info</name>
         <load_address>0xe4fd</load_address>
         <run_address>0xe4fd</run_address>
         <size>0x100</size>
         <input_file_ref idref="fl-b"/>
      </object_component>
      <object_component id="oc-76">
         <name>.debug_info</name>
         <load_address>0xe5fd</load_address>
         <run_address>0xe5fd</run_address>
         <size>0x163</size>
         <input_file_ref idref="fl-b"/>
      </object_component>
      <object_component id="oc-7c">
         <name>.debug_info</name>
         <load_address>0xe760</load_address>
         <run_address>0xe760</run_address>
         <size>0x14b</size>
         <input_file_ref idref="fl-b"/>
      </object_component>
      <object_component id="oc-2ee">
         <name>.debug_info</name>
         <load_address>0xe8ab</load_address>
         <run_address>0xe8ab</run_address>
         <size>0x236</size>
         <input_file_ref idref="fl-c"/>
      </object_component>
      <object_component id="oc-2ea">
         <name>.debug_info</name>
         <load_address>0xeae1</load_address>
         <run_address>0xeae1</run_address>
         <size>0x100</size>
         <input_file_ref idref="fl-c"/>
      </object_component>
      <object_component id="oc-1d8">
         <name>.debug_info</name>
         <load_address>0xebe1</load_address>
         <run_address>0xebe1</run_address>
         <size>0xf5</size>
         <input_file_ref idref="fl-c"/>
      </object_component>
      <object_component id="oc-2aa">
         <name>.debug_info</name>
         <load_address>0xecd6</load_address>
         <run_address>0xecd6</run_address>
         <size>0x3a5</size>
         <input_file_ref idref="fl-13"/>
      </object_component>
      <object_component id="oc-1ba">
         <name>.debug_info</name>
         <load_address>0xf07b</load_address>
         <run_address>0xf07b</run_address>
         <size>0x18b</size>
         <input_file_ref idref="fl-13"/>
      </object_component>
      <object_component id="oc-1c6">
         <name>.debug_info</name>
         <load_address>0xf206</load_address>
         <run_address>0xf206</run_address>
         <size>0x15c</size>
         <input_file_ref idref="fl-13"/>
      </object_component>
      <object_component id="oc-1c0">
         <name>.debug_info</name>
         <load_address>0xf362</load_address>
         <run_address>0xf362</run_address>
         <size>0x18a</size>
         <input_file_ref idref="fl-13"/>
      </object_component>
      <object_component id="oc-1b4">
         <name>.debug_info</name>
         <load_address>0xf4ec</load_address>
         <run_address>0xf4ec</run_address>
         <size>0x196</size>
         <input_file_ref idref="fl-13"/>
      </object_component>
      <object_component id="oc-1cc">
         <name>.debug_info</name>
         <load_address>0xf682</load_address>
         <run_address>0xf682</run_address>
         <size>0x167</size>
         <input_file_ref idref="fl-13"/>
      </object_component>
      <object_component id="oc-1e8">
         <name>.debug_info</name>
         <load_address>0xf7e9</load_address>
         <run_address>0xf7e9</run_address>
         <size>0x439</size>
         <input_file_ref idref="fl-13"/>
      </object_component>
      <object_component id="oc-263">
         <name>.debug_info</name>
         <load_address>0xfc22</load_address>
         <run_address>0xfc22</run_address>
         <size>0x21c</size>
         <input_file_ref idref="fl-14"/>
      </object_component>
      <object_component id="oc-259">
         <name>.debug_info</name>
         <load_address>0xfe3e</load_address>
         <run_address>0xfe3e</run_address>
         <size>0x178</size>
         <input_file_ref idref="fl-14"/>
      </object_component>
      <object_component id="oc-16c">
         <name>.debug_info</name>
         <load_address>0xffb6</load_address>
         <run_address>0xffb6</run_address>
         <size>0x196</size>
         <input_file_ref idref="fl-14"/>
      </object_component>
      <object_component id="oc-166">
         <name>.debug_info</name>
         <load_address>0x1014c</load_address>
         <run_address>0x1014c</run_address>
         <size>0x1fd</size>
         <input_file_ref idref="fl-14"/>
      </object_component>
      <object_component id="oc-2f1">
         <name>.debug_info</name>
         <load_address>0x10349</load_address>
         <run_address>0x10349</run_address>
         <size>0x1c7</size>
         <input_file_ref idref="fl-14"/>
      </object_component>
      <object_component id="oc-2af">
         <name>.debug_info</name>
         <load_address>0x10510</load_address>
         <run_address>0x10510</run_address>
         <size>0x170</size>
         <input_file_ref idref="fl-14"/>
      </object_component>
      <object_component id="oc-172">
         <name>.debug_info</name>
         <load_address>0x10680</load_address>
         <run_address>0x10680</run_address>
         <size>0x37c</size>
         <input_file_ref idref="fl-15"/>
      </object_component>
      <object_component id="oc-25f">
         <name>.debug_info</name>
         <load_address>0x109fc</load_address>
         <run_address>0x109fc</run_address>
         <size>0xe9</size>
         <input_file_ref idref="fl-15"/>
      </object_component>
      <object_component id="oc-160">
         <name>.debug_info</name>
         <load_address>0x10ae5</load_address>
         <run_address>0x10ae5</run_address>
         <size>0x192</size>
         <input_file_ref idref="fl-15"/>
      </object_component>
      <object_component id="oc-e4">
         <name>.debug_info</name>
         <load_address>0x10c77</load_address>
         <run_address>0x10c77</run_address>
         <size>0x364</size>
         <input_file_ref idref="fl-15"/>
      </object_component>
      <object_component id="oc-154">
         <name>.debug_info</name>
         <load_address>0x10fdb</load_address>
         <run_address>0x10fdb</run_address>
         <size>0x2ea</size>
         <input_file_ref idref="fl-16"/>
      </object_component>
      <object_component id="oc-14e">
         <name>.debug_info</name>
         <load_address>0x112c5</load_address>
         <run_address>0x112c5</run_address>
         <size>0x220</size>
         <input_file_ref idref="fl-16"/>
      </object_component>
      <object_component id="oc-1dc">
         <name>.debug_info</name>
         <load_address>0x114e5</load_address>
         <run_address>0x114e5</run_address>
         <size>0x160</size>
         <input_file_ref idref="fl-16"/>
      </object_component>
      <object_component id="oc-124">
         <name>.debug_info</name>
         <load_address>0x11645</load_address>
         <run_address>0x11645</run_address>
         <size>0x3ff</size>
         <input_file_ref idref="fl-16"/>
      </object_component>
      <object_component id="oc-de">
         <name>.debug_info</name>
         <load_address>0x11a44</load_address>
         <run_address>0x11a44</run_address>
         <size>0x214</size>
         <input_file_ref idref="fl-16"/>
      </object_component>
      <object_component id="oc-2f7">
         <name>.debug_info</name>
         <load_address>0x11c58</load_address>
         <run_address>0x11c58</run_address>
         <size>0x366</size>
         <input_file_ref idref="fl-17"/>
      </object_component>
      <object_component id="oc-1e2">
         <name>.debug_info</name>
         <load_address>0x11fbe</load_address>
         <run_address>0x11fbe</run_address>
         <size>0x1bb</size>
         <input_file_ref idref="fl-17"/>
      </object_component>
      <object_component id="oc-353">
         <name>.debug_info</name>
         <load_address>0x12179</load_address>
         <run_address>0x12179</run_address>
         <size>0x4a4</size>
         <input_file_ref idref="fl-18"/>
      </object_component>
      <object_component id="oc-350">
         <name>.debug_info</name>
         <load_address>0x1261d</load_address>
         <run_address>0x1261d</run_address>
         <size>0xd0</size>
         <input_file_ref idref="fl-18"/>
      </object_component>
      <object_component id="oc-281">
         <name>.debug_info</name>
         <load_address>0x126ed</load_address>
         <run_address>0x126ed</run_address>
         <size>0x183</size>
         <input_file_ref idref="fl-18"/>
      </object_component>
      <object_component id="oc-287">
         <name>.debug_info</name>
         <load_address>0x12870</load_address>
         <run_address>0x12870</run_address>
         <size>0x185</size>
         <input_file_ref idref="fl-18"/>
      </object_component>
      <object_component id="oc-32e">
         <name>.debug_info</name>
         <load_address>0x129f5</load_address>
         <run_address>0x129f5</run_address>
         <size>0x1dd</size>
         <input_file_ref idref="fl-18"/>
      </object_component>
      <object_component id="oc-334">
         <name>.debug_info</name>
         <load_address>0x12bd2</load_address>
         <run_address>0x12bd2</run_address>
         <size>0x19c</size>
         <input_file_ref idref="fl-18"/>
      </object_component>
      <object_component id="oc-3a3">
         <name>.debug_info</name>
         <load_address>0x12d6e</load_address>
         <run_address>0x12d6e</run_address>
         <size>0x103e</size>
         <input_file_ref idref="fl-18"/>
      </object_component>
      <object_component id="oc-38f">
         <name>.debug_info</name>
         <load_address>0x13dac</load_address>
         <run_address>0x13dac</run_address>
         <size>0x4b1</size>
         <input_file_ref idref="fl-1a"/>
      </object_component>
      <object_component id="oc-38a">
         <name>.debug_info</name>
         <load_address>0x1425d</load_address>
         <run_address>0x1425d</run_address>
         <size>0x113</size>
         <input_file_ref idref="fl-1a"/>
      </object_component>
      <object_component id="oc-33c">
         <name>.debug_info</name>
         <load_address>0x14370</load_address>
         <run_address>0x14370</run_address>
         <size>0x17c</size>
         <input_file_ref idref="fl-1a"/>
      </object_component>
      <object_component id="oc-392">
         <name>.debug_info</name>
         <load_address>0x144ec</load_address>
         <run_address>0x144ec</run_address>
         <size>0x135</size>
         <input_file_ref idref="fl-1a"/>
      </object_component>
      <object_component id="oc-398">
         <name>.debug_info</name>
         <load_address>0x14621</load_address>
         <run_address>0x14621</run_address>
         <size>0x135</size>
         <input_file_ref idref="fl-1a"/>
      </object_component>
      <object_component id="oc-342">
         <name>.debug_info</name>
         <load_address>0x14756</load_address>
         <run_address>0x14756</run_address>
         <size>0x187</size>
         <input_file_ref idref="fl-1a"/>
      </object_component>
      <object_component id="oc-27">
         <name>.debug_info</name>
         <load_address>0x148dd</load_address>
         <run_address>0x148dd</run_address>
         <size>0x160</size>
         <input_file_ref idref="fl-d1"/>
      </object_component>
      <object_component id="oc-9b">
         <name>.debug_info</name>
         <load_address>0x14a3d</load_address>
         <run_address>0x14a3d</run_address>
         <size>0xf9</size>
         <input_file_ref idref="fl-d2"/>
      </object_component>
      <object_component id="oc-15">
         <name>.debug_info</name>
         <load_address>0x14b36</load_address>
         <run_address>0x14b36</run_address>
         <size>0x245</size>
         <input_file_ref idref="fl-d2"/>
      </object_component>
      <object_component id="oc-31">
         <name>.debug_info</name>
         <load_address>0x14d7b</load_address>
         <run_address>0x14d7b</run_address>
         <size>0x60</size>
         <input_file_ref idref="fl-d2"/>
      </object_component>
      <object_component id="oc-96">
         <name>.debug_info</name>
         <load_address>0x14ddb</load_address>
         <run_address>0x14ddb</run_address>
         <size>0x46</size>
         <input_file_ref idref="fl-d2"/>
      </object_component>
      <object_component id="oc-46">
         <name>.debug_info</name>
         <load_address>0x14e21</load_address>
         <run_address>0x14e21</run_address>
         <size>0x140</size>
         <input_file_ref idref="fl-d3"/>
      </object_component>
      <object_component id="oc-1b">
         <name>.debug_info</name>
         <load_address>0x14f61</load_address>
         <run_address>0x14f61</run_address>
         <size>0x1df</size>
         <input_file_ref idref="fl-d3"/>
      </object_component>
      <object_component id="oc-41">
         <name>.debug_info</name>
         <load_address>0x15140</load_address>
         <run_address>0x15140</run_address>
         <size>0x46</size>
         <input_file_ref idref="fl-d3"/>
      </object_component>
      <object_component id="oc-9d">
         <name>.debug_info</name>
         <load_address>0x15186</load_address>
         <run_address>0x15186</run_address>
         <size>0x2c</size>
         <input_file_ref idref="fl-d3"/>
      </object_component>
      <object_component id="oc-52">
         <name>.debug_info</name>
         <load_address>0x151b2</load_address>
         <run_address>0x151b2</run_address>
         <size>0x12f</size>
         <input_file_ref idref="fl-d4"/>
      </object_component>
      <object_component id="oc-21">
         <name>.debug_info</name>
         <load_address>0x152e1</load_address>
         <run_address>0x152e1</run_address>
         <size>0x1aa</size>
         <input_file_ref idref="fl-d4"/>
      </object_component>
      <object_component id="oc-4d">
         <name>.debug_info</name>
         <load_address>0x1548b</load_address>
         <run_address>0x1548b</run_address>
         <size>0x46</size>
         <input_file_ref idref="fl-d4"/>
      </object_component>
      <object_component id="oc-a5">
         <name>.debug_info</name>
         <load_address>0x154d1</load_address>
         <run_address>0x154d1</run_address>
         <size>0x2c</size>
         <input_file_ref idref="fl-d4"/>
      </object_component>
      <object_component id="oc-cb">
         <name>.debug_info</name>
         <load_address>0x154fd</load_address>
         <run_address>0x154fd</run_address>
         <size>0x234</size>
         <input_file_ref idref="fl-d5"/>
      </object_component>
      <object_component id="oc-c5">
         <name>.debug_info</name>
         <load_address>0x15731</load_address>
         <run_address>0x15731</run_address>
         <size>0x185</size>
         <input_file_ref idref="fl-d5"/>
      </object_component>
      <object_component id="oc-6c">
         <name>.debug_info</name>
         <load_address>0x158b6</load_address>
         <run_address>0x158b6</run_address>
         <size>0x214</size>
         <input_file_ref idref="fl-d5"/>
      </object_component>
      <object_component id="oc-3c">
         <name>.debug_info</name>
         <load_address>0x15aca</load_address>
         <run_address>0x15aca</run_address>
         <size>0x111</size>
         <input_file_ref idref="fl-d6"/>
      </object_component>
      <object_component id="oc-48">
         <name>.debug_info</name>
         <load_address>0x15bdb</load_address>
         <run_address>0x15bdb</run_address>
         <size>0x13f</size>
         <input_file_ref idref="fl-d7"/>
      </object_component>
      <object_component id="oc-54">
         <name>.debug_info</name>
         <load_address>0x15d1a</load_address>
         <run_address>0x15d1a</run_address>
         <size>0x138</size>
         <input_file_ref idref="fl-d8"/>
      </object_component>
      <object_component id="oc-5a">
         <name>.debug_info</name>
         <load_address>0x15e52</load_address>
         <run_address>0x15e52</run_address>
         <size>0x148</size>
         <input_file_ref idref="fl-d9"/>
      </object_component>
      <object_component id="oc-147">
         <name>.debug_info</name>
         <load_address>0x15f9a</load_address>
         <run_address>0x15f9a</run_address>
         <size>0x1bb</size>
         <input_file_ref idref="fl-da"/>
      </object_component>
      <object_component id="oc-d8">
         <name>.debug_info</name>
         <load_address>0x16155</load_address>
         <run_address>0x16155</run_address>
         <size>0x2e4</size>
         <input_file_ref idref="fl-da"/>
      </object_component>
      <object_component id="oc-24e">
         <name>.debug_info</name>
         <load_address>0x16439</load_address>
         <run_address>0x16439</run_address>
         <size>0x2c</size>
         <input_file_ref idref="fl-da"/>
      </object_component>
      <object_component id="oc-72">
         <name>.debug_info</name>
         <load_address>0x16465</load_address>
         <run_address>0x16465</run_address>
         <size>0x109</size>
         <input_file_ref idref="fl-db"/>
      </object_component>
      <object_component id="oc-13b">
         <name>.debug_info</name>
         <load_address>0x1656e</load_address>
         <run_address>0x1656e</run_address>
         <size>0x124</size>
         <input_file_ref idref="fl-dc"/>
      </object_component>
      <object_component id="oc-c8">
         <name>.debug_info</name>
         <load_address>0x16692</load_address>
         <run_address>0x16692</run_address>
         <size>0x113</size>
         <input_file_ref idref="fl-dc"/>
      </object_component>
      <object_component id="oc-134">
         <name>.debug_info</name>
         <load_address>0x167a5</load_address>
         <run_address>0x167a5</run_address>
         <size>0x21f</size>
         <input_file_ref idref="fl-dc"/>
      </object_component>
      <object_component id="oc-243">
         <name>.debug_info</name>
         <load_address>0x169c4</load_address>
         <run_address>0x169c4</run_address>
         <size>0x385</size>
         <input_file_ref idref="fl-dd"/>
      </object_component>
      <object_component id="oc-141">
         <name>.debug_info</name>
         <load_address>0x16d49</load_address>
         <run_address>0x16d49</run_address>
         <size>0x1543</size>
         <input_file_ref idref="fl-dd"/>
      </object_component>
      <object_component id="oc-244">
         <name>.debug_info</name>
         <load_address>0x1828c</load_address>
         <run_address>0x1828c</run_address>
         <size>0x86</size>
         <input_file_ref idref="fl-dd"/>
      </object_component>
      <object_component id="oc-321">
         <name>.debug_info</name>
         <load_address>0x18312</load_address>
         <run_address>0x18312</run_address>
         <size>0x46</size>
         <input_file_ref idref="fl-dd"/>
      </object_component>
      <object_component id="oc-249">
         <name>.debug_info</name>
         <load_address>0x18358</load_address>
         <run_address>0x18358</run_address>
         <size>0x39</size>
         <input_file_ref idref="fl-dd"/>
      </object_component>
      <object_component id="oc-c3">
         <name>.debug_info</name>
         <load_address>0x18391</load_address>
         <run_address>0x18391</run_address>
         <size>0x166</size>
         <input_file_ref idref="fl-de"/>
      </object_component>
      <object_component id="oc-66">
         <name>.debug_info</name>
         <load_address>0x184f7</load_address>
         <run_address>0x184f7</run_address>
         <size>0x167</size>
         <input_file_ref idref="fl-de"/>
      </object_component>
      <object_component id="oc-12c">
         <name>.debug_info</name>
         <load_address>0x1865e</load_address>
         <run_address>0x1865e</run_address>
         <size>0x5e</size>
         <input_file_ref idref="fl-de"/>
      </object_component>
      <object_component id="oc-31c">
         <name>.debug_info</name>
         <load_address>0x186bc</load_address>
         <run_address>0x186bc</run_address>
         <size>0x114</size>
         <input_file_ref idref="fl-df"/>
      </object_component>
      <object_component id="oc-237">
         <name>.debug_info</name>
         <load_address>0x187d0</load_address>
         <run_address>0x187d0</run_address>
         <size>0x171</size>
         <input_file_ref idref="fl-df"/>
      </object_component>
      <object_component id="oc-bb">
         <name>.debug_info</name>
         <load_address>0x18941</load_address>
         <run_address>0x18941</run_address>
         <size>0x2e9</size>
         <input_file_ref idref="fl-e0"/>
      </object_component>
      <object_component id="oc-60">
         <name>.debug_info</name>
         <load_address>0x18c2a</load_address>
         <run_address>0x18c2a</run_address>
         <size>0x190</size>
         <input_file_ref idref="fl-e0"/>
      </object_component>
      <object_component id="oc-101">
         <name>.debug_info</name>
         <load_address>0x18dba</load_address>
         <run_address>0x18dba</run_address>
         <size>0x39</size>
         <input_file_ref idref="fl-e0"/>
      </object_component>
      <object_component id="oc-19f">
         <name>.debug_info</name>
         <load_address>0x18df3</load_address>
         <run_address>0x18df3</run_address>
         <size>0x39</size>
         <input_file_ref idref="fl-e0"/>
      </object_component>
      <object_component id="oc-106">
         <name>.debug_info</name>
         <load_address>0x18e2c</load_address>
         <run_address>0x18e2c</run_address>
         <size>0xcd</size>
         <input_file_ref idref="fl-e0"/>
      </object_component>
      <object_component id="oc-fd">
         <name>.debug_info</name>
         <load_address>0x18ef9</load_address>
         <run_address>0x18ef9</run_address>
         <size>0x1e0</size>
         <input_file_ref idref="fl-e1"/>
      </object_component>
      <object_component id="oc-af">
         <name>.debug_info</name>
         <load_address>0x190d9</load_address>
         <run_address>0x190d9</run_address>
         <size>0x183</size>
         <input_file_ref idref="fl-e1"/>
      </object_component>
      <object_component id="oc-19a">
         <name>.debug_info</name>
         <load_address>0x1925c</load_address>
         <run_address>0x1925c</run_address>
         <size>0x2c</size>
         <input_file_ref idref="fl-e1"/>
      </object_component>
      <object_component id="oc-381">
         <name>.debug_info</name>
         <load_address>0x19288</load_address>
         <run_address>0x19288</run_address>
         <size>0xee</size>
         <input_file_ref idref="fl-e2"/>
      </object_component>
      <object_component id="oc-319">
         <name>.debug_info</name>
         <load_address>0x19376</load_address>
         <run_address>0x19376</run_address>
         <size>0xfa</size>
         <input_file_ref idref="fl-e2"/>
      </object_component>
      <object_component id="oc-220">
         <name>.debug_info</name>
         <load_address>0x19470</load_address>
         <run_address>0x19470</run_address>
         <size>0x144</size>
         <input_file_ref idref="fl-e3"/>
      </object_component>
[...]
      </symbol>
      <symbol id="sm-220">
         <name>Default_Handler</name>
         <value>0x1ee3</value>
         <object_component_ref idref="oc-7b"/>
      </symbol>
      <symbol id="sm-221">
         <name>interruptVectors</name>
         <value>0x0</value>
         <object_component_ref idref="oc-2c"/>
      </symbol>
      <symbol id="sm-233">
         <name>g_sFontFixed6x8</name>
         <value>0x39d8</value>
         <object_component_ref idref="oc-1d7"/>
      </symbol>
      <symbol id="sm-265">
         <name>Graphics_setBackgroundColor</name>
         <value>0x2f1b</value>
         <object_component_ref idref="oc-1bf"/>
      </symbol>
      <symbol id="sm-266">
         <name>Graphics_setFont</name>
         <value>0x2f93</value>
         <object_component_ref idref="oc-1c5"/>
      </symbol>
      <symbol id="sm-267">
         <name>Graphics_initContext</name>
         <value>0x2d85</value>
         <object_component_ref idref="oc-1b3"/>
      </symbol>
      <symbol id="sm-268">
         <name>Graphics_setForegroundColor</name>
         <value>0x2f29</value>
         <object_component_ref idref="oc-1b9"/>
      </symbol>
      <symbol id="sm-269">
         <name>Graphics_clearDisplay</name>
         <value>0x2f75</value>
         <object_component_ref idref="oc-1cb"/>
      </symbol>
      <symbol id="sm-296">
         <name>Graphics_clearDisplayOnDisplay</name>
         <value>0x2f7f</value>
         <object_component_ref idref="oc-2ae"/>
      </symbol>
      <symbol id="sm-297">
         <name>Graphics_drawPixelOnDisplay</name>
         <value>0x2f0d</value>
         <object_component_ref idref="oc-16b"/>
      </symbol>
      <symbol id="sm-298">
         <name>Graphics_translateColorOnDisplay</name>
         <value>0x2f89</value>
         <object_component_ref idref="oc-258"/>
      </symbol>
      <symbol id="sm-299">
         <name>Graphics_drawHorizontalLineOnDisplay</name>
         <value>0x2e8f</value>
         <object_component_ref idref="oc-2f0"/>
      </symbol>
      <symbol id="sm-29a">
         <name>Graphics_drawMultiplePixelsOnDisplay</name>
         <value>0x2d15</value>
         <object_component_ref idref="oc-165"/>
      </symbol>
      <symbol id="sm-2c9">
         <name>Graphics_drawImage</name>
         <value>0x14ef</value>
         <object_component_ref idref="oc-e3"/>
      </symbol>
      <symbol id="sm-319">
         <name>Graphics_drawStringCentered</name>
         <value>0x2b57</value>
         <object_component_ref idref="oc-dd"/>
      </symbol>
      <symbol id="sm-31a">
         <name>Graphics_drawString</name>
         <value>0x121f</value>
         <object_component_ref idref="oc-123"/>
      </symbol>
      <symbol id="sm-31b">
         <name>Graphics_getStringWidth</name>
         <value>0x2551</value>
         <object_component_ref idref="oc-14d"/>
      </symbol>
      <symbol id="sm-32a">
         <name>Graphics_drawLineH</name>
         <value>0x29d1</value>
         <object_component_ref idref="oc-1e1"/>
      </symbol>
      <symbol id="sm-368">
         <name>GPIO_setOutputHighOnPin</name>
         <value>0x2ebd</value>
         <object_component_ref idref="oc-286"/>
      </symbol>
      <symbol id="sm-369">
         <name>GPIO_setAsOutputPin</name>
         <value>0x2d3d</value>
         <object_component_ref idref="oc-333"/>
      </symbol>
      <symbol id="sm-36a">
         <name>GPIO_setOutputLowOnPin</name>
         <value>0x2e19</value>
         <object_component_ref idref="oc-280"/>
      </symbol>
      <symbol id="sm-36b">
         <name>GPIO_setAsPeripheralModuleFunctionOutputPin</name>
         <value>0x28a1</value>
         <object_component_ref idref="oc-32d"/>
      </symbol>
      <symbol id="sm-3a3">
         <name>EUSCI_B_SPI_enable</name>
         <value>0x2f51</value>
         <object_component_ref idref="oc-390"/>
      </symbol>
      <symbol id="sm-3a4">
         <name>SPI_enableModule</name>
         <value>0x2dfd</value>
         <object_component_ref idref="oc-340"/>
      </symbol>
      <symbol id="sm-3a5">
         <name>EUSCI_A_SPI_enable</name>
         <value>0x2f45</value>
         <object_component_ref idref="oc-396"/>
      </symbol>
      <symbol id="sm-3a6">
         <name>SPI_initMaster</name>
         <value>0x21dd</value>
         <object_component_ref idref="oc-33a"/>
      </symbol>
      <symbol id="sm-3b8">
         <name>_c_int00</name>
         <value>0x27f9</value>
         <object_component_ref idref="oc-26"/>
      </symbol>
      <symbol id="sm-3b9">
         <name>__stack</name>
         <value>0x2000f800</value>
         <object_component_ref idref="oc-2f"/>
      </symbol>
      <symbol id="sm-3d7">
         <name>__TI_decompress_lzss</name>
         <value>0x2621</value>
         <object_component_ref idref="oc-14"/>
      </symbol>
      <symbol id="sm-3ee">
         <name>__TI_decompress_none</name>
         <value>0x2f37</value>
         <object_component_ref idref="oc-1a"/>
      </symbol>
      <symbol id="sm-405">
         <name>__TI_zero_init</name>
         <value>0x2f69</value>
         <object_component_ref idref="oc-20"/>
      </symbol>
      <symbol id="sm-426">
         <name>C$$EXIT</name>
         <value>0x284d</value>
         <object_component_ref idref="oc-6b"/>
      </symbol>
      <symbol id="sm-427">
         <name>abort</name>
         <value>0x2851</value>
         <object_component_ref idref="oc-6b"/>
      </symbol>
      <symbol id="sm-428">
         <name>exit</name>
         <value>0x2859</value>
         <object_component_ref idref="oc-6b"/>
      </symbol>
      <symbol id="sm-429">
         <name>__TI_dtors_ptr</name>
         <value>0x2000046c</value>
         <object_component_ref idref="oc-c4"/>
      </symbol>
      <symbol id="sm-42a">
         <name>__TI_cleanup_ptr</name>
         <value>0x20000468</value>
         <object_component_ref idref="oc-c4"/>
      </symbol>
      <symbol id="sm-42b">
         <name>__TI_enable_exit_profile_output</name>
         <value>0x20000470</value>
         <object_component_ref idref="oc-c4"/>
      </symbol>
      <symbol id="sm-446">
         <name>memcpy</name>
         <value>0x20a9</value>
         <object_component_ref idref="oc-3b"/>
      </symbol>
      <symbol id="sm-447">
         <name>__aeabi_memcpy</name>
         <value>0x20a9</value>
         <object_component_ref idref="oc-3b"/>
      </symbol>
      <symbol id="sm-448">
         <name>__aeabi_memcpy8</name>
         <value>0x20a9</value>
         <object_component_ref idref="oc-3b"/>
      </symbol>
      <symbol id="sm-449">
         <name>__aeabi_memcpy4</name>
         <value>0x20a9</value>
         <object_component_ref idref="oc-3b"/>
      </symbol>
      <symbol id="sm-458">
         <name>__aeabi_memset</name>
         <value>0x23f7</value>
         <object_component_ref idref="oc-47"/>
      </symbol>
      <symbol id="sm-459">
         <name>memset</name>
         <value>0x23fd</value>
         <object_component_ref idref="oc-47"/>
      </symbol>
      <symbol id="sm-45a">
         <name>__aeabi_memset8</name>
         <value>0x23f7</value>
         <object_component_ref idref="oc-47"/>
      </symbol>
      <symbol id="sm-45b">
         <name>__aeabi_memset4</name>
         <value>0x23f7</value>
         <object_component_ref idref="oc-47"/>
      </symbol>
      <symbol id="sm-45c">
         <name>__aeabi_memclr8</name>
         <value>0x23f5</value>
         <object_component_ref idref="oc-47"/>
      </symbol>
      <symbol id="sm-45d">
         <name>__aeabi_memclr4</name>
         <value>0x23f5</value>
         <object_component_ref idref="oc-47"/>
      </symbol>
      <symbol id="sm-45e">
         <name>__aeabi_memclr</name>
         <value>0x23f5</value>
         <object_component_ref idref="oc-47"/>
      </symbol>
      <symbol id="sm-468">
         <name>__mpu_init</name>
         <value>0x246f</value>
         <object_component_ref idref="oc-53"/>
      </symbol>
      <symbol id="sm-472">
         <name>_system_pre_init</name>
         <value>0x2f97</value>
         <object_component_ref idref="oc-59"/>
      </symbol>
      <symbol id="sm-48b">
         <name>sprintf</name>
         <value>0x26ed</value>
         <object_component_ref idref="oc-d7"/>
      </symbol>
      <symbol id="sm-493">
         <name>main_func_sp</name>
         <value>0x20000488</value>
         <object_component_ref idref="oc-71"/>
      </symbol>
      <symbol id="sm-4ac">
         <name>_nop</name>
         <value>0x2edf</value>
         <object_component_ref idref="oc-133"/>
      </symbol>
      <symbol id="sm-4ad">
         <name>_lock</name>
         <value>0x20000474</value>
         <object_component_ref idref="oc-c7"/>
      </symbol>
      <symbol id="sm-4ae">
         <name>_unlock</name>
         <value>0x20000478</value>
         <object_component_ref idref="oc-c7"/>
      </symbol>
      <symbol id="sm-4af">
         <name>_register_lock</name>
         <value>0x2ed7</value>
         <object_component_ref idref="oc-133"/>
      </symbol>
      <symbol id="sm-4b0">
         <name>_register_unlock</name>
         <value>0x2ed1</value>
         <object_component_ref idref="oc-133"/>
      </symbol>
      <symbol id="sm-5b1">
         <name>__TI_printfi</name>
         <value>0x925</value>
         <object_component_ref idref="oc-140"/>
      </symbol>
      <symbol id="sm-5c5">
         <name>_args_main</name>
         <value>0x2e61</value>
         <object_component_ref idref="oc-65"/>
      </symbol>
      <symbol id="sm-5db">
         <name>atoi</name>
         <value>0x2939</value>
         <object_component_ref idref="oc-236"/>
      </symbol>
      <symbol id="sm-605">
         <name>__TI_auto_init</name>
         <value>0x24e1</value>
         <object_component_ref idref="oc-5f"/>
      </symbol>
      <symbol id="sm-61f">
         <name>copy_in</name>
         <value>0x2985</value>
         <object_component_ref idref="oc-ae"/>
      </symbol>
      <symbol id="sm-62a">
         <name>_ctypes_</name>
         <value>0x38d4</value>
         <object_component_ref idref="oc-318"/>
      </symbol>
      <symbol id="sm-641">
         <name>__aeabi_dsub</name>
         <value>0x18e3</value>
         <object_component_ref idref="oc-21f"/>
      </symbol>
      <symbol id="sm-642">
         <name>__aeabi_dadd</name>
         <value>0x18ed</value>
         <object_component_ref idref="oc-21f"/>
      </symbol>
      <symbol id="sm-664">
         <name>__aeabi_cdcmpeq</name>
         <value>0x2265</value>
         <object_component_ref idref="oc-1fb"/>
      </symbol>
      <symbol id="sm-665">
         <name>__aeabi_cdcmple</name>
         <value>0x2265</value>
         <object_component_ref idref="oc-1fb"/>
      </symbol>
      <symbol id="sm-666">
         <name>__aeabi_cdrcmple</name>
         <value>0x22eb</value>
         <object_component_ref idref="oc-20a"/>
      </symbol>
      <symbol id="sm-67a">
         <name>__aeabi_ddiv</name>
         <value>0x1a99</value>
         <object_component_ref idref="oc-205"/>
      </symbol>
      <symbol id="sm-685">
         <name>__aeabi_dmul</name>
         <value>0x1de7</value>
         <object_component_ref idref="oc-200"/>
      </symbol>
      <symbol id="sm-68f">
         <name>__aeabi_d2iz</name>
         <value>0x2a1b</value>
         <object_component_ref idref="oc-20f"/>
      </symbol>
      <symbol id="sm-699">
         <name>__aeabi_i2d</name>
         <value>0x2c91</value>
         <object_component_ref idref="oc-21a"/>
      </symbol>
      <symbol id="sm-6a8">
         <name>ltoa</name>
         <value>0x27a3</value>
         <object_component_ref idref="oc-214"/>
      </symbol>
      <symbol id="sm-6b8">
         <name>memccpy</name>
         <value>0x2dc7</value>
         <object_component_ref idref="oc-23c"/>
      </symbol>
      <symbol id="sm-6d3">
         <name>frexpl</name>
         <value>0x2689</value>
         <object_component_ref idref="oc-224"/>
      </symbol>
      <symbol id="sm-6d4">
         <name>frexp</name>
         <value>0x2689</value>
         <object_component_ref idref="oc-224"/>
      </symbol>
      <symbol id="sm-6f1">
         <name>scalbn</name>
         <value>0x1ee5</value>
         <object_component_ref idref="oc-22a"/>
      </symbol>
      <symbol id="sm-6f2">
         <name>scalbnl</name>
         <value>0x1ee5</value>
         <object_component_ref idref="oc-22a"/>
      </symbol>
      <symbol id="sm-6f3">
         <name>ldexpl</name>
         <value>0x1ee5</value>
         <object_component_ref idref="oc-22a"/>
      </symbol>
      <symbol id="sm-6f4">
         <name>ldexp</name>
         <value>0x1ee5</value>
         <object_component_ref idref="oc-22a"/>
      </symbol>
      <symbol id="sm-6fe">
         <name>_system_post_cinit</name>
         <value>0x2a63</value>
         <object_component_ref idref="oc-b4"/>
      </symbol>
      <symbol id="sm-70e">
         <name>strchr</name>
         <value>0x2ea5</value>
         <object_component_ref idref="oc-230"/>
      </symbol>
      <symbol id="sm-71c">
         <name>strlen</name>
         <value>0x2ef9</value>
         <object_component_ref idref="oc-1f5"/>
      </symbol>
      <symbol id="sm-738">
         <name>__aeabi_uldivmod</name>
         <value>0x16ef</value>
         <object_component_ref idref="oc-1f0"/>
      </symbol>
      <symbol id="sm-740">
         <name>errno</name>
         <value>0x20000484</value>
         <object_component_ref idref="oc-311"/>
      </symbol>
      <symbol id="sm-74a">
         <name>copysign</name>
         <value>0x2ee5</value>
         <object_component_ref idref="oc-30b"/>
      </symbol>
      <symbol id="sm-74b">
         <name>copysignl</name>
         <value>0x2ee5</value>
         <object_component_ref idref="oc-30b"/>
      </symbol>
      <symbol id="sm-74c">
         <name>__TI_static_base__</name>
         <value>0x0</value>
      </symbol>
      <symbol id="sm-74f">
         <name>SHT$$INIT_ARRAY$$Limit</name>
         <value>0x0</value>
      </symbol>
      <symbol id="sm-750">
         <name>SHT$$INIT_ARRAY$$Base</name>
         <value>0x0</value>
      </symbol>
      <symbol id="sm-751">
         <name>NMI_Handler</name>
         <value>0x1ee3</value>
      </symbol>
      <symbol id="sm-752">
         <name>HardFault_Handler</name>
         <value>0x1ee3</value>
      </symbol>
      <symbol id="sm-753">
         <name>MemManage_Handler</name>
         <value>0x1ee3</value>
      </symbol>
      <symbol id="sm-754">
         <name>BusFault_Handler</name>
         <value>0x1ee3</value>
      </symbol>
      <symbol id="sm-755">
         <name>UsageFault_Handler</name>
         <value>0x1ee3</value>
      </symbol>
      <symbol id="sm-756">
         <name>SVC_Handler</name>
         <value>0x1ee3</value>
      </symbol>
      <symbol id="sm-757">
         <name>DebugMon_Handler</name>
         <value>0x1ee3</value>
      </symbol>
      <symbol id="sm-758">
         <name>PendSV_Handler</name>
         <value>0x1ee3</value>
      </symbol>
      <symbol id="sm-759">
         <name>SysTick_Handler</name>
         <value>0x1ee3</value>
      </symbol>
      <symbol id="sm-75a">
         <name>PSS_IRQHandler</name>
         <value>0x1ee3</value>
      </symbol>
      <symbol id="sm-75b">
         <name>CS_IRQHandler</name>
         <value>0x1ee3</value>
      </symbol>
      <symbol id="sm-75c">
         <name>PCM_IRQHandler</name>
         <value>0x1ee3</value>
      </symbol>
      <symbol id="sm-75d">
         <name>WDT_A_IRQHandler</name>
         <value>0x1ee3</value>
      </symbol>
      <symbol id="sm-75e">
         <name>FPU_IRQHandler</name>
         <value>0x1ee3</value>
      </symbol>
      <symbol id="sm-75f">
         <name>FLCTL_IRQHandler</name>
         <value>0x1ee3</value>
      </symbol>
      <symbol id="sm-760">
         <name>COMP_E0_IRQHandler</name>
         <value>0x1ee3</value>
      </symbol>
      <symbol id="sm-761">
         <name>COMP_E1_IRQHandler</name>
         <value>0x1ee3</value>
      </symbol>
      <symbol id="sm-762">
         <name>TA0_0_IRQHandler</name>
         <value>0x1fe1</value>
      </symbol>
      <symbol id="sm-763">
         <name>TA0_N_IRQHandler</name>
         <value>0x1ee3</value>
      </symbol>
      <symbol id="sm-764">
         <name>TA1_0_IRQHandler</name>
         <value>0x1ee3</value>
      </symbol>
      <symbol id="sm-765">
         <name>TA1_N_IRQHandler</name>
         <value>0x1ee3</value>
      </symbol>
      <symbol id="sm-766">
         <name>TA2_0_IRQHandler</name>
         <value>0x1ee3</value>
      </symbol>
      <symbol id="sm-767">
         <name>TA2_N_IRQHandler</name>
         <value>0x1ee3</value>
      </symbol>
      <symbol id="sm-768">
         <name>TA3_0_IRQHandler</name>
         <value>0x1ee3</value>
      </symbol>
      <symbol id="sm-769">
         <name>TA3_N_IRQHandler</name>
         <value>0x1ee3</value>
      </symbol>
      <symbol id="sm-76a">
         <name>EUSCIA0_IRQHandler</name>
         <value>0x1ee3</value>
      </symbol>
      <symbol id="sm-76b">
         <name>EUSCIA1_IRQHandler</name>
         <value>0x1ee3</value>
      </symbol>
      <symbol id="sm-76c">
         <name>EUSCIA2_IRQHandler</name>
         <value>0x1ee3</value>
      </symbol>
      <symbol id="sm-76d">
         <name>EUSCIA3_IRQHandler</name>
         <value>0x1ee3</value>
      </symbol>
      <symbol id="sm-76e">
         <name>EUSCIB0_IRQHandler</name>
         <value>0x1ee3</value>
      </symbol>
      <symbol id="sm-76f">
         <name>EUSCIB1_IRQHandler</name>
         <value>0x1ee3</value>
      </symbol>
      <symbol id="sm-770">
         <name>EUSCIB2_IRQHandler</name>
         <value>0x1ee3</value>
      </symbol>
      <symbol id="sm-771">
         <name>EUSCIB3_IRQHandler</name>
         <value>0x1ee3</value>
      </symbol>
      <symbol id="sm-772">
         <name>ADC14_IRQHandler</name>
         <value>0x1ee3</value>
      </symbol>
      <symbol id="sm-773">
         <name>T32_INT1_IRQHandler</name>
         <value>0x1ee3</value>
      </symbol>
      <symbol id="sm-774">
         <name>T32_INT2_IRQHandler</name>
         <value>0x1ee3</value>
      </symbol>
      <symbol id="sm-775">
         <name>T32_INTC_IRQHandler</name>
         <value>0x1ee3</value>
      </symbol>
      <symbol id="sm-776">
         <name>AES256_IRQHandler</name>
         <value>0x1ee3</value>
      </symbol>
      <symbol id="sm-777">
         <name>RTC_C_IRQHandler</name>
         <value>0x1ee3</value>
      </symbol>
      <symbol id="sm-778">
         <name>DMA_ERR_IRQHandler</name>
         <value>0x1ee3</value>
      </symbol>
      <symbol id="sm-779">
         <name>DMA_INT3_IRQHandler</name>
         <value>0x1ee3</value>
      </symbol>
      <symbol id="sm-77a">
         <name>DMA_INT2_IRQHandler</name>
         <value>0x1ee3</value>
      </symbol>
      <symbol id="sm-77b">
         <name>DMA_INT1_IRQHandler</name>
         <value>0x1ee3</value>
      </symbol>
      <symbol id="sm-77c">
         <name>DMA_INT0_IRQHandler</name>
         <value>0x1ee3</value>
      </symbol>
      <symbol id="sm-77d">
         <name>PORT1_IRQHandler</name>
         <value>0x1ee3</value>
      </symbol>
      <symbol id="sm-77e">
         <name>PORT2_IRQHandler</name>
         <value>0x1ee3</value>
      </symbol>
      <symbol id="sm-77f">
         <name>PORT3_IRQHandler</name>
         <value>0x2b91</value>
      </symbol>
      <symbol id="sm-780">
         <name>PORT4_IRQHandler</name>
         <value>0x1ee3</value>
      </symbol>
      <symbol id="sm-781">
         <name>PORT5_IRQHandler</name>
         <value>0x2d61</value>
      </symbol>
      <symbol id="sm-782">
         <name>PORT6_IRQHandler</name>
         <value>0x1ee3</value>
      </symbol>
   </symbol_table>
   <title>Link successful</title>
</link_info>
