******************************************************************************
                  TI ARM Linker Unix v16.9.0                   
******************************************************************************
>> Linked Fri Apr 28 21:54:19 2017

OUTPUT FILE NAME:   <Joy3.out>
ENTRY POINT SYMBOL: "_c_int00"  address: 000029bd


MEMORY CONFIGURATION

         name            origin    length      used     unused   attr    fill
----------------------  --------  ---------  --------  --------  ----  --------
  MAIN                  00000000   00040000  00003682  0003c97e  R  X
  INFO                  00200000   00004000  00000000  00004000  R  X
  SRAM_CODE             01000000   00010000  0000089d  0000f763  RW X
  SRAM_DATA             20000000   00010000  0000089d  0000f763  RW  


SEGMENT ALLOCATION MAP

run origin  load origin   length   init length attrs members
----------  ----------- ---------- ----------- ----- -------
00000000    00000000    00003688   00003688    r-x
  00000000    00000000    000000e4   000000e4    r-- .intvecs
  000000e4    000000e4    00003012   00003012    r-x .text
  000030f8    000030f8    00000524   00000524    r-- .const
  00003620    00003620    00000068   00000068    r-- .cinit
20000000    20000000    0000009e   00000000    rw-
  20000000    20000000    0000005f   00000000    rw- .data
  20000060    20000060    0000003e   00000000    rw- .bss
2000f800    2000f800    00000800   00000000    rw-
  2000f800    2000f800    00000800   00000000    rw- .stack


SECTION ALLOCATION MAP

 output                                  attributes/
section   page    origin      length       input sections
--------  ----  ----------  ----------   ----------------
.intvecs   0    00000000    000000e4     
                  00000000    000000e4     startup_msp432p401r_ccs.obj (.intvecs:retain)

.text      0    000000e4    00003012     
                  000000e4    0000113a     rtsv7M4_T_le_v4SPD16_eabi.lib : _printfi.obj (.text)
                  0000121e    000002d0     grlib.lib : string.o (.text:Graphics_drawString)
                  000014ee    000001f4     rtsv7M4_T_le_v4SPD16_eabi.lib : ull_div_t2.obj (.text)
                  000016e2    00000002     Crystalfontz128x128_ST7735.obj (.text:Crystalfontz128x128_Flush)
                  000016e4    000001e4     joystick_draw3 (1).obj (.text:main)
                  000018c8    000001b6     rtsv7M4_T_le_v4SPD16_eabi.lib : fd_add_t2.obj (.text)
                  00001a7e    00000144     grlib.lib : circle.o (.text:Graphics_fillCircle)
                  00001bc2    00000136     rtsv7M4_T_le_v4SPD16_eabi.lib : fd_div_t2.obj (.text)
                  00001cf8    00000110     Crystalfontz128x128_ST7735.obj (.text:Crystalfontz128x128_Init)
                  00001e08    00000106     Crystalfontz128x128_ST7735.obj (.text:Crystalfontz128x128_PixelDrawMultiple)
                  00001f0e    000000fc     rtsv7M4_T_le_v4SPD16_eabi.lib : fd_mul_t2.obj (.text)
                  0000200a    00000002     startup_msp432p401r_ccs.obj (.text:Default_Handler)
                  0000200c    000000fc     rtsv7M4_T_le_v4SPD16_eabi.lib : s_scalbn.obj (.text)
                  00002108    0000009c     joystick_draw3 (1).obj (.text:init_ADC)
                  000021a4    0000009c     rtsv7M4_T_le_v4SPD16_eabi.lib : memcpy_t2.obj (.text)
                  00002240    00000088     msp432p4xx_driverlib.lib : spi.o (.text:SPI_initMaster)
                  000022c8    00000086     rtsv7M4_T_le_v4SPD16_eabi.lib : fd_cmp_t2.obj (.text:__aeabi_cdcmple)
                  0000234e    00000086                                   : fd_cmp_t2.obj (.text:__aeabi_cdrcmple)
                  000023d4    00000084     Crystalfontz128x128_ST7735.obj (.text:Crystalfontz128x128_SetDrawFrame)
                  00002458    00000080     joystick_draw3 (1).obj (.text:EUSCIA2_IRQHandler)
                  000024d8    0000007a     rtsv7M4_T_le_v4SPD16_eabi.lib : memset_t2.obj (.text)
                  00002552    00000002                                   : mpu_init.obj (.text)
                  00002554    00000078     joystick_draw3 (1).obj (.text:init_display)
                  000025cc    00000070     joystick_draw3 (1).obj (.text:ADC14_IRQHandler)
                  0000263c    00000070     rtsv7M4_T_le_v4SPD16_eabi.lib : autoinit.obj (.text)
                  000026ac    00000068     grlib.lib : string.o (.text:Graphics_getStringWidth)
                  00002714    00000068     system_msp432p401r.obj (.text:SystemInit)
                  0000277c    00000068     rtsv7M4_T_le_v4SPD16_eabi.lib : copy_decompress_lzss.obj (.text:decompress:lzss)
                  000027e4    00000068     joystick_draw3 (1).obj (.text:print_current_results)
                  0000284c    00000064     rtsv7M4_T_le_v4SPD16_eabi.lib : s_frexp.obj (.text)
                  000028b0    00000060                                   : sprintf.obj (.text)
                  00002910    00000056     Crystalfontz128x128_ST7735.obj (.text:Crystalfontz128x128_RectFill)
                  00002966    00000056     rtsv7M4_T_le_v4SPD16_eabi.lib : ltoa.obj (.text)
                  000029bc    00000054                                   : boot.obj (.text)
                  00002a10    00000054                                   : exit.obj (.text)
                  00002a64    00000050     joystick_draw3 (1).obj (.text:put_dot)
                  00002ab4    00000050     joystick_draw3 (1).obj (.text:put_other_dot)
                  00002b04    0000004c     msp432p4xx_driverlib.lib : gpio.o (.text:GPIO_setAsPeripheralModuleFunctionOutputPin)
                  00002b50    0000004c     rtsv7M4_T_le_v4SPD16_eabi.lib : atoi.obj (.text)
                  00002b9c    0000004c                                   : cpy_tbl.obj (.text)
                  00002be8    0000004a     grlib.lib : line.o (.text:Graphics_drawLineH)
                  00002c32    00000048     rtsv7M4_T_le_v4SPD16_eabi.lib : fd_toi_t2.obj (.text)
                  00002c7a    00000002                                   : startup.obj (.text)
                  00002c7c    00000040     HAL_MSP_EXP432P401R_Crystalfontz128x128_ST7735.obj (.text:HAL_LCD_SpiInit)
                  00002cbc    0000003c     Crystalfontz128x128_ST7735.obj (.text:Crystalfontz128x128_LineDrawV)
                  00002cf8    0000003a     Crystalfontz128x128_ST7735.obj (.text:Crystalfontz128x128_LineDrawH)
                  00002d32    00000038     grlib.lib : string.o (.text:Graphics_drawStringCentered)
                  00002d6a    00000002     --HOLE-- [fill = 0]
                  00002d6c    00000034     Crystalfontz128x128_ST7735.obj (.text:Crystalfontz128x128_SetOrientation)
                  00002da0    00000030     HAL_MSP_EXP432P401R_Crystalfontz128x128_ST7735.obj (.text:HAL_LCD_PortInit)
                  00002dd0    00000030     msp432p4xx_driverlib.lib : spi.o (.text:is_A_Module)
                  00002e00    0000002e     rtsv7M4_T_le_v4SPD16_eabi.lib : i_tofd_t2.obj (.text)
                  00002e2e    00000002     --HOLE-- [fill = 0]
                  00002e30    0000002c     HAL_MSP_EXP432P401R_Crystalfontz128x128_ST7735.obj (.text:HAL_LCD_writeCommand)
                  00002e5c    00000028     Crystalfontz128x128_ST7735.obj (.text:Crystalfontz128x128_PixelDraw)
                  00002e84    00000024     msp432p4xx_driverlib.lib : cs.o (.text:CS_setDCOCenteredFrequency)
                  00002ea8    00000024                              : gpio.o (.text:GPIO_setAsOutputPin)
                  00002ecc    00000022     grlib.lib : context.o (.text:Graphics_initContext)
                  00002eee    00000020     Crystalfontz128x128_ST7735.obj (.text:Crystalfontz128x128_ClearScreen)
                  00002f0e    0000001e     joystick_draw3 (1).obj (.text:init_WDT)
                  00002f2c    0000001c     rtsv7M4_T_le_v4SPD16_eabi.lib : memccpy.obj (.text)
                  00002f48    0000001a     grlib.lib : string.o (.text:Graphics_getNumberOfLeadingZeros)
                  00002f62    0000001a     msp432p4xx_driverlib.lib : spi.o (.text:SPI_enableModule)
                  00002f7c    00000018                              : gpio.o (.text:GPIO_setOutputLowOnPin)
                  00002f94    00000018     HAL_MSP_EXP432P401R_Crystalfontz128x128_ST7735.obj (.text:HAL_LCD_writeData)
                  00002fac    00000018     rtsv7M4_T_le_v4SPD16_eabi.lib : args_main.obj (.text)
                  00002fc4    00000016     Crystalfontz128x128_ST7735.obj (.text:Crystalfontz128x128_ColorTranslate)
                  00002fda    00000016     grlib.lib : display.o (.text:Graphics_drawHorizontalLineOnDisplay)
                  00002ff0    00000016     rtsv7M4_T_le_v4SPD16_eabi.lib : strchr.obj (.text)
                  00003006    00000002     --HOLE-- [fill = 0]
                  00003008    00000014     msp432p4xx_driverlib.lib : gpio.o (.text:GPIO_setOutputHighOnPin)
                  0000301c    00000014     rtsv7M4_T_le_v4SPD16_eabi.lib : _lock.obj (.text)
                  00003030    00000014                                   : s_copysign.obj (.text)
                  00003044    00000014                                   : strlen.obj (.text)
                  00003058    00000010     joystick_draw3 (1).obj (.text:WDT_A_IRQHandler)
                  00003068    0000000e     grlib.lib : display.o (.text:Graphics_drawPixelOnDisplay)
                  00003076    0000000e               : context.o (.text:Graphics_setBackgroundColor)
                  00003084    0000000e               : context.o (.text:Graphics_setForegroundColor)
                  00003092    0000000e     rtsv7M4_T_le_v4SPD16_eabi.lib : copy_decompress_none.obj (.text:decompress:none)
                  000030a0    0000000c     msp432p4xx_driverlib.lib : spi.o (.text:EUSCI_A_SPI_enable)
                  000030ac    0000000c                              : spi.o (.text:EUSCI_B_SPI_enable)
                  000030b8    0000000c     startup_msp432p401r_ccs.obj (.text:Reset_Handler)
                  000030c4    0000000c     rtsv7M4_T_le_v4SPD16_eabi.lib : copy_zero_init.obj (.text:decompress:ZI)
                  000030d0    0000000a     grlib.lib : context.o (.text:Graphics_clearDisplay)
                  000030da    0000000a               : display.o (.text:Graphics_clearDisplayOnDisplay)
                  000030e4    0000000a               : display.o (.text:Graphics_translateColorOnDisplay)
                  000030ee    00000004               : context.o (.text:Graphics_setFont)
                  000030f2    00000004     rtsv7M4_T_le_v4SPD16_eabi.lib : pre_init.obj (.text)

.const     0    000030f8    00000524     
                  000030f8    000002f8     fontfixed6x8.obj (.const:.string:g_pucFontFixed6x8Data)
                  000033f0    00000101     rtsv7M4_T_le_v4SPD16_eabi.lib : ctype.obj (.const:.string:_ctypes_)
                  000034f1    00000003     --HOLE-- [fill = 0]
                  000034f4    000000c8     fontfixed6x8.obj (.const:g_sFontFixed6x8)
                  000035bc    00000024     joystick_draw3 (1).obj (.const:uartConfig)
                  000035e0    00000020     Crystalfontz128x128_ST7735.obj (.const:g_sCrystalfontz128x128_funcs)
                  00003600    0000001c     HAL_MSP_EXP432P401R_Crystalfontz128x128_ST7735.obj (.const:$P$T0$1)

.cinit     0    00003620    00000068     
                  00003620    0000003f     (.cinit..data.load) [load image, compression = lzss]
                  0000365f    00000001     --HOLE-- [fill = 0]
                  00003660    0000000c     (__TI_handler_table)
                  0000366c    00000004     --HOLE-- [fill = 0]
                  00003670    00000008     (.cinit..bss.load) [load image, compression = zero_init]
                  00003678    00000010     (__TI_cinit_table)

.init_array 
*          0    00000000    00000000     UNINITIALIZED

.binit     0    00000000    00000000     

.data      0    20000000    0000005f     UNINITIALIZED
                  20000000    00000030     msp432p4xx_driverlib.lib : gpio.o (.data:GPIO_PORT_TO_BASE)
                  20000030    00000010     Crystalfontz128x128_ST7735.obj (.data:g_sCrystalfontz128x128)
                  20000040    0000000c     rtsv7M4_T_le_v4SPD16_eabi.lib : exit.obj (.data:$O1$$)
                  2000004c    00000008                                   : _lock.obj (.data:$O1$$)
                  20000054    00000004                                   : errno.obj (.data)
                  20000058    00000004                                   : stkdepth_vars.obj (.data)
                  2000005c    00000003     joystick_draw3 (1).obj (.data)

.bss       0    20000060    0000003e     UNINITIALIZED
                  20000060    0000001c     (.common:g_sContext)
                  2000007c    00000004     (.common:Score_A)
                  20000080    00000004     (.common:resultsBuffer)
                  20000084    00000002     (.common:Lcd_ScreenHeigth)
                  20000086    00000002     (.common:Lcd_ScreenWidth)
                  20000088    00000002     (.common:Lcd_TouchTrim)
                  2000008a    00000002     (.common:buttonPressed)
                  2000008c    00000002     (.common:print_flag)
                  2000008e    00000002     (.common:xscreen)
                  20000090    00000002     (.common:xscreen2)
                  20000092    00000002     (.common:yscreen)
                  20000094    00000002     (.common:yscreen2)
                  20000096    00000001     (.common:Lcd_FlagRead)
                  20000097    00000001     (.common:Lcd_FontSolid)
                  20000098    00000001     (.common:Lcd_Orientation)
                  20000099    00000001     (.common:Lcd_PenSolid)
                  2000009a    00000001     (.common:receivedx)
                  2000009b    00000001     (.common:receivedy)
                  2000009c    00000001     (.common:xdisplay)
                  2000009d    00000001     (.common:ydisplay)

.stack     0    2000f800    00000800     UNINITIALIZED
                  2000f800    00000800     --HOLE--

MODULE SUMMARY

       Module                                               code    ro data   rw data
       ------                                               ----    -------   -------
    ./
       joystick_draw3 (1).obj                               1310    36        110    
       system_msp432p401r.obj                               104     0         0      
    +--+----------------------------------------------------+-------+---------+---------+
       Total:                                               1414    36        110    
                                                                                     
    ./LcdDriver/
       Crystalfontz128x128_ST7735.obj                       1018    32        52     
       HAL_MSP_EXP432P401R_Crystalfontz128x128_ST7735.obj   180     28        0      
    +--+----------------------------------------------------+-------+---------+---------+
       Total:                                               1198    60        52     
                                                                                     
    ./ccs/
       startup_msp432p401r_ccs.obj                          14      228       0      
    +--+----------------------------------------------------+-------+---------+---------+
       Total:                                               14      228       0      
                                                                                     
    ./fonts/
       fontfixed6x8.obj                                     0       960       0      
    +--+----------------------------------------------------+-------+---------+---------+
       Total:                                               0       960       0      
                                                                                     
    /Applications/ti/ccsv7/tools/compiler/ti-cgt-arm_16.9.0.LTS/lib/rtsv7M4_T_le_v4SPD16_eabi.lib
       _printfi.obj                                         4410    0         0      
       ull_div_t2.obj                                       500     0         0      
       fd_add_t2.obj                                        438     0         0      
       fd_div_t2.obj                                        310     0         0      
       fd_cmp_t2.obj                                        268     0         0      
       ctype.obj                                            0       257       0      
       fd_mul_t2.obj                                        252     0         0      
       s_scalbn.obj                                         252     0         0      
       memcpy_t2.obj                                        156     0         0      
       memset_t2.obj                                        122     0         0      
       autoinit.obj                                         112     0         0      
       exit.obj                                             84      0         24     
       copy_decompress_lzss.obj                             104     0         0      
       s_frexp.obj                                          100     0         0      
       sprintf.obj                                          96      0         0      
       ltoa.obj                                             86      0         0      
       boot.obj                                             84      0         0      
       atoi.obj                                             76      0         0      
       cpy_tbl.obj                                          76      0         0      
       fd_toi_t2.obj                                        72      0         0      
       i_tofd_t2.obj                                        46      0         0      
       _lock.obj                                            20      0         16     
       memccpy.obj                                          28      0         0      
       args_main.obj                                        24      0         0      
       strchr.obj                                           22      0         0      
       s_copysign.obj                                       20      0         0      
       strlen.obj                                           20      0         0      
       copy_decompress_none.obj                             14      0         0      
       copy_zero_init.obj                                   12      0         0      
       errno.obj                                            0       0         8      
       stkdepth_vars.obj                                    0       0         8      
       pre_init.obj                                         4       0         0      
       mpu_init.obj                                         2       0         0      
       startup.obj                                          2       0         0      
    +--+----------------------------------------------------+-------+---------+---------+
       Total:                                               7812    257       56     
                                                                                     
    /Users/jadedh/ti/tirex-content/simplelink_msp432_sdk_1_20_00_45/source/ti/devices/msp432p4xx/driverlib/ccs/msp432p4xx_driverlib.lib
       gpio.o                                               156     0         96     
       spi.o                                                234     0         0      
       cs.o                                                 36      0         0      
    +--+----------------------------------------------------+-------+---------+---------+
       Total:                                               426     0         96     
                                                                                     
    /Users/jadedh/ti/tirex-content/simplelink_msp432_sdk_1_20_00_45/source/ti/grlib/ccs/grlib.lib
       string.o                                             906     0         0      
       circle.o                                             324     0         0      
       context.o                                            76      0         0      
       line.o                                               74      0         0      
       display.o                                            56      0         0      
    +--+----------------------------------------------------+-------+---------+---------+
       Total:                                               1436    0         0      
                                                                                     
       Stack:                                               0       0         4096   
       Linker Generated:                                    0       99        0      
    +--+----------------------------------------------------+-------+---------+---------+
       Grand Total:                                         12300   1640      4410   


LINKER GENERATED COPY TABLES

__TI_cinit_table @ 00003678 records: 2, size/record: 8, table size: 16
	.data: load addr=00003620, load size=0000003f bytes, run addr=20000000, run size=0000005f bytes, compression=lzss
	.bss: load addr=00003670, load size=00000008 bytes, run addr=20000060, run size=0000003e bytes, compression=zero_init


LINKER GENERATED HANDLER TABLE

__TI_handler_table @ 00003660 records: 3, size/record: 4, table size: 12
	index: 0, handler: __TI_decompress_lzss
	index: 1, handler: __TI_decompress_none
	index: 2, handler: __TI_zero_init


GLOBAL SYMBOLS: SORTED ALPHABETICALLY BY Name 

address   name                                       
-------   ----                                       
000025cd  ADC14_IRQHandler                           
000025cd  ADC14_IRQHandler                           
0000200b  AES256_IRQHandler                          
0000200b  BusFault_Handler                           
00002a11  C$$EXIT                                    
0000200b  COMP_E0_IRQHandler                         
0000200b  COMP_E1_IRQHandler                         
0000200b  CS_IRQHandler                              
00002e85  CS_setDCOCenteredFrequency                 
00001cf9  Crystalfontz128x128_Init                   
000023d5  Crystalfontz128x128_SetDrawFrame           
00002d6d  Crystalfontz128x128_SetOrientation         
0000200b  DMA_ERR_IRQHandler                         
0000200b  DMA_INT0_IRQHandler                        
0000200b  DMA_INT1_IRQHandler                        
0000200b  DMA_INT2_IRQHandler                        
0000200b  DMA_INT3_IRQHandler                        
0000200b  DebugMon_Handler                           
0000200b  Default_Handler                            
0000200b  EUSCIA0_IRQHandler                         
0000200b  EUSCIA1_IRQHandler                         
00002459  EUSCIA2_IRQHandler                         
00002459  EUSCIA2_IRQHandler                         
0000200b  EUSCIA3_IRQHandler                         
0000200b  EUSCIB0_IRQHandler                         
0000200b  EUSCIB1_IRQHandler                         
0000200b  EUSCIB2_IRQHandler                         
0000200b  EUSCIB3_IRQHandler                         
000030a1  EUSCI_A_SPI_enable                         
000030ad  EUSCI_B_SPI_enable                         
0000200b  FLCTL_IRQHandler                           
0000200b  FPU_IRQHandler                             
00002ea9  GPIO_setAsOutputPin                        
00002b05  GPIO_setAsPeripheralModuleFunctionOutputPin
00003009  GPIO_setOutputHighOnPin                    
00002f7d  GPIO_setOutputLowOnPin                     
000030d1  Graphics_clearDisplay                      
000030db  Graphics_clearDisplayOnDisplay             
00002fdb  Graphics_drawHorizontalLineOnDisplay       
00002be9  Graphics_drawLineH                         
00003069  Graphics_drawPixelOnDisplay                
0000121f  Graphics_drawString                        
00002d33  Graphics_drawStringCentered                
00001a7f  Graphics_fillCircle                        
000026ad  Graphics_getStringWidth                    
00002ecd  Graphics_initContext                       
00003077  Graphics_setBackgroundColor                
000030ef  Graphics_setFont                           
00003085  Graphics_setForegroundColor                
000030e5  Graphics_translateColorOnDisplay           
00002da1  HAL_LCD_PortInit                           
00002c7d  HAL_LCD_SpiInit                            
00002e31  HAL_LCD_writeCommand                       
00002f95  HAL_LCD_writeData                          
0000200b  HardFault_Handler                          
20000096  Lcd_FlagRead                               
20000097  Lcd_FontSolid                              
20000098  Lcd_Orientation                            
20000099  Lcd_PenSolid                               
20000084  Lcd_ScreenHeigth                           
20000086  Lcd_ScreenWidth                            
20000088  Lcd_TouchTrim                              
0000200b  MemManage_Handler                          
0000200b  NMI_Handler                                
0000200b  PCM_IRQHandler                             
0000200b  PORT1_IRQHandler                           
0000200b  PORT2_IRQHandler                           
0000200b  PORT3_IRQHandler                           
0000200b  PORT4_IRQHandler                           
0000200b  PORT5_IRQHandler                           
0000200b  PORT6_IRQHandler                           
0000200b  PSS_IRQHandler                             
0000200b  PendSV_Handler                             
0000200b  RTC_C_IRQHandler                           
000030b9  Reset_Handler                              
UNDEFED   SHT$$INIT_ARRAY$$Base                      
UNDEFED   SHT$$INIT_ARRAY$$Limit                     
00002f63  SPI_enableModule                           
00002241  SPI_initMaster                             
0000200b  SVC_Handler                                
2000007c  Score_A                                    
0000200b  SysTick_Handler                            
00002715  SystemInit                                 
0000200b  T32_INT1_IRQHandler                        
0000200b  T32_INT2_IRQHandler                        
0000200b  T32_INTC_IRQHandler                        
0000200b  TA0_0_IRQHandler                           
0000200b  TA0_N_IRQHandler                           
0000200b  TA1_0_IRQHandler                           
0000200b  TA1_N_IRQHandler                           
0000200b  TA2_0_IRQHandler                           
0000200b  TA2_N_IRQHandler                           
0000200b  TA3_0_IRQHandler                           
0000200b  TA3_N_IRQHandler                           
0000200b  UsageFault_Handler                         
4000480c  WDTCTL_SYM                                 
00003059  WDT_A_IRQHandler                           
00003059  WDT_A_IRQHandler                           
20010000  __STACK_END                                
00000800  __STACK_SIZE                               
00003678  __TI_CINIT_Base                            
00003688  __TI_CINIT_Limit                           
00003660  __TI_Handler_Table_Base                    
0000366c  __TI_Handler_Table_Limit                   
0000263d  __TI_auto_init                             
20000040  __TI_cleanup_ptr                           
0000277d  __TI_decompress_lzss                       
00003093  __TI_decompress_none                       
20000044  __TI_dtors_ptr                             
20000048  __TI_enable_exit_profile_output            
ffffffff  __TI_pprof_out_hndl                        
00000925  __TI_printfi                               
ffffffff  __TI_prof_data_size                        
ffffffff  __TI_prof_data_start                       
00000000  __TI_static_base__                         
000030c5  __TI_zero_init                             
000022c9  __aeabi_cdcmpeq                            
000022c9  __aeabi_cdcmple                            
0000234f  __aeabi_cdrcmple                           
00002c33  __aeabi_d2iz                               
000018d3  __aeabi_dadd                               
00001bc3  __aeabi_ddiv                               
00001f0f  __aeabi_dmul                               
000018c9  __aeabi_dsub                               
00002e01  __aeabi_i2d                                
000024d9  __aeabi_memclr                             
000024d9  __aeabi_memclr4                            
000024d9  __aeabi_memclr8                            
000021a5  __aeabi_memcpy                             
000021a5  __aeabi_memcpy4                            
000021a5  __aeabi_memcpy8                            
000024db  __aeabi_memset                             
000024db  __aeabi_memset4                            
000024db  __aeabi_memset8                            
000014ef  __aeabi_uldivmod                           
ffffffff  __binit__                                  
ffffffff  __c_args__                                 
00002553  __mpu_init                                 
2000f800  __stack                                    
00002fad  _args_main                                 
000029bd  _c_int00                                   
000033f0  _ctypes_                                   
2000004c  _lock                                      
0000302b  _nop                                       
00003023  _register_lock                             
0000301d  _register_unlock                           
00002c7b  _system_post_cinit                         
000030f3  _system_pre_init                           
20000050  _unlock                                    
00002a15  abort                                      
00002b51  atoi                                       
ffffffff  binit                                      
2000008a  buttonPressed                              
00002b9d  copy_in                                    
00003031  copysign                                   
00003031  copysignl                                  
20000054  errno                                      
00002a1d  exit                                       
0000284d  frexp                                      
0000284d  frexpl                                     
20000060  g_sContext                                 
20000030  g_sCrystalfontz128x128                     
000035e0  g_sCrystalfontz128x128_funcs               
000034f4  g_sFontFixed6x8                            
00002109  init_ADC                                   
00002f0f  init_WDT                                   
00002555  init_display                               
00000000  interruptVectors                           
0000200d  ldexp                                      
0000200d  ldexpl                                     
00002967  ltoa                                       
000016e5  main                                       
20000058  main_func_sp                               
00002f2d  memccpy                                    
000021a5  memcpy                                     
000024e1  memset                                     
000027e5  print_current_results                      
2000008c  print_flag                                 
00002a65  put_dot                                    
00002ab5  put_other_dot                              
2000005e  receivedstate                              
2000005c  receivedvalue                              
2000009a  receivedx                                  
2000009b  receivedy                                  
20000080  resultsBuffer                              
0000200d  scalbn                                     
0000200d  scalbnl                                    
2000005d  sendstate                                  
000028b1  sprintf                                    
00002ff1  strchr                                     
00003045  strlen                                     
000035bc  uartConfig                                 
2000009c  xdisplay                                   
2000008e  xscreen                                    
20000090  xscreen2                                   
2000009d  ydisplay                                   
20000092  yscreen                                    
20000094  yscreen2                                   


GLOBAL SYMBOLS: SORTED BY Symbol Address 

address   name                                       
-------   ----                                       
00000000  __TI_static_base__                         
00000000  interruptVectors                           
00000800  __STACK_SIZE                               
00000925  __TI_printfi                               
0000121f  Graphics_drawString                        
000014ef  __aeabi_uldivmod                           
000016e5  main                                       
000018c9  __aeabi_dsub                               
000018d3  __aeabi_dadd                               
00001a7f  Graphics_fillCircle                        
00001bc3  __aeabi_ddiv                               
00001cf9  Crystalfontz128x128_Init                   
00001f0f  __aeabi_dmul                               
0000200b  AES256_IRQHandler                          
0000200b  BusFault_Handler                           
0000200b  COMP_E0_IRQHandler                         
0000200b  COMP_E1_IRQHandler                         
0000200b  CS_IRQHandler                              
0000200b  DMA_ERR_IRQHandler                         
0000200b  DMA_INT0_IRQHandler                        
0000200b  DMA_INT1_IRQHandler                        
0000200b  DMA_INT2_IRQHandler                        
0000200b  DMA_INT3_IRQHandler                        
0000200b  DebugMon_Handler                           
0000200b  Default_Handler                            
0000200b  EUSCIA0_IRQHandler                         
0000200b  EUSCIA1_IRQHandler                         
0000200b  EUSCIA3_IRQHandler                         
0000200b  EUSCIB0_IRQHandler                         
0000200b  EUSCIB1_IRQHandler                         
0000200b  EUSCIB2_IRQHandler                         
0000200b  EUSCIB3_IRQHandler                         
0000200b  FLCTL_IRQHandler                           
0000200b  FPU_IRQHandler                             
0000200b  HardFault_Handler                          
0000200b  MemManage_Handler                          
0000200b  NMI_Handler                                
0000200b  PCM_IRQHandler                             
0000200b  PORT1_IRQHandler                           
0000200b  PORT2_IRQHandler                           
0000200b  PORT3_IRQHandler                           
0000200b  PORT4_IRQHandler                           
0000200b  PORT5_IRQHandler                           
0000200b  PORT6_IRQHandler                           
0000200b  PSS_IRQHandler                             
0000200b  PendSV_Handler                             
0000200b  RTC_C_IRQHandler                           
0000200b  SVC_Handler                                
0000200b  SysTick_Handler                            
0000200b  T32_INT1_IRQHandler                        
0000200b  T32_INT2_IRQHandler                        
0000200b  T32_INTC_IRQHandler                        
0000200b  TA0_0_IRQHandler                           
0000200b  TA0_N_IRQHandler                           
0000200b  TA1_0_IRQHandler                           
0000200b  TA1_N_IRQHandler                           
0000200b  TA2_0_IRQHandler                           
0000200b  TA2_N_IRQHandler                           
0000200b  TA3_0_IRQHandler                           
0000200b  TA3_N_IRQHandler                           
0000200b  UsageFault_Handler                         
0000200d  ldexp                                      
0000200d  ldexpl                                     
0000200d  scalbn                                     
0000200d  scalbnl                                    
00002109  init_ADC                                   
000021a5  __aeabi_memcpy                             
000021a5  __aeabi_memcpy4                            
000021a5  __aeabi_memcpy8                            
000021a5  memcpy                                     
00002241  SPI_initMaster                             
000022c9  __aeabi_cdcmpeq                            
000022c9  __aeabi_cdcmple                            
0000234f  __aeabi_cdrcmple                           
000023d5  Crystalfontz128x128_SetDrawFrame           
00002459  EUSCIA2_IRQHandler                         
00002459  EUSCIA2_IRQHandler                         
000024d9  __aeabi_memclr                             
000024d9  __aeabi_memclr4                            
000024d9  __aeabi_memclr8                            
000024db  __aeabi_memset                             
000024db  __aeabi_memset4                            
000024db  __aeabi_memset8                            
000024e1  memset                                     
00002553  __mpu_init                                 
00002555  init_display                               
000025cd  ADC14_IRQHandler                           
000025cd  ADC14_IRQHandler                           
0000263d  __TI_auto_init                             
000026ad  Graphics_getStringWidth                    
00002715  SystemInit                                 
0000277d  __TI_decompress_lzss                       
000027e5  print_current_results                      
0000284d  frexp                                      
0000284d  frexpl                                     
000028b1  sprintf                                    
00002967  ltoa                                       
000029bd  _c_int00                                   
00002a11  C$$EXIT                                    
00002a15  abort                                      
00002a1d  exit                                       
00002a65  put_dot                                    
00002ab5  put_other_dot                              
00002b05  GPIO_setAsPeripheralModuleFunctionOutputPin
00002b51  atoi                                       
00002b9d  copy_in                                    
00002be9  Graphics_drawLineH                         
00002c33  __aeabi_d2iz                               
00002c7b  _system_post_cinit                         
00002c7d  HAL_LCD_SpiInit                            
00002d33  Graphics_drawStringCentered                
00002d6d  Crystalfontz128x128_SetOrientation         
00002da1  HAL_LCD_PortInit                           
00002e01  __aeabi_i2d                                
00002e31  HAL_LCD_writeCommand                       
00002e85  CS_setDCOCenteredFrequency                 
00002ea9  GPIO_setAsOutputPin                        
00002ecd  Graphics_initContext                       
00002f0f  init_WDT                                   
00002f2d  memccpy                                    
00002f63  SPI_enableModule                           
00002f7d  GPIO_setOutputLowOnPin                     
00002f95  HAL_LCD_writeData                          
00002fad  _args_main                                 
00002fdb  Graphics_drawHorizontalLineOnDisplay       
00002ff1  strchr                                     
00003009  GPIO_setOutputHighOnPin                    
0000301d  _register_unlock                           
00003023  _register_lock                             
0000302b  _nop                                       
00003031  copysign                                   
00003031  copysignl                                  
00003045  strlen                                     
00003059  WDT_A_IRQHandler                           
00003059  WDT_A_IRQHandler                           
00003069  Graphics_drawPixelOnDisplay                
00003077  Graphics_setBackgroundColor                
00003085  Graphics_setForegroundColor                
00003093  __TI_decompress_none                       
000030a1  EUSCI_A_SPI_enable                         
000030ad  EUSCI_B_SPI_enable                         
000030b9  Reset_Handler                              
000030c5  __TI_zero_init                             
000030d1  Graphics_clearDisplay                      
000030db  Graphics_clearDisplayOnDisplay             
000030e5  Graphics_translateColorOnDisplay           
000030ef  Graphics_setFont                           
000030f3  _system_pre_init                           
000033f0  _ctypes_                                   
000034f4  g_sFontFixed6x8                            
000035bc  uartConfig                                 
000035e0  g_sCrystalfontz128x128_funcs               
00003660  __TI_Handler_Table_Base                    
0000366c  __TI_Handler_Table_Limit                   
00003678  __TI_CINIT_Base                            
00003688  __TI_CINIT_Limit                           
20000030  g_sCrystalfontz128x128                     
20000040  __TI_cleanup_ptr                           
20000044  __TI_dtors_ptr                             
20000048  __TI_enable_exit_profile_output            
2000004c  _lock                                      
20000050  _unlock                                    
20000054  errno                                      
20000058  main_func_sp                               
2000005c  receivedvalue                              
2000005d  sendstate                                  
2000005e  receivedstate                              
20000060  g_sContext                                 
2000007c  Score_A                                    
20000080  resultsBuffer                              
20000084  Lcd_ScreenHeigth                           
20000086  Lcd_ScreenWidth                            
20000088  Lcd_TouchTrim                              
2000008a  buttonPressed                              
2000008c  print_flag                                 
2000008e  xscreen                                    
20000090  xscreen2                                   
20000092  yscreen                                    
20000094  yscreen2                                   
20000096  Lcd_FlagRead                               
20000097  Lcd_FontSolid                              
20000098  Lcd_Orientation                            
20000099  Lcd_PenSolid                               
2000009a  receivedx                                  
2000009b  receivedy                                  
2000009c  xdisplay                                   
2000009d  ydisplay                                   
2000f800  __stack                                    
20010000  __STACK_END                                
4000480c  WDTCTL_SYM                                 
ffffffff  __TI_pprof_out_hndl                        
ffffffff  __TI_prof_data_size                        
ffffffff  __TI_prof_data_start                       
ffffffff  __binit__                                  
ffffffff  __c_args__                                 
ffffffff  binit                                      
UNDEFED   SHT$$INIT_ARRAY$$Base                      
UNDEFED   SHT$$INIT_ARRAY$$Limit                     

[198 symbols]
