<?xml version="1.0"?>
<link_info>
   <banner>TI ARM Linker Unix v16.9.0.LTS</banner>
   <copyright>Copyright (c) 1996-2015 Texas Instruments Incorporated</copyright>
   <link_time>0x5903f24b</link_time>
   <link_errors>0x0</link_errors>
   <output_file>Joy3.out</output_file>
   <entry_point>
      <name>_c_int00</name>
      <address>0x29bd</address>
   </entry_point>
   <input_file_list>
      <input_file id="fl-2">
         <path>./</path>
         <kind>object</kind>
         <file>joystick_draw3 (1).obj</file>
         <name>joystick_draw3 (1).obj</name>
      </input_file>
      <input_file id="fl-3">
         <path>./</path>
         <kind>object</kind>
         <file>system_msp432p401r.obj</file>
         <name>system_msp432p401r.obj</name>
      </input_file>
      <input_file id="fl-4">
         <path>./LcdDriver/</path>
         <kind>object</kind>
         <file>Crystalfontz128x128_ST7735.obj</file>
         <name>Crystalfontz128x128_ST7735.obj</name>
      </input_file>
      <input_file id="fl-5">
         <path>./LcdDriver/</path>
         <kind>object</kind>
         <file>HAL_MSP_EXP432P401R_Crystalfontz128x128_ST7735.obj</file>
         <name>HAL_MSP_EXP432P401R_Crystalfontz128x128_ST7735.obj</name>
      </input_file>
      <input_file id="fl-6">
         <path>./ccs/</path>
         <kind>object</kind>
         <file>startup_msp432p401r_ccs.obj</file>
         <name>startup_msp432p401r_ccs.obj</name>
      </input_file>
      <input_file id="fl-7">
         <path>./fonts/</path>
         <kind>object</kind>
         <file>fontfixed6x8.obj</file>
         <name>fontfixed6x8.obj</name>
      </input_file>
      <input_file id="fl-e">
         <path>/Users/jadedh/ti/tirex-content/simplelink_msp432_sdk_1_20_00_45/source/ti/grlib/ccs/</path>
         <kind>archive</kind>
         <file>grlib.lib</file>
         <name>circle.o</name>
      </input_file>
      <input_file id="fl-f">
         <path>/Users/jadedh/ti/tirex-content/simplelink_msp432_sdk_1_20_00_45/source/ti/grlib/ccs/</path>
         <kind>archive</kind>
         <file>grlib.lib</file>
         <name>context.o</name>
      </input_file>
      <input_file id="fl-10">
         <path>/Users/jadedh/ti/tirex-content/simplelink_msp432_sdk_1_20_00_45/source/ti/grlib/ccs/</path>
         <kind>archive</kind>
         <file>grlib.lib</file>
         <name>display.o</name>
      </input_file>
      <input_file id="fl-11">
         <path>/Users/jadedh/ti/tirex-content/simplelink_msp432_sdk_1_20_00_45/source/ti/grlib/ccs/</path>
         <kind>archive</kind>
         <file>grlib.lib</file>
         <name>line.o</name>
      </input_file>
      <input_file id="fl-12">
         <path>/Users/jadedh/ti/tirex-content/simplelink_msp432_sdk_1_20_00_45/source/ti/grlib/ccs/</path>
         <kind>archive</kind>
         <file>grlib.lib</file>
         <name>string.o</name>
      </input_file>
      <input_file id="fl-13">
         <path>/Users/jadedh/ti/tirex-content/simplelink_msp432_sdk_1_20_00_45/source/ti/devices/msp432p4xx/driverlib/ccs/</path>
         <kind>archive</kind>
         <file>msp432p4xx_driverlib.lib</file>
         <name>cs.o</name>
      </input_file>
      <input_file id="fl-14">
         <path>/Users/jadedh/ti/tirex-content/simplelink_msp432_sdk_1_20_00_45/source/ti/devices/msp432p4xx/driverlib/ccs/</path>
         <kind>archive</kind>
         <file>msp432p4xx_driverlib.lib</file>
         <name>gpio.o</name>
      </input_file>
      <input_file id="fl-15">
         <path>/Users/jadedh/ti/tirex-content/simplelink_msp432_sdk_1_20_00_45/source/ti/devices/msp432p4xx/driverlib/ccs/</path>
         <kind>archive</kind>
         <file>msp432p4xx_driverlib.lib</file>
         <name>interrupt.o</name>
      </input_file>
      <input_file id="fl-16">
         <path>/Users/jadedh/ti/tirex-content/simplelink_msp432_sdk_1_20_00_45/source/ti/devices/msp432p4xx/driverlib/ccs/</path>
         <kind>archive</kind>
         <file>msp432p4xx_driverlib.lib</file>
         <name>spi.o</name>
      </input_file>
      <input_file id="fl-17">
         <path>/Users/jadedh/ti/tirex-content/simplelink_msp432_sdk_1_20_00_45/source/ti/devices/msp432p4xx/driverlib/ccs/</path>
         <kind>archive</kind>
         <file>msp432p4xx_driverlib.lib</file>
         <name>sysctl.o</name>
      </input_file>
      <input_file id="fl-18">
         <path>/Users/jadedh/ti/tirex-content/simplelink_msp432_sdk_1_20_00_45/source/ti/devices/msp432p4xx/driverlib/ccs/</path>
         <kind>archive</kind>
         <file>msp432p4xx_driverlib.lib</file>
         <name>cpu.o</name>
      </input_file>
      <input_file id="fl-ce">
         <path>/Applications/ti/ccsv7/tools/compiler/ti-cgt-arm_16.9.0.LTS/lib/</path>
         <kind>archive</kind>
         <file>rtsv7M4_T_le_v4SPD16_eabi.lib</file>
         <name>boot.obj</name>
      </input_file>
      <input_file id="fl-cf">
         <path>/Applications/ti/ccsv7/tools/compiler/ti-cgt-arm_16.9.0.LTS/lib/</path>
         <kind>archive</kind>
         <file>rtsv7M4_T_le_v4SPD16_eabi.lib</file>
         <name>copy_decompress_lzss.obj</name>
      </input_file>
      <input_file id="fl-d0">
         <path>/Applications/ti/ccsv7/tools/compiler/ti-cgt-arm_16.9.0.LTS/lib/</path>
         <kind>archive</kind>
         <file>rtsv7M4_T_le_v4SPD16_eabi.lib</file>
         <name>copy_decompress_none.obj</name>
      </input_file>
      <input_file id="fl-d1">
         <path>/Applications/ti/ccsv7/tools/compiler/ti-cgt-arm_16.9.0.LTS/lib/</path>
         <kind>archive</kind>
         <file>rtsv7M4_T_le_v4SPD16_eabi.lib</file>
         <name>copy_zero_init.obj</name>
      </input_file>
      <input_file id="fl-d2">
         <path>/Applications/ti/ccsv7/tools/compiler/ti-cgt-arm_16.9.0.LTS/lib/</path>
         <kind>archive</kind>
         <file>rtsv7M4_T_le_v4SPD16_eabi.lib</file>
         <name>exit.obj</name>
      </input_file>
      <input_file id="fl-d3">
         <path>/Applications/ti/ccsv7/tools/compiler/ti-cgt-arm_16.9.0.LTS/lib/</path>
         <kind>archive</kind>
         <file>rtsv7M4_T_le_v4SPD16_eabi.lib</file>
         <name>memcpy_t2.obj</name>
      </input_file>
      <input_file id="fl-d4">
         <path>/Applications/ti/ccsv7/tools/compiler/ti-cgt-arm_16.9.0.LTS/lib/</path>
         <kind>archive</kind>
         <file>rtsv7M4_T_le_v4SPD16_eabi.lib</file>
         <name>memset_t2.obj</name>
      </input_file>
      <input_file id="fl-d5">
         <path>/Applications/ti/ccsv7/tools/compiler/ti-cgt-arm_16.9.0.LTS/lib/</path>
         <kind>archive</kind>
         <file>rtsv7M4_T_le_v4SPD16_eabi.lib</file>
         <name>mpu_init.obj</name>
      </input_file>
      <input_file id="fl-d6">
         <path>/Applications/ti/ccsv7/tools/compiler/ti-cgt-arm_16.9.0.LTS/lib/</path>
         <kind>archive</kind>
         <file>rtsv7M4_T_le_v4SPD16_eabi.lib</file>
         <name>pre_init.obj</name>
      </input_file>
      <input_file id="fl-d7">
         <path>/Applications/ti/ccsv7/tools/compiler/ti-cgt-arm_16.9.0.LTS/lib/</path>
         <kind>archive</kind>
         <file>rtsv7M4_T_le_v4SPD16_eabi.lib</file>
         <name>sprintf.obj</name>
      </input_file>
      <input_file id="fl-d8">
         <path>/Applications/ti/ccsv7/tools/compiler/ti-cgt-arm_16.9.0.LTS/lib/</path>
         <kind>archive</kind>
         <file>rtsv7M4_T_le_v4SPD16_eabi.lib</file>
         <name>stkdepth_vars.obj</name>
      </input_file>
      <input_file id="fl-d9">
         <path>/Applications/ti/ccsv7/tools/compiler/ti-cgt-arm_16.9.0.LTS/lib/</path>
         <kind>archive</kind>
         <file>rtsv7M4_T_le_v4SPD16_eabi.lib</file>
         <name>_lock.obj</name>
      </input_file>
      <input_file id="fl-da">
         <path>/Applications/ti/ccsv7/tools/compiler/ti-cgt-arm_16.9.0.LTS/lib/</path>
         <kind>archive</kind>
         <file>rtsv7M4_T_le_v4SPD16_eabi.lib</file>
         <name>_printfi.obj</name>
      </input_file>
      <input_file id="fl-db">
         <path>/Applications/ti/ccsv7/tools/compiler/ti-cgt-arm_16.9.0.LTS/lib/</path>
         <kind>archive</kind>
         <file>rtsv7M4_T_le_v4SPD16_eabi.lib</file>
         <name>args_main.obj</name>
      </input_file>
      <input_file id="fl-dc">
         <path>/Applications/ti/ccsv7/tools/compiler/ti-cgt-arm_16.9.0.LTS/lib/</path>
         <kind>archive</kind>
         <file>rtsv7M4_T_le_v4SPD16_eabi.lib</file>
         <name>atoi.obj</name>
      </input_file>
      <input_file id="fl-dd">
         <path>/Applications/ti/ccsv7/tools/compiler/ti-cgt-arm_16.9.0.LTS/lib/</path>
         <kind>archive</kind>
         <file>rtsv7M4_T_le_v4SPD16_eabi.lib</file>
         <name>autoinit.obj</name>
      </input_file>
      <input_file id="fl-de">
         <path>/Applications/ti/ccsv7/tools/compiler/ti-cgt-arm_16.9.0.LTS/lib/</path>
         <kind>archive</kind>
         <file>rtsv7M4_T_le_v4SPD16_eabi.lib</file>
         <name>cpy_tbl.obj</name>
      </input_file>
      <input_file id="fl-df">
         <path>/Applications/ti/ccsv7/tools/compiler/ti-cgt-arm_16.9.0.LTS/lib/</path>
         <kind>archive</kind>
         <file>rtsv7M4_T_le_v4SPD16_eabi.lib</file>
         <name>ctype.obj</name>
      </input_file>
      <input_file id="fl-e0">
         <path>/Applications/ti/ccsv7/tools/compiler/ti-cgt-arm_16.9.0.LTS/lib/</path>
         <kind>archive</kind>
         <file>rtsv7M4_T_le_v4SPD16_eabi.lib</file>
         <name>fd_add_t2.obj</name>
      </input_file>
      <input_file id="fl-e1">
         <path>/Applications/ti/ccsv7/tools/compiler/ti-cgt-arm_16.9.0.LTS/lib/</path>
         <kind>archive</kind>
         <file>rtsv7M4_T_le_v4SPD16_eabi.lib</file>
         <name>fd_cmp_t2.obj</name>
      </input_file>
      <input_file id="fl-e2">
         <path>/Applications/ti/ccsv7/tools/compiler/ti-cgt-arm_16.9.0.LTS/lib/</path>
         <kind>archive</kind>
         <file>rtsv7M4_T_le_v4SPD16_eabi.lib</file>
         <name>fd_div_t2.obj</name>
      </input_file>
      <input_file id="fl-e3">
         <path>/Applications/ti/ccsv7/tools/compiler/ti-cgt-arm_16.9.0.LTS/lib/</path>
         <kind>archive</kind>
         <file>rtsv7M4_T_le_v4SPD16_eabi.lib</file>
         <name>fd_mul_t2.obj</name>
      </input_file>
      <input_file id="fl-e4">
         <path>/Applications/ti/ccsv7/tools/compiler/ti-cgt-arm_16.9.0.LTS/lib/</path>
         <kind>archive</kind>
         <file>rtsv7M4_T_le_v4SPD16_eabi.lib</file>
         <name>fd_toi_t2.obj</name>
      </input_file>
      <input_file id="fl-e5">
         <path>/Applications/ti/ccsv7/tools/compiler/ti-cgt-arm_16.9.0.LTS/lib/</path>
         <kind>archive</kind>
         <file>rtsv7M4_T_le_v4SPD16_eabi.lib</file>
         <name>i_tofd_t2.obj</name>
      </input_file>
      <input_file id="fl-e6">
         <path>/Applications/ti/ccsv7/tools/compiler/ti-cgt-arm_16.9.0.LTS/lib/</path>
         <kind>archive</kind>
         <file>rtsv7M4_T_le_v4SPD16_eabi.lib</file>
         <name>ltoa.obj</name>
      </input_file>
      <input_file id="fl-e7">
         <path>/Applications/ti/ccsv7/tools/compiler/ti-cgt-arm_16.9.0.LTS/lib/</path>
         <kind>archive</kind>
         <file>rtsv7M4_T_le_v4SPD16_eabi.lib</file>
         <name>memccpy.obj</name>
      </input_file>
      <input_file id="fl-e8">
         <path>/Applications/ti/ccsv7/tools/compiler/ti-cgt-arm_16.9.0.LTS/lib/</path>
         <kind>archive</kind>
         <file>rtsv7M4_T_le_v4SPD16_eabi.lib</file>
         <name>s_frexp.obj</name>
      </input_file>
      <input_file id="fl-e9">
         <path>/Applications/ti/ccsv7/tools/compiler/ti-cgt-arm_16.9.0.LTS/lib/</path>
         <kind>archive</kind>
         <file>rtsv7M4_T_le_v4SPD16_eabi.lib</file>
         <name>s_scalbn.obj</name>
      </input_file>
      <input_file id="fl-ea">
         <path>/Applications/ti/ccsv7/tools/compiler/ti-cgt-arm_16.9.0.LTS/lib/</path>
         <kind>archive</kind>
         <file>rtsv7M4_T_le_v4SPD16_eabi.lib</file>
         <name>startup.obj</name>
      </input_file>
      <input_file id="fl-eb">
         <path>/Applications/ti/ccsv7/tools/compiler/ti-cgt-arm_16.9.0.LTS/lib/</path>
         <kind>archive</kind>
         <file>rtsv7M4_T_le_v4SPD16_eabi.lib</file>
         <name>strchr.obj</name>
      </input_file>
      <input_file id="fl-ec">
         <path>/Applications/ti/ccsv7/tools/compiler/ti-cgt-arm_16.9.0.LTS/lib/</path>
         <kind>archive</kind>
         <file>rtsv7M4_T_le_v4SPD16_eabi.lib</file>
         <name>strlen.obj</name>
      </input_file>
      <input_file id="fl-ed">
         <path>/Applications/ti/ccsv7/tools/compiler/ti-cgt-arm_16.9.0.LTS/lib/</path>
         <kind>archive</kind>
         <file>rtsv7M4_T_le_v4SPD16_eabi.lib</file>
         <name>ull_div_t2.obj</name>
      </input_file>
      <input_file id="fl-ee">
         <path>/Applications/ti/ccsv7/tools/compiler/ti-cgt-arm_16.9.0.LTS/lib/</path>
         <kind>archive</kind>
         <file>rtsv7M4_T_le_v4SPD16_eabi.lib</file>
         <name>errno.obj</name>
      </input_file>
      <input_file id="fl-ef">
         <path>/Applications/ti/ccsv7/tools/compiler/ti-cgt-arm_16.9.0.LTS/lib/</path>
         <kind>archive</kind>
         <file>rtsv7M4_T_le_v4SPD16_eabi.lib</file>
         <name>s_copysign.obj</name>
      </input_file>
   </input_file_list>
   <object_component_list>
      <object_component id="oc-2c">
         <name>.intvecs:retain</name>
         <load_address>0x0</load_address>
         <run_address>0x0</run_address>
         <size>0xe4</size>
         <input_file_ref idref="fl-6"/>
      </object_component>
      <object_component id="oc-1ba">
         <name>.text</name>
         <load_address>0xe4</load_address>
         <run_address>0xe4</run_address>
         <size>0x113a</size>
         <input_file_ref idref="fl-da"/>
      </object_component>
      <object_component id="oc-1a4">
         <name>.text:Graphics_drawString</name>
         <load_address>0x121e</load_address>
         <run_address>0x121e</run_address>
         <size>0x2d0</size>
         <input_file_ref idref="fl-12"/>
      </object_component>
      <object_component id="oc-284">
         <name>.text</name>
         <load_address>0x14ee</load_address>
         <run_address>0x14ee</run_address>
         <size>0x1f4</size>
         <input_file_ref idref="fl-ed"/>
      </object_component>
      <object_component id="oc-264">
         <name>.text:Crystalfontz128x128_Flush</name>
         <load_address>0x16e2</load_address>
         <run_address>0x16e2</run_address>
         <size>0x2</size>
         <input_file_ref idref="fl-4"/>
      </object_component>
      <object_component id="oc-bc">
         <name>.text:main</name>
         <load_address>0x16e4</load_address>
         <run_address>0x16e4</run_address>
         <size>0x1e4</size>
         <input_file_ref idref="fl-2"/>
      </object_component>
      <object_component id="oc-2b3">
         <name>.text</name>
         <load_address>0x18c8</load_address>
         <run_address>0x18c8</run_address>
         <size>0x1b6</size>
         <input_file_ref idref="fl-e0"/>
      </object_component>
      <object_component id="oc-1d0">
         <name>.text:Graphics_fillCircle</name>
         <load_address>0x1a7e</load_address>
         <run_address>0x1a7e</run_address>
         <size>0x144</size>
         <input_file_ref idref="fl-e"/>
      </object_component>
      <object_component id="oc-299">
         <name>.text</name>
         <load_address>0x1bc2</load_address>
         <run_address>0x1bc2</run_address>
         <size>0x136</size>
         <input_file_ref idref="fl-e2"/>
      </object_component>
      <object_component id="oc-17a">
         <name>.text:Crystalfontz128x128_Init</name>
         <load_address>0x1cf8</load_address>
         <run_address>0x1cf8</run_address>
         <size>0x110</size>
         <input_file_ref idref="fl-4"/>
      </object_component>
      <object_component id="oc-246">
         <name>.text:Crystalfontz128x128_PixelDrawMultiple</name>
         <load_address>0x1e08</load_address>
         <run_address>0x1e08</run_address>
         <size>0x106</size>
         <input_file_ref idref="fl-4"/>
      </object_component>
      <object_component id="oc-294">
         <name>.text</name>
         <load_address>0x1f0e</load_address>
         <run_address>0x1f0e</run_address>
         <size>0xfc</size>
         <input_file_ref idref="fl-e3"/>
      </object_component>
      <object_component id="oc-7b">
         <name>.text:Default_Handler</name>
         <load_address>0x200a</load_address>
         <run_address>0x200a</run_address>
         <size>0x2</size>
         <input_file_ref idref="fl-6"/>
      </object_component>
      <object_component id="oc-2be">
         <name>.text</name>
         <load_address>0x200c</load_address>
         <run_address>0x200c</run_address>
         <size>0xfc</size>
         <input_file_ref idref="fl-e9"/>
      </object_component>
      <object_component id="oc-108">
         <name>.text:init_ADC</name>
         <load_address>0x2108</load_address>
         <run_address>0x2108</run_address>
         <size>0x9c</size>
         <input_file_ref idref="fl-2"/>
      </object_component>
      <object_component id="oc-3b">
         <name>.text</name>
         <load_address>0x21a4</load_address>
         <run_address>0x21a4</run_address>
         <size>0x9c</size>
         <input_file_ref idref="fl-d3"/>
      </object_component>
      <object_component id="oc-2fb">
         <name>.text:SPI_initMaster</name>
         <load_address>0x2240</load_address>
         <run_address>0x2240</run_address>
         <size>0x88</size>
         <input_file_ref idref="fl-16"/>
      </object_component>
      <object_component id="oc-28f">
         <name>.text:__aeabi_cdcmple</name>
         <load_address>0x22c8</load_address>
         <run_address>0x22c8</run_address>
         <size>0x86</size>
         <input_file_ref idref="fl-e1"/>
      </object_component>
      <object_component id="oc-29e">
         <name>.text:__aeabi_cdrcmple</name>
         <load_address>0x234e</load_address>
         <run_address>0x234e</run_address>
         <size>0x86</size>
         <input_file_ref idref="fl-e1"/>
      </object_component>
      <object_component id="oc-203">
         <name>.text:Crystalfontz128x128_SetDrawFrame</name>
         <load_address>0x23d4</load_address>
         <run_address>0x23d4</run_address>
         <size>0x84</size>
         <input_file_ref idref="fl-4"/>
      </object_component>
      <object_component id="oc-87">
         <name>.text:EUSCIA2_IRQHandler</name>
         <load_address>0x2458</load_address>
         <run_address>0x2458</run_address>
         <size>0x80</size>
         <input_file_ref idref="fl-2"/>
      </object_component>
      <object_component id="oc-47">
         <name>.text</name>
         <load_address>0x24d8</load_address>
         <run_address>0x24d8</run_address>
         <size>0x7a</size>
         <input_file_ref idref="fl-d4"/>
      </object_component>
      <object_component id="oc-53">
         <name>.text</name>
         <load_address>0x2552</load_address>
         <run_address>0x2552</run_address>
         <size>0x2</size>
         <input_file_ref idref="fl-d5"/>
      </object_component>
      <object_component id="oc-102">
         <name>.text:init_display</name>
         <load_address>0x2554</load_address>
         <run_address>0x2554</run_address>
         <size>0x78</size>
         <input_file_ref idref="fl-2"/>
      </object_component>
      <object_component id="oc-8d">
         <name>.text:ADC14_IRQHandler</name>
         <load_address>0x25cc</load_address>
         <run_address>0x25cc</run_address>
         <size>0x70</size>
         <input_file_ref idref="fl-2"/>
      </object_component>
      <object_component id="oc-5f">
         <name>.text</name>
         <load_address>0x263c</load_address>
         <run_address>0x263c</run_address>
         <size>0x70</size>
         <input_file_ref idref="fl-dd"/>
      </object_component>
      <object_component id="oc-1c7">
         <name>.text:Graphics_getStringWidth</name>
         <load_address>0x26ac</load_address>
         <run_address>0x26ac</run_address>
         <size>0x68</size>
         <input_file_ref idref="fl-12"/>
      </object_component>
      <object_component id="oc-cf">
         <name>.text:SystemInit</name>
         <load_address>0x2714</load_address>
         <run_address>0x2714</run_address>
         <size>0x68</size>
         <input_file_ref idref="fl-3"/>
      </object_component>
      <object_component id="oc-14">
         <name>.text:decompress:lzss</name>
         <load_address>0x277c</load_address>
         <run_address>0x277c</run_address>
         <size>0x68</size>
         <input_file_ref idref="fl-cf"/>
      </object_component>
      <object_component id="oc-120">
         <name>.text:print_current_results</name>
         <load_address>0x27e4</load_address>
         <run_address>0x27e4</run_address>
         <size>0x68</size>
         <input_file_ref idref="fl-2"/>
      </object_component>
      <object_component id="oc-2b8">
         <name>.text</name>
         <load_address>0x284c</load_address>
         <run_address>0x284c</run_address>
         <size>0x64</size>
         <input_file_ref idref="fl-e8"/>
      </object_component>
      <object_component id="oc-114">
         <name>.text</name>
         <load_address>0x28b0</load_address>
         <run_address>0x28b0</run_address>
         <size>0x60</size>
         <input_file_ref idref="fl-d7"/>
      </object_component>
      <object_component id="oc-258">
         <name>.text:Crystalfontz128x128_RectFill</name>
         <load_address>0x2910</load_address>
         <run_address>0x2910</run_address>
         <size>0x56</size>
         <input_file_ref idref="fl-4"/>
      </object_component>
      <object_component id="oc-2a8">
         <name>.text</name>
         <load_address>0x2966</load_address>
         <run_address>0x2966</run_address>
         <size>0x56</size>
         <input_file_ref idref="fl-e6"/>
      </object_component>
      <object_component id="oc-26">
         <name>.text</name>
         <load_address>0x29bc</load_address>
         <run_address>0x29bc</run_address>
         <size>0x54</size>
         <input_file_ref idref="fl-ce"/>
      </object_component>
      <object_component id="oc-6b">
         <name>.text</name>
         <load_address>0x2a10</load_address>
         <run_address>0x2a10</run_address>
         <size>0x54</size>
         <input_file_ref idref="fl-d2"/>
      </object_component>
      <object_component id="oc-126">
         <name>.text:put_dot</name>
         <load_address>0x2a64</load_address>
         <run_address>0x2a64</run_address>
         <size>0x50</size>
         <input_file_ref idref="fl-2"/>
      </object_component>
      <object_component id="oc-12c">
         <name>.text:put_other_dot</name>
         <load_address>0x2ab4</load_address>
         <run_address>0x2ab4</run_address>
         <size>0x50</size>
         <input_file_ref idref="fl-2"/>
      </object_component>
      <object_component id="oc-2ee">
         <name>.text:GPIO_setAsPeripheralModuleFunctionOutputPin</name>
         <load_address>0x2b04</load_address>
         <run_address>0x2b04</run_address>
         <size>0x4c</size>
         <input_file_ref idref="fl-14"/>
      </object_component>
      <object_component id="oc-2ca">
         <name>.text</name>
         <load_address>0x2b50</load_address>
         <run_address>0x2b50</run_address>
         <size>0x4c</size>
         <input_file_ref idref="fl-dc"/>
      </object_component>
      <object_component id="oc-ae">
         <name>.text</name>
         <load_address>0x2b9c</load_address>
         <run_address>0x2b9c</run_address>
         <size>0x4c</size>
         <input_file_ref idref="fl-de"/>
      </object_component>
      <object_component id="oc-22c">
         <name>.text:Graphics_drawLineH</name>
         <load_address>0x2be8</load_address>
         <run_address>0x2be8</run_address>
         <size>0x4a</size>
         <input_file_ref idref="fl-11"/>
      </object_component>
      <object_component id="oc-2a3">
         <name>.text</name>
         <load_address>0x2c32</load_address>
         <run_address>0x2c32</run_address>
         <size>0x48</size>
         <input_file_ref idref="fl-e4"/>
      </object_component>
      <object_component id="oc-b4">
         <name>.text</name>
         <load_address>0x2c7a</load_address>
         <run_address>0x2c7a</run_address>
         <size>0x2</size>
         <input_file_ref idref="fl-ea"/>
      </object_component>
      <object_component id="oc-1e5">
         <name>.text:HAL_LCD_SpiInit</name>
         <load_address>0x2c7c</load_address>
         <run_address>0x2c7c</run_address>
         <size>0x40</size>
         <input_file_ref idref="fl-5"/>
      </object_component>
      <object_component id="oc-252">
         <name>.text:Crystalfontz128x128_LineDrawV</name>
         <load_address>0x2cbc</load_address>
         <run_address>0x2cbc</run_address>
         <size>0x3c</size>
         <input_file_ref idref="fl-4"/>
      </object_component>
      <object_component id="oc-24c">
         <name>.text:Crystalfontz128x128_LineDrawH</name>
         <load_address>0x2cf8</load_address>
         <run_address>0x2cf8</run_address>
         <size>0x3a</size>
         <input_file_ref idref="fl-4"/>
      </object_component>
      <object_component id="oc-11a">
         <name>.text:Graphics_drawStringCentered</name>
         <load_address>0x2d32</load_address>
         <run_address>0x2d32</run_address>
         <size>0x38</size>
         <input_file_ref idref="fl-12"/>
      </object_component>
      <object_component id="oc-180">
         <name>.text:Crystalfontz128x128_SetOrientation</name>
         <load_address>0x2d6c</load_address>
         <run_address>0x2d6c</run_address>
         <size>0x34</size>
         <input_file_ref idref="fl-4"/>
      </object_component>
      <object_component id="oc-1df">
         <name>.text:HAL_LCD_PortInit</name>
         <load_address>0x2da0</load_address>
         <run_address>0x2da0</run_address>
         <size>0x30</size>
         <input_file_ref idref="fl-5"/>
      </object_component>
      <object_component id="oc-36e">
         <name>.text:is_A_Module</name>
         <load_address>0x2dd0</load_address>
         <run_address>0x2dd0</run_address>
         <size>0x30</size>
         <input_file_ref idref="fl-16"/>
      </object_component>
      <object_component id="oc-2ae">
         <name>.text</name>
         <load_address>0x2e00</load_address>
         <run_address>0x2e00</run_address>
         <size>0x2e</size>
         <input_file_ref idref="fl-e5"/>
      </object_component>
      <object_component id="oc-1f7">
         <name>.text:HAL_LCD_writeCommand</name>
         <load_address>0x2e30</load_address>
         <run_address>0x2e30</run_address>
         <size>0x2c</size>
         <input_file_ref idref="fl-5"/>
      </object_component>
      <object_component id="oc-240">
         <name>.text:Crystalfontz128x128_PixelDraw</name>
         <load_address>0x2e5c</load_address>
         <run_address>0x2e5c</run_address>
         <size>0x28</size>
         <input_file_ref idref="fl-4"/>
      </object_component>
      <object_component id="oc-10e">
         <name>.text:CS_setDCOCenteredFrequency</name>
         <load_address>0x2e84</load_address>
         <run_address>0x2e84</run_address>
         <size>0x24</size>
         <input_file_ref idref="fl-13"/>
      </object_component>
      <object_component id="oc-2f4">
         <name>.text:GPIO_setAsOutputPin</name>
         <load_address>0x2ea8</load_address>
         <run_address>0x2ea8</run_address>
         <size>0x24</size>
         <input_file_ref idref="fl-14"/>
      </object_component>
      <object_component id="oc-186">
         <name>.text:Graphics_initContext</name>
         <load_address>0x2ecc</load_address>
         <run_address>0x2ecc</run_address>
         <size>0x22</size>
         <input_file_ref idref="fl-f"/>
      </object_component>
      <object_component id="oc-26a">
         <name>.text:Crystalfontz128x128_ClearScreen</name>
         <load_address>0x2eee</load_address>
         <run_address>0x2eee</run_address>
         <size>0x20</size>
         <input_file_ref idref="fl-4"/>
      </object_component>
      <object_component id="oc-fc">
         <name>.text:init_WDT</name>
         <load_address>0x2f0e</load_address>
         <run_address>0x2f0e</run_address>
         <size>0x1e</size>
         <input_file_ref idref="fl-2"/>
      </object_component>
      <object_component id="oc-2d0">
         <name>.text</name>
         <load_address>0x2f2c</load_address>
         <run_address>0x2f2c</run_address>
         <size>0x1c</size>
         <input_file_ref idref="fl-e7"/>
      </object_component>
      <object_component id="oc-226">
         <name>.text:Graphics_getNumberOfLeadingZeros</name>
         <load_address>0x2f48</load_address>
         <run_address>0x2f48</run_address>
         <size>0x1a</size>
         <input_file_ref idref="fl-12"/>
      </object_component>
      <object_component id="oc-301">
         <name>.text:SPI_enableModule</name>
         <load_address>0x2f62</load_address>
         <run_address>0x2f62</run_address>
         <size>0x1a</size>
         <input_file_ref idref="fl-16"/>
      </object_component>
      <object_component id="oc-1eb">
         <name>.text:GPIO_setOutputLowOnPin</name>
         <load_address>0x2f7c</load_address>
         <run_address>0x2f7c</run_address>
         <size>0x18</size>
         <input_file_ref idref="fl-14"/>
      </object_component>
      <object_component id="oc-1fd">
         <name>.text:HAL_LCD_writeData</name>
         <load_address>0x2f94</load_address>
         <run_address>0x2f94</run_address>
         <size>0x18</size>
         <input_file_ref idref="fl-5"/>
      </object_component>
      <object_component id="oc-65">
         <name>.text</name>
         <load_address>0x2fac</load_address>
         <run_address>0x2fac</run_address>
         <size>0x18</size>
         <input_file_ref idref="fl-db"/>
      </object_component>
      <object_component id="oc-25e">
         <name>.text:Crystalfontz128x128_ColorTranslate</name>
         <load_address>0x2fc4</load_address>
         <run_address>0x2fc4</run_address>
         <size>0x16</size>
         <input_file_ref idref="fl-4"/>
      </object_component>
      <object_component id="oc-327">
         <name>.text:Graphics_drawHorizontalLineOnDisplay</name>
         <load_address>0x2fda</load_address>
         <run_address>0x2fda</run_address>
         <size>0x16</size>
         <input_file_ref idref="fl-10"/>
      </object_component>
      <object_component id="oc-2c4">
         <name>.text</name>
         <load_address>0x2ff0</load_address>
         <run_address>0x2ff0</run_address>
         <size>0x16</size>
         <input_file_ref idref="fl-eb"/>
      </object_component>
      <object_component id="oc-1f1">
         <name>.text:GPIO_setOutputHighOnPin</name>
         <load_address>0x3008</load_address>
         <run_address>0x3008</run_address>
         <size>0x14</size>
         <input_file_ref idref="fl-14"/>
      </object_component>
      <object_component id="oc-148">
         <name>.text</name>
         <load_address>0x301c</load_address>
         <run_address>0x301c</run_address>
         <size>0x14</size>
         <input_file_ref idref="fl-d9"/>
      </object_component>
      <object_component id="oc-34f">
         <name>.text</name>
         <load_address>0x3030</load_address>
         <run_address>0x3030</run_address>
         <size>0x14</size>
         <input_file_ref idref="fl-ef"/>
      </object_component>
      <object_component id="oc-289">
         <name>.text</name>
         <load_address>0x3044</load_address>
         <run_address>0x3044</run_address>
         <size>0x14</size>
         <input_file_ref idref="fl-ec"/>
      </object_component>
      <object_component id="oc-81">
         <name>.text:WDT_A_IRQHandler</name>
         <load_address>0x3058</load_address>
         <run_address>0x3058</run_address>
         <size>0x10</size>
         <input_file_ref idref="fl-2"/>
      </object_component>
      <object_component id="oc-232">
         <name>.text:Graphics_drawPixelOnDisplay</name>
         <load_address>0x3068</load_address>
         <run_address>0x3068</run_address>
         <size>0xe</size>
         <input_file_ref idref="fl-10"/>
      </object_component>
      <object_component id="oc-192">
         <name>.text:Graphics_setBackgroundColor</name>
         <load_address>0x3076</load_address>
         <run_address>0x3076</run_address>
         <size>0xe</size>
         <input_file_ref idref="fl-f"/>
      </object_component>
      <object_component id="oc-18c">
         <name>.text:Graphics_setForegroundColor</name>
         <load_address>0x3084</load_address>
         <run_address>0x3084</run_address>
         <size>0xe</size>
         <input_file_ref idref="fl-f"/>
      </object_component>
      <object_component id="oc-1a">
         <name>.text:decompress:none</name>
         <load_address>0x3092</load_address>
         <run_address>0x3092</run_address>
         <size>0xe</size>
         <input_file_ref idref="fl-d0"/>
      </object_component>
      <object_component id="oc-37c">
         <name>.text:EUSCI_A_SPI_enable</name>
         <load_address>0x30a0</load_address>
         <run_address>0x30a0</run_address>
         <size>0xc</size>
         <input_file_ref idref="fl-16"/>
      </object_component>
      <object_component id="oc-376">
         <name>.text:EUSCI_B_SPI_enable</name>
         <load_address>0x30ac</load_address>
         <run_address>0x30ac</run_address>
         <size>0xc</size>
         <input_file_ref idref="fl-16"/>
      </object_component>
      <object_component id="oc-75">
         <name>.text:Reset_Handler</name>
         <load_address>0x30b8</load_address>
         <run_address>0x30b8</run_address>
         <size>0xc</size>
         <input_file_ref idref="fl-6"/>
      </object_component>
      <object_component id="oc-20">
         <name>.text:decompress:ZI</name>
         <load_address>0x30c4</load_address>
         <run_address>0x30c4</run_address>
         <size>0xc</size>
         <input_file_ref idref="fl-d1"/>
      </object_component>
      <object_component id="oc-19e">
         <name>.text:Graphics_clearDisplay</name>
         <load_address>0x30d0</load_address>
         <run_address>0x30d0</run_address>
         <size>0xa</size>
         <input_file_ref idref="fl-f"/>
      </object_component>
      <object_component id="oc-21f">
         <name>.text:Graphics_clearDisplayOnDisplay</name>
         <load_address>0x30da</load_address>
         <run_address>0x30da</run_address>
         <size>0xa</size>
         <input_file_ref idref="fl-10"/>
      </object_component>
      <object_component id="oc-216">
         <name>.text:Graphics_translateColorOnDisplay</name>
         <load_address>0x30e4</load_address>
         <run_address>0x30e4</run_address>
         <size>0xa</size>
         <input_file_ref idref="fl-10"/>
      </object_component>
      <object_component id="oc-198">
         <name>.text:Graphics_setFont</name>
         <load_address>0x30ee</load_address>
         <run_address>0x30ee</run_address>
         <size>0x4</size>
         <input_file_ref idref="fl-f"/>
      </object_component>
      <object_component id="oc-59">
         <name>.text</name>
         <load_address>0x30f2</load_address>
         <run_address>0x30f2</run_address>
         <size>0x4</size>
         <input_file_ref idref="fl-d6"/>
      </object_component>
      <object_component id="oc-272">
         <name>.const:.string:g_pucFontFixed6x8Data</name>
         <load_address>0x30f8</load_address>
         <run_address>0x30f8</run_address>
         <size>0x2f8</size>
         <input_file_ref idref="fl-7"/>
      </object_component>
      <object_component id="oc-35c">
         <name>.const:.string:_ctypes_</name>
         <load_address>0x33f0</load_address>
         <run_address>0x33f0</run_address>
         <size>0x101</size>
         <input_file_ref idref="fl-df"/>
      </object_component>
      <object_component id="oc-1b0">
         <name>.const:g_sFontFixed6x8</name>
         <load_address>0x34f4</load_address>
         <run_address>0x34f4</run_address>
         <size>0xc8</size>
         <input_file_ref idref="fl-7"/>
      </object_component>
      <object_component id="oc-132">
         <name>.const:uartConfig</name>
         <load_address>0x35bc</load_address>
         <run_address>0x35bc</run_address>
         <size>0x24</size>
         <input_file_ref idref="fl-2"/>
      </object_component>
      <object_component id="oc-1ad">
         <name>.const:g_sCrystalfontz128x128_funcs</name>
         <load_address>0x35e0</load_address>
         <run_address>0x35e0</run_address>
         <size>0x20</size>
         <input_file_ref idref="fl-4"/>
      </object_component>
      <object_component id="oc-307">
         <name>.const:$P$T0$1</name>
         <load_address>0x3600</load_address>
         <run_address>0x3600</run_address>
         <size>0x1c</size>
         <input_file_ref idref="fl-5"/>
      </object_component>
      <object_component id="oc-3d2">
         <name>.cinit..data.load</name>
         <load_address>0x3620</load_address>
         <run_address>0x3620</run_address>
         <size>0x3f</size>
      </object_component>
      <object_component id="oc-3d0">
         <name>__TI_handler_table</name>
         <load_address>0x3660</load_address>
         <run_address>0x3660</run_address>
         <size>0xc</size>
      </object_component>
      <object_component id="oc-3d3">
         <name>.cinit..bss.load</name>
         <load_address>0x3670</load_address>
         <run_address>0x3670</run_address>
         <size>0x8</size>
      </object_component>
      <object_component id="oc-3d1">
         <name>__TI_cinit_table</name>
         <load_address>0x3678</load_address>
         <run_address>0x3678</run_address>
         <size>0x10</size>
      </object_component>
      <object_component id="oc-3ad">
         <name>.binit</name>
         <load_address>0x0</load_address>
         <run_address>0x0</run_address>
         <size>0x0</size>
      </object_component>
      <object_component id="oc-d8">
         <name>.data</name>
         <load_address>0x2000005c</load_address>
         <run_address>0x2000005c</run_address>
         <size>0x3</size>
         <input_file_ref idref="fl-2"/>
      </object_component>
      <object_component id="oc-1aa">
         <name>.data:g_sCrystalfontz128x128</name>
         <load_address>0x20000030</load_address>
         <run_address>0x20000030</run_address>
         <size>0x10</size>
         <input_file_ref idref="fl-4"/>
      </object_component>
      <object_component id="oc-310">
         <name>.data:GPIO_PORT_TO_BASE</name>
         <load_address>0x20000000</load_address>
         <run_address>0x20000000</run_address>
         <size>0x30</size>
         <input_file_ref idref="fl-14"/>
      </object_component>
      <object_component id="oc-c4">
         <name>.data:$O1$$</name>
         <load_address>0x20000040</load_address>
         <run_address>0x20000040</run_address>
         <size>0xc</size>
         <input_file_ref idref="fl-d2"/>
      </object_component>
      <object_component id="oc-71">
         <name>.data</name>
         <load_address>0x20000058</load_address>
         <run_address>0x20000058</run_address>
         <size>0x4</size>
         <input_file_ref idref="fl-d8"/>
      </object_component>
      <object_component id="oc-c7">
         <name>.data:$O1$$</name>
         <load_address>0x2000004c</load_address>
         <run_address>0x2000004c</run_address>
         <size>0x8</size>
         <input_file_ref idref="fl-d9"/>
      </object_component>
      <object_component id="oc-355">
         <name>.data</name>
         <load_address>0x20000054</load_address>
         <run_address>0x20000054</run_address>
         <size>0x4</size>
         <input_file_ref idref="fl-ee"/>
      </object_component>
      <object_component id="oc-e5">
         <name>.common:resultsBuffer</name>
         <uninitialized>true</uninitialized>
         <run_address>0x20000080</run_address>
         <size>0x4</size>
      </object_component>
      <object_component id="oc-e6">
         <name>.common:buttonPressed</name>
         <uninitialized>true</uninitialized>
         <run_address>0x2000008a</run_address>
         <size>0x2</size>
      </object_component>
      <object_component id="oc-e7">
         <name>.common:print_flag</name>
         <uninitialized>true</uninitialized>
         <run_address>0x2000008c</run_address>
         <size>0x2</size>
      </object_component>
      <object_component id="oc-de">
         <name>.common:receivedx</name>
         <uninitialized>true</uninitialized>
         <run_address>0x2000009a</run_address>
         <size>0x1</size>
      </object_component>
      <object_component id="oc-db">
         <name>.common:receivedy</name>
         <uninitialized>true</uninitialized>
         <run_address>0x2000009b</run_address>
         <size>0x1</size>
      </object_component>
      <object_component id="oc-135">
         <name>.common:Score_A</name>
         <uninitialized>true</uninitialized>
         <run_address>0x2000007c</run_address>
         <size>0x4</size>
      </object_component>
      <object_component id="oc-137">
         <name>.common:xdisplay</name>
         <uninitialized>true</uninitialized>
         <run_address>0x2000009c</run_address>
         <size>0x1</size>
      </object_component>
      <object_component id="oc-136">
         <name>.common:ydisplay</name>
         <uninitialized>true</uninitialized>
         <run_address>0x2000009d</run_address>
         <size>0x1</size>
      </object_component>
      <object_component id="oc-138">
         <name>.common:g_sContext</name>
         <uninitialized>true</uninitialized>
         <run_address>0x20000060</run_address>
         <size>0x1c</size>
      </object_component>
      <object_component id="oc-1b3">
         <name>.common:xscreen</name>
         <uninitialized>true</uninitialized>
         <run_address>0x2000008e</run_address>
         <size>0x2</size>
      </object_component>
      <object_component id="oc-1b4">
         <name>.common:yscreen</name>
         <uninitialized>true</uninitialized>
         <run_address>0x20000092</run_address>
         <size>0x2</size>
      </object_component>
      <object_component id="oc-1d7">
         <name>.common:xscreen2</name>
         <uninitialized>true</uninitialized>
         <run_address>0x20000090</run_address>
         <size>0x2</size>
      </object_component>
      <object_component id="oc-1d8">
         <name>.common:yscreen2</name>
         <uninitialized>true</uninitialized>
         <run_address>0x20000094</run_address>
         <size>0x2</size>
      </object_component>
      <object_component id="oc-212">
         <name>.common:Lcd_Orientation</name>
         <uninitialized>true</uninitialized>
         <run_address>0x20000098</run_address>
         <size>0x1</size>
      </object_component>
      <object_component id="oc-209">
         <name>.common:Lcd_ScreenWidth</name>
         <uninitialized>true</uninitialized>
         <run_address>0x20000086</run_address>
         <size>0x2</size>
      </object_component>
      <object_component id="oc-20c">
         <name>.common:Lcd_ScreenHeigth</name>
         <uninitialized>true</uninitialized>
         <run_address>0x20000084</run_address>
         <size>0x2</size>
      </object_component>
      <object_component id="oc-20d">
         <name>.common:Lcd_PenSolid</name>
         <uninitialized>true</uninitialized>
         <run_address>0x20000099</run_address>
         <size>0x1</size>
      </object_component>
      <object_component id="oc-20e">
         <name>.common:Lcd_FontSolid</name>
         <uninitialized>true</uninitialized>
         <run_address>0x20000097</run_address>
         <size>0x1</size>
      </object_component>
      <object_component id="oc-20f">
         <name>.common:Lcd_FlagRead</name>
         <uninitialized>true</uninitialized>
         <run_address>0x20000096</run_address>
         <size>0x1</size>
      </object_component>
      <object_component id="oc-210">
         <name>.common:Lcd_TouchTrim</name>
         <uninitialized>true</uninitialized>
         <run_address>0x20000088</run_address>
         <size>0x2</size>
      </object_component>
      <object_component id="oc-2f">
         <name>.stack</name>
         <uninitialized>true</uninitialized>
         <run_address>0x2000f800</run_address>
         <size>0x0</size>
         <input_file_ref idref="fl-ce"/>
      </object_component>
      <object_component id="oc-3d4">
         <name>.stack</name>
         <uninitialized>true</uninitialized>
         <run_address>0x2000f800</run_address>
         <size>0x0</size>
      </object_component>
      <object_component id="oc-dc">
         <name>.debug_info</name>
         <load_address>0x0</load_address>
         <run_address>0x0</run_address>
         <size>0xb5d</size>
         <input_file_ref idref="fl-2"/>
      </object_component>
      <object_component id="oc-d9">
         <name>.debug_info</name>
         <load_address>0xb5d</load_address>
         <run_address>0xb5d</run_address>
         <size>0x135</size>
         <input_file_ref idref="fl-2"/>
      </object_component>
      <object_component id="oc-133">
         <name>.debug_info</name>
         <load_address>0xc92</load_address>
         <run_address>0xc92</run_address>
         <size>0xe2</size>
         <input_file_ref idref="fl-2"/>
      </object_component>
      <object_component id="oc-12d">
         <name>.debug_info</name>
         <load_address>0xd74</load_address>
         <run_address>0xd74</run_address>
         <size>0x1ea</size>
         <input_file_ref idref="fl-2"/>
      </object_component>
      <object_component id="oc-127">
         <name>.debug_info</name>
         <load_address>0xf5e</load_address>
         <run_address>0xf5e</run_address>
         <size>0x1de</size>
         <input_file_ref idref="fl-2"/>
      </object_component>
      <object_component id="oc-121">
         <name>.debug_info</name>
         <load_address>0x113c</load_address>
         <run_address>0x113c</run_address>
         <size>0x1f3</size>
         <input_file_ref idref="fl-2"/>
      </object_component>
      <object_component id="oc-fd">
         <name>.debug_info</name>
         <load_address>0x132f</load_address>
         <run_address>0x132f</run_address>
         <size>0x131</size>
         <input_file_ref idref="fl-2"/>
      </object_component>
      <object_component id="oc-103">
         <name>.debug_info</name>
         <load_address>0x1460</load_address>
         <run_address>0x1460</run_address>
         <size>0x21f</size>
         <input_file_ref idref="fl-2"/>
      </object_component>
      <object_component id="oc-109">
         <name>.debug_info</name>
         <load_address>0x167f</load_address>
         <run_address>0x167f</run_address>
         <size>0x169</size>
         <input_file_ref idref="fl-2"/>
      </object_component>
      <object_component id="oc-bd">
         <name>.debug_info</name>
         <load_address>0x17e8</load_address>
         <run_address>0x17e8</run_address>
         <size>0x267</size>
         <input_file_ref idref="fl-2"/>
      </object_component>
      <object_component id="oc-82">
         <name>.debug_info</name>
         <load_address>0x1a4f</load_address>
         <run_address>0x1a4f</run_address>
         <size>0x13a</size>
         <input_file_ref idref="fl-2"/>
      </object_component>
      <object_component id="oc-88">
         <name>.debug_info</name>
         <load_address>0x1b89</load_address>
         <run_address>0x1b89</run_address>
         <size>0x164</size>
         <input_file_ref idref="fl-2"/>
      </object_component>
      <object_component id="oc-8e">
         <name>.debug_info</name>
         <load_address>0x1ced</load_address>
         <run_address>0x1ced</run_address>
         <size>0x14f</size>
         <input_file_ref idref="fl-2"/>
      </object_component>
      <object_component id="oc-163">
         <name>.debug_info</name>
         <load_address>0x1e3c</load_address>
         <run_address>0x1e3c</run_address>
         <size>0x103e</size>
         <input_file_ref idref="fl-2"/>
      </object_component>
      <object_component id="oc-15e">
         <name>.debug_info</name>
         <load_address>0x2e7a</load_address>
         <run_address>0x2e7a</run_address>
         <size>0x37a3</size>
         <input_file_ref idref="fl-2"/>
      </object_component>
      <object_component id="oc-27a">
         <name>.debug_info</name>
         <load_address>0x661d</load_address>
         <run_address>0x661d</run_address>
         <size>0x1b5</size>
         <input_file_ref idref="fl-2"/>
      </object_component>
      <object_component id="oc-159">
         <name>.debug_info</name>
         <load_address>0x67d2</load_address>
         <run_address>0x67d2</run_address>
         <size>0x439</size>
         <input_file_ref idref="fl-2"/>
      </object_component>
      <object_component id="oc-13a">
         <name>.debug_info</name>
         <load_address>0x6c0b</load_address>
         <run_address>0x6c0b</run_address>
         <size>0x8b</size>
         <input_file_ref idref="fl-2"/>
      </object_component>
      <object_component id="oc-e0">
         <name>.debug_info</name>
         <load_address>0x6c96</load_address>
         <run_address>0x6c96</run_address>
         <size>0x18b</size>
         <input_file_ref idref="fl-2"/>
      </object_component>
      <object_component id="oc-1c2">
         <name>.debug_info</name>
         <load_address>0x6e21</load_address>
         <run_address>0x6e21</run_address>
         <size>0x4e</size>
         <input_file_ref idref="fl-2"/>
      </object_component>
      <object_component id="oc-30b">
         <name>.debug_info</name>
         <load_address>0x6e6f</load_address>
         <run_address>0x6e6f</run_address>
         <size>0x131</size>
         <input_file_ref idref="fl-2"/>
      </object_component>
      <object_component id="oc-168">
         <name>.debug_info</name>
         <load_address>0x6fa0</load_address>
         <run_address>0x6fa0</run_address>
         <size>0xee</size>
         <input_file_ref idref="fl-2"/>
      </object_component>
      <object_component id="oc-d0">
         <name>.debug_info</name>
         <load_address>0x708e</load_address>
         <run_address>0x708e</run_address>
         <size>0x12a</size>
         <input_file_ref idref="fl-3"/>
      </object_component>
      <object_component id="oc-36">
         <name>.debug_info</name>
         <load_address>0x71b8</load_address>
         <run_address>0x71b8</run_address>
         <size>0x84</size>
         <input_file_ref idref="fl-3"/>
      </object_component>
      <object_component id="oc-20a">
         <name>.debug_info</name>
         <load_address>0x723c</load_address>
         <run_address>0x723c</run_address>
         <size>0x7bc</size>
         <input_file_ref idref="fl-4"/>
      </object_component>
      <object_component id="oc-1ab">
         <name>.debug_info</name>
         <load_address>0x79f8</load_address>
         <run_address>0x79f8</run_address>
         <size>0x10c</size>
         <input_file_ref idref="fl-4"/>
      </object_component>
      <object_component id="oc-1ae">
         <name>.debug_info</name>
         <load_address>0x7b04</load_address>
         <run_address>0x7b04</run_address>
         <size>0x118</size>
         <input_file_ref idref="fl-4"/>
      </object_component>
      <object_component id="oc-181">
         <name>.debug_info</name>
         <load_address>0x7c1c</load_address>
         <run_address>0x7c1c</run_address>
         <size>0x1fe</size>
         <input_file_ref idref="fl-4"/>
      </object_component>
      <object_component id="oc-204">
         <name>.debug_info</name>
         <load_address>0x7e1a</load_address>
         <run_address>0x7e1a</run_address>
         <size>0x2e7</size>
         <input_file_ref idref="fl-4"/>
      </object_component>
      <object_component id="oc-259">
         <name>.debug_info</name>
         <load_address>0x8101</load_address>
         <run_address>0x8101</run_address>
         <size>0x2ab</size>
         <input_file_ref idref="fl-4"/>
      </object_component>
      <object_component id="oc-247">
         <name>.debug_info</name>
         <load_address>0x83ac</load_address>
         <run_address>0x83ac</run_address>
         <size>0x43c</size>
         <input_file_ref idref="fl-4"/>
      </object_component>
      <object_component id="oc-241">
         <name>.debug_info</name>
         <load_address>0x87e8</load_address>
         <run_address>0x87e8</run_address>
         <size>0x26f</size>
         <input_file_ref idref="fl-4"/>
      </object_component>
      <object_component id="oc-253">
         <name>.debug_info</name>
         <load_address>0x8a57</load_address>
         <run_address>0x8a57</run_address>
         <size>0x295</size>
         <input_file_ref idref="fl-4"/>
      </object_component>
      <object_component id="oc-24d">
         <name>.debug_info</name>
         <load_address>0x8cec</load_address>
         <run_address>0x8cec</run_address>
         <size>0x295</size>
         <input_file_ref idref="fl-4"/>
      </object_component>
      <object_component id="oc-17b">
         <name>.debug_info</name>
         <load_address>0x8f81</load_address>
         <run_address>0x8f81</run_address>
         <size>0x3d3</size>
         <input_file_ref idref="fl-4"/>
      </object_component>
      <object_component id="oc-265">
         <name>.debug_info</name>
         <load_address>0x9354</load_address>
         <run_address>0x9354</run_address>
         <size>0x196</size>
         <input_file_ref idref="fl-4"/>
      </object_component>
      <object_component id="oc-25f">
         <name>.debug_info</name>
         <load_address>0x94ea</load_address>
         <run_address>0x94ea</run_address>
         <size>0x1da</size>
         <input_file_ref idref="fl-4"/>
      </object_component>
      <object_component id="oc-26b">
         <name>.debug_info</name>
         <load_address>0x96c4</load_address>
         <run_address>0x96c4</run_address>
         <size>0x205</size>
         <input_file_ref idref="fl-4"/>
      </object_component>
      <object_component id="oc-31c">
         <name>.debug_info</name>
         <load_address>0x98c9</load_address>
         <run_address>0x98c9</run_address>
         <size>0x37a3</size>
         <input_file_ref idref="fl-4"/>
      </object_component>
      <object_component id="oc-317">
         <name>.debug_info</name>
         <load_address>0xd06c</load_address>
         <run_address>0xd06c</run_address>
         <size>0x6c8</size>
         <input_file_ref idref="fl-5"/>
      </object_component>
      <object_component id="oc-308">
         <name>.debug_info</name>
         <load_address>0xd734</load_address>
         <run_address>0xd734</run_address>
         <size>0x100</size>
         <input_file_ref idref="fl-5"/>
      </object_component>
      <object_component id="oc-1fe">
         <name>.debug_info</name>
         <load_address>0xd834</load_address>
         <run_address>0xd834</run_address>
         <size>0x1c9</size>
         <input_file_ref idref="fl-5"/>
      </object_component>
      <object_component id="oc-1f8">
         <name>.debug_info</name>
         <load_address>0xd9fd</load_address>
         <run_address>0xd9fd</run_address>
         <size>0x216</size>
         <input_file_ref idref="fl-5"/>
      </object_component>
      <object_component id="oc-1e6">
         <name>.debug_info</name>
         <load_address>0xdc13</load_address>
         <run_address>0xdc13</run_address>
         <size>0x220</size>
         <input_file_ref idref="fl-5"/>
      </object_component>
      <object_component id="oc-1e0">
         <name>.debug_info</name>
         <load_address>0xde33</load_address>
         <run_address>0xde33</run_address>
         <size>0x257</size>
         <input_file_ref idref="fl-5"/>
      </object_component>
      <object_component id="oc-95">
         <name>.debug_info</name>
         <load_address>0xe08a</load_address>
         <run_address>0xe08a</run_address>
         <size>0x11e</size>
         <input_file_ref idref="fl-6"/>
      </object_component>
      <object_component id="oc-2d">
         <name>.debug_info</name>
         <load_address>0xe1a8</load_address>
         <run_address>0xe1a8</run_address>
         <size>0xf6</size>
         <input_file_ref idref="fl-6"/>
      </object_component>
      <object_component id="oc-76">
         <name>.debug_info</name>
         <load_address>0xe29e</load_address>
         <run_address>0xe29e</run_address>
         <size>0x159</size>
         <input_file_ref idref="fl-6"/>
      </object_component>
      <object_component id="oc-7c">
         <name>.debug_info</name>
         <load_address>0xe3f7</load_address>
         <run_address>0xe3f7</run_address>
         <size>0x141</size>
         <input_file_ref idref="fl-6"/>
      </object_component>
      <object_component id="oc-277">
         <name>.debug_info</name>
         <load_address>0xe538</load_address>
         <run_address>0xe538</run_address>
         <size>0x22c</size>
         <input_file_ref idref="fl-7"/>
      </object_component>
      <object_component id="oc-273">
         <name>.debug_info</name>
         <load_address>0xe764</load_address>
         <run_address>0xe764</run_address>
         <size>0xf6</size>
         <input_file_ref idref="fl-7"/>
      </object_component>
      <object_component id="oc-1b1">
         <name>.debug_info</name>
         <load_address>0xe85a</load_address>
         <run_address>0xe85a</run_address>
         <size>0xeb</size>
         <input_file_ref idref="fl-7"/>
      </object_component>
      <object_component id="oc-2ed">
         <name>.debug_info</name>
         <load_address>0xe945</load_address>
         <run_address>0xe945</run_address>
         <size>0x2b2</size>
         <input_file_ref idref="fl-e"/>
      </object_component>
      <object_component id="oc-1d1">
         <name>.debug_info</name>
         <load_address>0xebf7</load_address>
         <run_address>0xebf7</run_address>
         <size>0x2a3</size>
         <input_file_ref idref="fl-e"/>
      </object_component>
      <object_component id="oc-239">
         <name>.debug_info</name>
         <load_address>0xee9a</load_address>
         <run_address>0xee9a</run_address>
         <size>0x439</size>
         <input_file_ref idref="fl-e"/>
      </object_component>
      <object_component id="oc-215">
         <name>.debug_info</name>
         <load_address>0xf2d3</load_address>
         <run_address>0xf2d3</run_address>
         <size>0x3a5</size>
         <input_file_ref idref="fl-f"/>
      </object_component>
      <object_component id="oc-190">
         <name>.debug_info</name>
         <load_address>0xf678</load_address>
         <run_address>0xf678</run_address>
         <size>0x18b</size>
         <input_file_ref idref="fl-f"/>
      </object_component>
      <object_component id="oc-19c">
         <name>.debug_info</name>
         <load_address>0xf803</load_address>
         <run_address>0xf803</run_address>
         <size>0x15c</size>
         <input_file_ref idref="fl-f"/>
      </object_component>
      <object_component id="oc-196">
         <name>.debug_info</name>
         <load_address>0xf95f</load_address>
         <run_address>0xf95f</run_address>
         <size>0x18a</size>
         <input_file_ref idref="fl-f"/>
      </object_component>
      <object_component id="oc-18a">
         <name>.debug_info</name>
         <load_address>0xfae9</load_address>
         <run_address>0xfae9</run_address>
         <size>0x196</size>
         <input_file_ref idref="fl-f"/>
      </object_component>
      <object_component id="oc-1a1">
         <name>.debug_info</name>
         <load_address>0xfc7f</load_address>
         <run_address>0xfc7f</run_address>
         <size>0x167</size>
         <input_file_ref idref="fl-f"/>
      </object_component>
      <object_component id="oc-324">
         <name>.debug_info</name>
         <load_address>0xfde6</load_address>
         <run_address>0xfde6</run_address>
         <size>0x21c</size>
         <input_file_ref idref="fl-10"/>
      </object_component>
      <object_component id="oc-217">
         <name>.debug_info</name>
         <load_address>0x10002</load_address>
         <run_address>0x10002</run_address>
         <size>0x178</size>
         <input_file_ref idref="fl-10"/>
      </object_component>
      <object_component id="oc-233">
         <name>.debug_info</name>
         <load_address>0x1017a</load_address>
         <run_address>0x1017a</run_address>
         <size>0x196</size>
         <input_file_ref idref="fl-10"/>
      </object_component>
      <object_component id="oc-328">
         <name>.debug_info</name>
         <load_address>0x10310</load_address>
         <run_address>0x10310</run_address>
         <size>0x1c7</size>
         <input_file_ref idref="fl-10"/>
      </object_component>
      <object_component id="oc-220">
         <name>.debug_info</name>
         <load_address>0x104d7</load_address>
         <run_address>0x104d7</run_address>
         <size>0x170</size>
         <input_file_ref idref="fl-10"/>
      </object_component>
      <object_component id="oc-32e">
         <name>.debug_info</name>
         <load_address>0x10647</load_address>
         <run_address>0x10647</run_address>
         <size>0x366</size>
         <input_file_ref idref="fl-11"/>
      </object_component>
      <object_component id="oc-22d">
         <name>.debug_info</name>
         <load_address>0x109ad</load_address>
         <run_address>0x109ad</run_address>
         <size>0x1bb</size>
         <input_file_ref idref="fl-11"/>
      </object_component>
      <object_component id="oc-1ce">
         <name>.debug_info</name>
         <load_address>0x10b68</load_address>
         <run_address>0x10b68</run_address>
         <size>0x2ea</size>
         <input_file_ref idref="fl-12"/>
      </object_component>
      <object_component id="oc-1c8">
         <name>.debug_info</name>
         <load_address>0x10e52</load_address>
         <run_address>0x10e52</run_address>
         <size>0x220</size>
         <input_file_ref idref="fl-12"/>
      </object_component>
      <object_component id="oc-227">
         <name>.debug_info</name>
         <load_address>0x11072</load_address>
         <run_address>0x11072</run_address>
         <size>0x160</size>
         <input_file_ref idref="fl-12"/>
      </object_component>
      <object_component id="oc-1a5">
         <name>.debug_info</name>
         <load_address>0x111d2</load_address>
         <run_address>0x111d2</run_address>
         <size>0x3ff</size>
         <input_file_ref idref="fl-12"/>
      </object_component>
      <object_component id="oc-11b">
         <name>.debug_info</name>
         <load_address>0x115d1</load_address>
         <run_address>0x115d1</run_address>
         <size>0x214</size>
         <input_file_ref idref="fl-12"/>
      </object_component>
      <object_component id="oc-1b8">
         <name>.debug_info</name>
         <load_address>0x117e5</load_address>
         <run_address>0x117e5</run_address>
         <size>0x5ef</size>
         <input_file_ref idref="fl-13"/>
      </object_component>
      <object_component id="oc-10f">
         <name>.debug_info</name>
         <load_address>0x11dd4</load_address>
         <run_address>0x11dd4</run_address>
         <size>0x132</size>
         <input_file_ref idref="fl-13"/>
      </object_component>
      <object_component id="oc-27f">
         <name>.debug_info</name>
         <load_address>0x11f06</load_address>
         <run_address>0x11f06</run_address>
         <size>0x103e</size>
         <input_file_ref idref="fl-13"/>
      </object_component>
      <object_component id="oc-314">
         <name>.debug_info</name>
         <load_address>0x12f44</load_address>
         <run_address>0x12f44</run_address>
         <size>0x4a4</size>
         <input_file_ref idref="fl-14"/>
      </object_component>
      <object_component id="oc-311">
         <name>.debug_info</name>
         <load_address>0x133e8</load_address>
         <run_address>0x133e8</run_address>
         <size>0xd0</size>
         <input_file_ref idref="fl-14"/>
      </object_component>
      <object_component id="oc-1ec">
         <name>.debug_info</name>
         <load_address>0x134b8</load_address>
         <run_address>0x134b8</run_address>
         <size>0x183</size>
         <input_file_ref idref="fl-14"/>
      </object_component>
      <object_component id="oc-1f2">
         <name>.debug_info</name>
         <load_address>0x1363b</load_address>
         <run_address>0x1363b</run_address>
         <size>0x185</size>
         <input_file_ref idref="fl-14"/>
      </object_component>
      <object_component id="oc-2ef">
         <name>.debug_info</name>
         <load_address>0x137c0</load_address>
         <run_address>0x137c0</run_address>
         <size>0x1dd</size>
         <input_file_ref idref="fl-14"/>
      </object_component>
      <object_component id="oc-2f5">
         <name>.debug_info</name>
         <load_address>0x1399d</load_address>
         <run_address>0x1399d</run_address>
         <size>0x19c</size>
         <input_file_ref idref="fl-14"/>
      </object_component>
      <object_component id="oc-375">
         <name>.debug_info</name>
         <load_address>0x13b39</load_address>
         <run_address>0x13b39</run_address>
         <size>0x4b1</size>
         <input_file_ref idref="fl-16"/>
      </object_component>
      <object_component id="oc-36f">
         <name>.debug_info</name>
         <load_address>0x13fea</load_address>
         <run_address>0x13fea</run_address>
         <size>0x113</size>
         <input_file_ref idref="fl-16"/>
      </object_component>
      <object_component id="oc-2fd">
         <name>.debug_info</name>
         <load_address>0x140fd</load_address>
         <run_address>0x140fd</run_address>
         <size>0x17c</size>
         <input_file_ref idref="fl-16"/>
      </object_component>
      <object_component id="oc-378">
         <name>.debug_info</name>
         <load_address>0x14279</load_address>
         <run_address>0x14279</run_address>
         <size>0x135</size>
         <input_file_ref idref="fl-16"/>
      </object_component>
      <object_component id="oc-37e">
         <name>.debug_info</name>
         <load_address>0x143ae</load_address>
         <run_address>0x143ae</run_address>
         <size>0x135</size>
         <input_file_ref idref="fl-16"/>
      </object_component>
      <object_component id="oc-303">
         <name>.debug_info</name>
         <load_address>0x144e3</load_address>
         <run_address>0x144e3</run_address>
         <size>0x187</size>
         <input_file_ref idref="fl-16"/>
      </object_component>
      <object_component id="oc-27">
         <name>.debug_info</name>
         <load_address>0x1466a</load_address>
         <run_address>0x1466a</run_address>
         <size>0x160</size>
         <input_file_ref idref="fl-ce"/>
      </object_component>
      <object_component id="oc-9b">
         <name>.debug_info</name>
         <load_address>0x147ca</load_address>
         <run_address>0x147ca</run_address>
         <size>0xf9</size>
         <input_file_ref idref="fl-cf"/>
      </object_component>
      <object_component id="oc-15">
         <name>.debug_info</name>
         <load_address>0x148c3</load_address>
         <run_address>0x148c3</run_address>
         <size>0x245</size>
         <input_file_ref idref="fl-cf"/>
      </object_component>
      <object_component id="oc-31">
         <name>.debug_info</name>
         <load_address>0x14b08</load_address>
         <run_address>0x14b08</run_address>
         <size>0x60</size>
         <input_file_ref idref="fl-cf"/>
      </object_component>
      <object_component id="oc-96">
         <name>.debug_info</name>
         <load_address>0x14b68</load_address>
         <run_address>0x14b68</run_address>
         <size>0x46</size>
         <input_file_ref idref="fl-cf"/>
      </object_component>
      <object_component id="oc-46">
         <name>.debug_info</name>
         <load_address>0x14bae</load_address>
         <run_address>0x14bae</run_address>
         <size>0x140</size>
         <input_file_ref idref="fl-d0"/>
      </object_component>
      <object_component id="oc-1b">
         <name>.debug_info</name>
         <load_address>0x14cee</load_address>
         <run_address>0x14cee</run_address>
         <size>0x1df</size>
         <input_file_ref idref="fl-d0"/>
      </object_component>
      <object_component id="oc-41">
         <name>.debug_info</name>
         <load_address>0x14ecd</load_address>
         <run_address>0x14ecd</run_address>
         <size>0x46</size>
         <input_file_ref idref="fl-d0"/>
      </object_component>
      <object_component id="oc-9d">
         <name>.debug_info</name>
         <load_address>0x14f13</load_address>
         <run_address>0x14f13</run_address>
         <size>0x2c</size>
         <input_file_ref idref="fl-d0"/>
      </object_component>
      <object_component id="oc-52">
         <name>.debug_info</name>
         <load_address>0x14f3f</load_address>
         <run_address>0x14f3f</run_address>
         <size>0x12f</size>
         <input_file_ref idref="fl-d1"/>
      </object_component>
      <object_component id="oc-21">
         <name>.debug_info</name>
         <load_address>0x1506e</load_address>
         <run_address>0x1506e</run_address>
         <size>0x1aa</size>
         <input_file_ref idref="fl-d1"/>
      </object_component>
      <object_component id="oc-4d">
         <name>.debug_info</name>
         <load_address>0x15218</load_address>
         <run_address>0x15218</run_address>
         <size>0x46</size>
         <input_file_ref idref="fl-d1"/>
      </object_component>
      <object_component id="oc-a5">
         <name>.debug_info</name>
         <load_address>0x1525e</load_address>
         <run_address>0x1525e</run_address>
         <size>0x2c</size>
         <input_file_ref idref="fl-d1"/>
      </object_component>
      <object_component id="oc-cb">
         <name>.debug_info</name>
         <load_address>0x1528a</load_address>
         <run_address>0x1528a</run_address>
         <size>0x234</size>
         <input_file_ref idref="fl-d2"/>
      </object_component>
      <object_component id="oc-c5">
         <name>.debug_info</name>
         <load_address>0x154be</load_address>
         <run_address>0x154be</run_address>
         <size>0x185</size>
         <input_file_ref idref="fl-d2"/>
      </object_component>
      <object_component id="oc-6c">
         <name>.debug_info</name>
         <load_address>0x15643</load_address>
         <run_address>0x15643</run_address>
         <size>0x214</size>
         <input_file_ref idref="fl-d2"/>
      </object_component>
      <object_component id="oc-3c">
         <name>.debug_info</name>
         <load_address>0x15857</load_address>
         <run_address>0x15857</run_address>
         <size>0x111</size>
         <input_file_ref idref="fl-d3"/>
      </object_component>
      <object_component id="oc-48">
         <name>.debug_info</name>
         <load_address>0x15968</load_address>
         <run_address>0x15968</run_address>
         <size>0x13f</size>
         <input_file_ref idref="fl-d4"/>
      </object_component>
      <object_component id="oc-57">
         <name>.debug_info</name>
         <load_address>0x15aa7</load_address>
         <run_address>0x15aa7</run_address>
         <size>0x138</size>
         <input_file_ref idref="fl-d5"/>
      </object_component>
      <object_component id="oc-5d">
         <name>.debug_info</name>
         <load_address>0x15bdf</load_address>
         <run_address>0x15bdf</run_address>
         <size>0x148</size>
         <input_file_ref idref="fl-d6"/>
      </object_component>
      <object_component id="oc-1c1">
         <name>.debug_info</name>
         <load_address>0x15d27</load_address>
         <run_address>0x15d27</run_address>
         <size>0x1bb</size>
         <input_file_ref idref="fl-d7"/>
      </object_component>
      <object_component id="oc-116">
         <name>.debug_info</name>
         <load_address>0x15ee2</load_address>
         <run_address>0x15ee2</run_address>
         <size>0x2e4</size>
         <input_file_ref idref="fl-d7"/>
      </object_component>
      <object_component id="oc-2e2">
         <name>.debug_info</name>
         <load_address>0x161c6</load_address>
         <run_address>0x161c6</run_address>
         <size>0x2c</size>
         <input_file_ref idref="fl-d7"/>
      </object_component>
      <object_component id="oc-72">
         <name>.debug_info</name>
         <load_address>0x161f2</load_address>
         <run_address>0x161f2</run_address>
         <size>0x109</size>
         <input_file_ref idref="fl-d8"/>
      </object_component>
      <object_component id="oc-150">
         <name>.debug_info</name>
         <load_address>0x162fb</load_address>
         <run_address>0x162fb</run_address>
         <size>0x124</size>
         <input_file_ref idref="fl-d9"/>
      </object_component>
      <object_component id="oc-c8">
         <name>.debug_info</name>
         <load_address>0x1641f</load_address>
         <run_address>0x1641f</run_address>
         <size>0x113</size>
         <input_file_ref idref="fl-d9"/>
      </object_component>
      <object_component id="oc-149">
         <name>.debug_info</name>
         <load_address>0x16532</load_address>
         <run_address>0x16532</run_address>
         <size>0x21f</size>
         <input_file_ref idref="fl-d9"/>
      </object_component>
      <object_component id="oc-2d7">
         <name>.debug_info</name>
         <load_address>0x16751</load_address>
         <run_address>0x16751</run_address>
         <size>0x385</size>
         <input_file_ref idref="fl-da"/>
      </object_component>
      <object_component id="oc-1bb">
         <name>.debug_info</name>
         <load_address>0x16ad6</load_address>
         <run_address>0x16ad6</run_address>
         <size>0x1543</size>
         <input_file_ref idref="fl-da"/>
      </object_component>
      <object_component id="oc-2d8">
         <name>.debug_info</name>
         <load_address>0x18019</load_address>
         <run_address>0x18019</run_address>
         <size>0x86</size>
         <input_file_ref idref="fl-da"/>
      </object_component>
      <object_component id="oc-365">
         <name>.debug_info</name>
         <load_address>0x1809f</load_address>
         <run_address>0x1809f</run_address>
         <size>0x46</size>
         <input_file_ref idref="fl-da"/>
      </object_component>
      <object_component id="oc-2dd">
         <name>.debug_info</name>
         <load_address>0x180e5</load_address>
         <run_address>0x180e5</run_address>
         <size>0x39</size>
         <input_file_ref idref="fl-da"/>
      </object_component>
      <object_component id="oc-c3">
         <name>.debug_info</name>
         <load_address>0x1811e</load_address>
         <run_address>0x1811e</run_address>
         <size>0x166</size>
         <input_file_ref idref="fl-db"/>
      </object_component>
      <object_component id="oc-66">
         <name>.debug_info</name>
         <load_address>0x18284</load_address>
         <run_address>0x18284</run_address>
         <size>0x167</size>
         <input_file_ref idref="fl-db"/>
      </object_component>
      <object_component id="oc-141">
         <name>.debug_info</name>
         <load_address>0x183eb</load_address>
         <run_address>0x183eb</run_address>
         <size>0x5e</size>
         <input_file_ref idref="fl-db"/>
      </object_component>
      <object_component id="oc-360">
         <name>.debug_info</name>
         <load_address>0x18449</load_address>
         <run_address>0x18449</run_address>
         <size>0x114</size>
         <input_file_ref idref="fl-dc"/>
      </object_component>
      <object_component id="oc-2cb">
         <name>.debug_info</name>
         <load_address>0x1855d</load_address>
         <run_address>0x1855d</run_address>
         <size>0x171</size>
         <input_file_ref idref="fl-dc"/>
      </object_component>
      <object_component id="oc-bb">
         <name>.debug_info</name>
         <load_address>0x186ce</load_address>
         <run_address>0x186ce</run_address>
         <size>0x2e9</size>
         <input_file_ref idref="fl-dd"/>
      </object_component>
      <object_component id="oc-60">
         <name>.debug_info</name>
         <load_address>0x189b7</load_address>
         <run_address>0x189b7</run_address>
         <size>0x190</size>
         <input_file_ref idref="fl-dd"/>
      </object_component>
      <object_component id="oc-f2">
         <name>.debug_info</name>
         <load_address>0x18b47</load_address>
         <run_address>0x18b47</run_address>
         <size>0x39</size>
         <input_file_ref idref="fl-dd"/>
      </object_component>
      <object_component id="oc-174">
         <name>.debug_info</name>
         <load_address>0x18b80</load_address>
         <run_address>0x18b80</run_address>
         <size>0x39</size>
         <input_file_ref idref="fl-dd"/>
      </object_component>
      <object_component id="oc-f7">
         <name>.debug_info</name>
         <load_address>0x18bb9</load_address>
         <run_address>0x18bb9</run_address>
         <size>0xcd</size>
         <input_file_ref idref="fl-dd"/>
      </object_component>
      <object_component id="oc-ee">
         <name>.debug_info</name>
         <load_address>0x18c86</load_address>
         <run_address>0x18c86</run_address>
         <size>0x1e0</size>
         <input_file_ref idref="fl-de"/>
      </object_component>
      <object_component id="oc-af">
         <name>.debug_info</name>
         <load_address>0x18e66</load_address>
         <run_address>0x18e66</run_address>
         <size>0x183</size>
         <input_file_ref idref="fl-de"/>
      </object_component>
      <object_component id="oc-16f">
         <name>.debug_info</name>
         <load_address>0x18fe9</load_address>
         <run_address>0x18fe9</run_address>
         <size>0x2c</size>
         <input_file_ref idref="fl-de"/>
      </object_component>
      <object_component id="oc-39f">
         <name>.debug_info</name>
         <load_address>0x19015</load_address>
         <run_address>0x19015</run_address>
         <size>0xee</size>
         <input_file_ref idref="fl-df"/>
      </object_component>
      <object_component id="oc-35d">
         <name>.debug_info</name>
         <load_address>0x19103</load_address>
         <run_address>0x19103</run_address>
         <size>0xfa</size>
         <input_file_ref idref="fl-df"/>
      </object_component>
      <object_component id="oc-2b6">
         <name>.debug_info</name>
         <load_address>0x191fd</load_address>
         <run_address>0x191fd</run_address>
         <size>0x144</size>
         <input_file_ref idref="fl-e0"/>
      </object_component>
      <object_component id="oc-292">
         <name>.debug_info</name>
         <load_address>0x19341</load_address>
         <run_address>0x19341</run_address>
         <size>0x120</size>
         <input_file_ref idref="fl-e1"/>
      </object_component>
[...]
      </symbol>
      <symbol id="sm-232">
         <name>Default_Handler</name>
         <value>0x200b</value>
         <object_component_ref idref="oc-7b"/>
      </symbol>
      <symbol id="sm-233">
         <name>interruptVectors</name>
         <value>0x0</value>
         <object_component_ref idref="oc-2c"/>
      </symbol>
      <symbol id="sm-245">
         <name>g_sFontFixed6x8</name>
         <value>0x34f4</value>
         <object_component_ref idref="oc-1b0"/>
      </symbol>
      <symbol id="sm-25f">
         <name>Graphics_fillCircle</name>
         <value>0x1a7f</value>
         <object_component_ref idref="oc-1d0"/>
      </symbol>
      <symbol id="sm-28c">
         <name>Graphics_setBackgroundColor</name>
         <value>0x3077</value>
         <object_component_ref idref="oc-192"/>
      </symbol>
      <symbol id="sm-28d">
         <name>Graphics_setFont</name>
         <value>0x30ef</value>
         <object_component_ref idref="oc-198"/>
      </symbol>
      <symbol id="sm-28e">
         <name>Graphics_initContext</name>
         <value>0x2ecd</value>
         <object_component_ref idref="oc-186"/>
      </symbol>
      <symbol id="sm-28f">
         <name>Graphics_setForegroundColor</name>
         <value>0x3085</value>
         <object_component_ref idref="oc-18c"/>
      </symbol>
      <symbol id="sm-290">
         <name>Graphics_clearDisplay</name>
         <value>0x30d1</value>
         <object_component_ref idref="oc-19e"/>
      </symbol>
      <symbol id="sm-2b5">
         <name>Graphics_clearDisplayOnDisplay</name>
         <value>0x30db</value>
         <object_component_ref idref="oc-21f"/>
      </symbol>
      <symbol id="sm-2b6">
         <name>Graphics_drawPixelOnDisplay</name>
         <value>0x3069</value>
         <object_component_ref idref="oc-232"/>
      </symbol>
      <symbol id="sm-2b7">
         <name>Graphics_translateColorOnDisplay</name>
         <value>0x30e5</value>
         <object_component_ref idref="oc-216"/>
      </symbol>
      <symbol id="sm-2b8">
         <name>Graphics_drawHorizontalLineOnDisplay</name>
         <value>0x2fdb</value>
         <object_component_ref idref="oc-327"/>
      </symbol>
      <symbol id="sm-2c7">
         <name>Graphics_drawLineH</name>
         <value>0x2be9</value>
         <object_component_ref idref="oc-22c"/>
      </symbol>
      <symbol id="sm-317">
         <name>Graphics_drawStringCentered</name>
         <value>0x2d33</value>
         <object_component_ref idref="oc-11a"/>
      </symbol>
      <symbol id="sm-318">
         <name>Graphics_drawString</name>
         <value>0x121f</value>
         <object_component_ref idref="oc-1a4"/>
      </symbol>
      <symbol id="sm-319">
         <name>Graphics_getStringWidth</name>
         <value>0x26ad</value>
         <object_component_ref idref="oc-1c7"/>
      </symbol>
      <symbol id="sm-32f">
         <name>CS_setDCOCenteredFrequency</name>
         <value>0x2e85</value>
         <object_component_ref idref="oc-10e"/>
      </symbol>
      <symbol id="sm-368">
         <name>GPIO_setOutputHighOnPin</name>
         <value>0x3009</value>
         <object_component_ref idref="oc-1f1"/>
      </symbol>
      <symbol id="sm-369">
         <name>GPIO_setAsOutputPin</name>
         <value>0x2ea9</value>
         <object_component_ref idref="oc-2f4"/>
      </symbol>
      <symbol id="sm-36a">
         <name>GPIO_setOutputLowOnPin</name>
         <value>0x2f7d</value>
         <object_component_ref idref="oc-1eb"/>
      </symbol>
      <symbol id="sm-36b">
         <name>GPIO_setAsPeripheralModuleFunctionOutputPin</name>
         <value>0x2b05</value>
         <object_component_ref idref="oc-2ee"/>
      </symbol>
      <symbol id="sm-3a3">
         <name>EUSCI_B_SPI_enable</name>
         <value>0x30ad</value>
         <object_component_ref idref="oc-376"/>
      </symbol>
      <symbol id="sm-3a4">
         <name>SPI_enableModule</name>
         <value>0x2f63</value>
         <object_component_ref idref="oc-301"/>
      </symbol>
      <symbol id="sm-3a5">
         <name>EUSCI_A_SPI_enable</name>
         <value>0x30a1</value>
         <object_component_ref idref="oc-37c"/>
      </symbol>
      <symbol id="sm-3a6">
         <name>SPI_initMaster</name>
         <value>0x2241</value>
         <object_component_ref idref="oc-2fb"/>
      </symbol>
      <symbol id="sm-3b9">
         <name>_c_int00</name>
         <value>0x29bd</value>
         <object_component_ref idref="oc-26"/>
      </symbol>
      <symbol id="sm-3ba">
         <name>__stack</name>
         <value>0x2000f800</value>
         <object_component_ref idref="oc-2f"/>
      </symbol>
      <symbol id="sm-3d8">
         <name>__TI_decompress_lzss</name>
         <value>0x277d</value>
         <object_component_ref idref="oc-14"/>
      </symbol>
      <symbol id="sm-3ef">
         <name>__TI_decompress_none</name>
         <value>0x3093</value>
         <object_component_ref idref="oc-1a"/>
      </symbol>
      <symbol id="sm-406">
         <name>__TI_zero_init</name>
         <value>0x30c5</value>
         <object_component_ref idref="oc-20"/>
      </symbol>
      <symbol id="sm-427">
         <name>C$$EXIT</name>
         <value>0x2a11</value>
         <object_component_ref idref="oc-6b"/>
      </symbol>
      <symbol id="sm-428">
         <name>abort</name>
         <value>0x2a15</value>
         <object_component_ref idref="oc-6b"/>
      </symbol>
      <symbol id="sm-429">
         <name>exit</name>
         <value>0x2a1d</value>
         <object_component_ref idref="oc-6b"/>
      </symbol>
      <symbol id="sm-42a">
         <name>__TI_dtors_ptr</name>
         <value>0x20000044</value>
         <object_component_ref idref="oc-c4"/>
      </symbol>
      <symbol id="sm-42b">
         <name>__TI_cleanup_ptr</name>
         <value>0x20000040</value>
         <object_component_ref idref="oc-c4"/>
      </symbol>
      <symbol id="sm-42c">
         <name>__TI_enable_exit_profile_output</name>
         <value>0x20000048</value>
         <object_component_ref idref="oc-c4"/>
      </symbol>
      <symbol id="sm-447">
         <name>memcpy</name>
         <value>0x21a5</value>
         <object_component_ref idref="oc-3b"/>
      </symbol>
      <symbol id="sm-448">
         <name>__aeabi_memcpy</name>
         <value>0x21a5</value>
         <object_component_ref idref="oc-3b"/>
      </symbol>
      <symbol id="sm-449">
         <name>__aeabi_memcpy8</name>
         <value>0x21a5</value>
         <object_component_ref idref="oc-3b"/>
      </symbol>
      <symbol id="sm-44a">
         <name>__aeabi_memcpy4</name>
         <value>0x21a5</value>
         <object_component_ref idref="oc-3b"/>
      </symbol>
      <symbol id="sm-459">
         <name>__aeabi_memset</name>
         <value>0x24db</value>
         <object_component_ref idref="oc-47"/>
      </symbol>
      <symbol id="sm-45a">
         <name>memset</name>
         <value>0x24e1</value>
         <object_component_ref idref="oc-47"/>
      </symbol>
      <symbol id="sm-45b">
         <name>__aeabi_memset8</name>
         <value>0x24db</value>
         <object_component_ref idref="oc-47"/>
      </symbol>
      <symbol id="sm-45c">
         <name>__aeabi_memset4</name>
         <value>0x24db</value>
         <object_component_ref idref="oc-47"/>
      </symbol>
      <symbol id="sm-45d">
         <name>__aeabi_memclr8</name>
         <value>0x24d9</value>
         <object_component_ref idref="oc-47"/>
      </symbol>
      <symbol id="sm-45e">
         <name>__aeabi_memclr4</name>
         <value>0x24d9</value>
         <object_component_ref idref="oc-47"/>
      </symbol>
      <symbol id="sm-45f">
         <name>__aeabi_memclr</name>
         <value>0x24d9</value>
         <object_component_ref idref="oc-47"/>
      </symbol>
      <symbol id="sm-469">
         <name>__mpu_init</name>
         <value>0x2553</value>
         <object_component_ref idref="oc-53"/>
      </symbol>
      <symbol id="sm-473">
         <name>_system_pre_init</name>
         <value>0x30f3</value>
         <object_component_ref idref="oc-59"/>
      </symbol>
      <symbol id="sm-48c">
         <name>sprintf</name>
         <value>0x28b1</value>
         <object_component_ref idref="oc-114"/>
      </symbol>
      <symbol id="sm-494">
         <name>main_func_sp</name>
         <value>0x20000058</value>
         <object_component_ref idref="oc-71"/>
      </symbol>
      <symbol id="sm-4ad">
         <name>_nop</name>
         <value>0x302b</value>
         <object_component_ref idref="oc-148"/>
      </symbol>
      <symbol id="sm-4ae">
         <name>_lock</name>
         <value>0x2000004c</value>
         <object_component_ref idref="oc-c7"/>
      </symbol>
      <symbol id="sm-4af">
         <name>_unlock</name>
         <value>0x20000050</value>
         <object_component_ref idref="oc-c7"/>
      </symbol>
      <symbol id="sm-4b0">
         <name>_register_lock</name>
         <value>0x3023</value>
         <object_component_ref idref="oc-148"/>
      </symbol>
      <symbol id="sm-4b1">
         <name>_register_unlock</name>
         <value>0x301d</value>
         <object_component_ref idref="oc-148"/>
      </symbol>
      <symbol id="sm-5b2">
         <name>__TI_printfi</name>
         <value>0x925</value>
         <object_component_ref idref="oc-1ba"/>
      </symbol>
      <symbol id="sm-5c6">
         <name>_args_main</name>
         <value>0x2fad</value>
         <object_component_ref idref="oc-65"/>
      </symbol>
      <symbol id="sm-5dc">
         <name>atoi</name>
         <value>0x2b51</value>
         <object_component_ref idref="oc-2ca"/>
      </symbol>
      <symbol id="sm-606">
         <name>__TI_auto_init</name>
         <value>0x263d</value>
         <object_component_ref idref="oc-5f"/>
      </symbol>
      <symbol id="sm-620">
         <name>copy_in</name>
         <value>0x2b9d</value>
         <object_component_ref idref="oc-ae"/>
      </symbol>
      <symbol id="sm-62b">
         <name>_ctypes_</name>
         <value>0x33f0</value>
         <object_component_ref idref="oc-35c"/>
      </symbol>
      <symbol id="sm-642">
         <name>__aeabi_dsub</name>
         <value>0x18c9</value>
         <object_component_ref idref="oc-2b3"/>
      </symbol>
      <symbol id="sm-643">
         <name>__aeabi_dadd</name>
         <value>0x18d3</value>
         <object_component_ref idref="oc-2b3"/>
      </symbol>
      <symbol id="sm-665">
         <name>__aeabi_cdcmpeq</name>
         <value>0x22c9</value>
         <object_component_ref idref="oc-28f"/>
      </symbol>
      <symbol id="sm-666">
         <name>__aeabi_cdcmple</name>
         <value>0x22c9</value>
         <object_component_ref idref="oc-28f"/>
      </symbol>
      <symbol id="sm-667">
         <name>__aeabi_cdrcmple</name>
         <value>0x234f</value>
         <object_component_ref idref="oc-29e"/>
      </symbol>
      <symbol id="sm-67b">
         <name>__aeabi_ddiv</name>
         <value>0x1bc3</value>
         <object_component_ref idref="oc-299"/>
      </symbol>
      <symbol id="sm-686">
         <name>__aeabi_dmul</name>
         <value>0x1f0f</value>
         <object_component_ref idref="oc-294"/>
      </symbol>
      <symbol id="sm-690">
         <name>__aeabi_d2iz</name>
         <value>0x2c33</value>
         <object_component_ref idref="oc-2a3"/>
      </symbol>
      <symbol id="sm-69a">
         <name>__aeabi_i2d</name>
         <value>0x2e01</value>
         <object_component_ref idref="oc-2ae"/>
      </symbol>
      <symbol id="sm-6a9">
         <name>ltoa</name>
         <value>0x2967</value>
         <object_component_ref idref="oc-2a8"/>
      </symbol>
      <symbol id="sm-6b9">
         <name>memccpy</name>
         <value>0x2f2d</value>
         <object_component_ref idref="oc-2d0"/>
      </symbol>
      <symbol id="sm-6d4">
         <name>frexpl</name>
         <value>0x284d</value>
         <object_component_ref idref="oc-2b8"/>
      </symbol>
      <symbol id="sm-6d5">
         <name>frexp</name>
         <value>0x284d</value>
         <object_component_ref idref="oc-2b8"/>
      </symbol>
      <symbol id="sm-6f2">
         <name>scalbn</name>
         <value>0x200d</value>
         <object_component_ref idref="oc-2be"/>
      </symbol>
      <symbol id="sm-6f3">
         <name>scalbnl</name>
         <value>0x200d</value>
         <object_component_ref idref="oc-2be"/>
      </symbol>
      <symbol id="sm-6f4">
         <name>ldexpl</name>
         <value>0x200d</value>
         <object_component_ref idref="oc-2be"/>
      </symbol>
      <symbol id="sm-6f5">
         <name>ldexp</name>
         <value>0x200d</value>
         <object_component_ref idref="oc-2be"/>
      </symbol>
      <symbol id="sm-6ff">
         <name>_system_post_cinit</name>
         <value>0x2c7b</value>
         <object_component_ref idref="oc-b4"/>
      </symbol>
      <symbol id="sm-70f">
         <name>strchr</name>
         <value>0x2ff1</value>
         <object_component_ref idref="oc-2c4"/>
      </symbol>
      <symbol id="sm-71d">
         <name>strlen</name>
         <value>0x3045</value>
         <object_component_ref idref="oc-289"/>
      </symbol>
      <symbol id="sm-739">
         <name>__aeabi_uldivmod</name>
         <value>0x14ef</value>
         <object_component_ref idref="oc-284"/>
      </symbol>
      <symbol id="sm-741">
         <name>errno</name>
         <value>0x20000054</value>
         <object_component_ref idref="oc-355"/>
      </symbol>
      <symbol id="sm-74b">
         <name>copysign</name>
         <value>0x3031</value>
         <object_component_ref idref="oc-34f"/>
      </symbol>
      <symbol id="sm-74c">
         <name>copysignl</name>
         <value>0x3031</value>
         <object_component_ref idref="oc-34f"/>
      </symbol>
      <symbol id="sm-74d">
         <name>__TI_static_base__</name>
         <value>0x0</value>
      </symbol>
      <symbol id="sm-750">
         <name>SHT$$INIT_ARRAY$$Limit</name>
         <value>0x0</value>
      </symbol>
      <symbol id="sm-751">
         <name>SHT$$INIT_ARRAY$$Base</name>
         <value>0x0</value>
      </symbol>
      <symbol id="sm-752">
         <name>NMI_Handler</name>
         <value>0x200b</value>
      </symbol>
      <symbol id="sm-753">
         <name>HardFault_Handler</name>
         <value>0x200b</value>
      </symbol>
      <symbol id="sm-754">
         <name>MemManage_Handler</name>
         <value>0x200b</value>
      </symbol>
      <symbol id="sm-755">
         <name>BusFault_Handler</name>
         <value>0x200b</value>
      </symbol>
      <symbol id="sm-756">
         <name>UsageFault_Handler</name>
         <value>0x200b</value>
      </symbol>
      <symbol id="sm-757">
         <name>SVC_Handler</name>
         <value>0x200b</value>
      </symbol>
      <symbol id="sm-758">
         <name>DebugMon_Handler</name>
         <value>0x200b</value>
      </symbol>
      <symbol id="sm-759">
         <name>PendSV_Handler</name>
         <value>0x200b</value>
      </symbol>
      <symbol id="sm-75a">
         <name>SysTick_Handler</name>
         <value>0x200b</value>
      </symbol>
      <symbol id="sm-75b">
         <name>PSS_IRQHandler</name>
         <value>0x200b</value>
      </symbol>
      <symbol id="sm-75c">
         <name>CS_IRQHandler</name>
         <value>0x200b</value>
      </symbol>
      <symbol id="sm-75d">
         <name>PCM_IRQHandler</name>
         <value>0x200b</value>
      </symbol>
      <symbol id="sm-75e">
         <name>WDT_A_IRQHandler</name>
         <value>0x3059</value>
      </symbol>
      <symbol id="sm-75f">
         <name>FPU_IRQHandler</name>
         <value>0x200b</value>
      </symbol>
      <symbol id="sm-760">
         <name>FLCTL_IRQHandler</name>
         <value>0x200b</value>
      </symbol>
      <symbol id="sm-761">
         <name>COMP_E0_IRQHandler</name>
         <value>0x200b</value>
      </symbol>
      <symbol id="sm-762">
         <name>COMP_E1_IRQHandler</name>
         <value>0x200b</value>
      </symbol>
      <symbol id="sm-763">
         <name>TA0_0_IRQHandler</name>
         <value>0x200b</value>
      </symbol>
      <symbol id="sm-764">
         <name>TA0_N_IRQHandler</name>
         <value>0x200b</value>
      </symbol>
      <symbol id="sm-765">
         <name>TA1_0_IRQHandler</name>
         <value>0x200b</value>
      </symbol>
      <symbol id="sm-766">
         <name>TA1_N_IRQHandler</name>
         <value>0x200b</value>
      </symbol>
      <symbol id="sm-767">
         <name>TA2_0_IRQHandler</name>
         <value>0x200b</value>
      </symbol>
      <symbol id="sm-768">
         <name>TA2_N_IRQHandler</name>
         <value>0x200b</value>
      </symbol>
      <symbol id="sm-769">
         <name>TA3_0_IRQHandler</name>
         <value>0x200b</value>
      </symbol>
      <symbol id="sm-76a">
         <name>TA3_N_IRQHandler</name>
         <value>0x200b</value>
      </symbol>
      <symbol id="sm-76b">
         <name>EUSCIA0_IRQHandler</name>
         <value>0x200b</value>
      </symbol>
      <symbol id="sm-76c">
         <name>EUSCIA1_IRQHandler</name>
         <value>0x200b</value>
      </symbol>
      <symbol id="sm-76d">
         <name>EUSCIA2_IRQHandler</name>
         <value>0x2459</value>
      </symbol>
      <symbol id="sm-76e">
         <name>EUSCIA3_IRQHandler</name>
         <value>0x200b</value>
      </symbol>
      <symbol id="sm-76f">
         <name>EUSCIB0_IRQHandler</name>
         <value>0x200b</value>
      </symbol>
      <symbol id="sm-770">
         <name>EUSCIB1_IRQHandler</name>
         <value>0x200b</value>
      </symbol>
      <symbol id="sm-771">
         <name>EUSCIB2_IRQHandler</name>
         <value>0x200b</value>
      </symbol>
      <symbol id="sm-772">
         <name>EUSCIB3_IRQHandler</name>
         <value>0x200b</value>
      </symbol>
      <symbol id="sm-773">
         <name>ADC14_IRQHandler</name>
         <value>0x25cd</value>
      </symbol>
      <symbol id="sm-774">
         <name>T32_INT1_IRQHandler</name>
         <value>0x200b</value>
      </symbol>
      <symbol id="sm-775">
         <name>T32_INT2_IRQHandler</name>
         <value>0x200b</value>
      </symbol>
      <symbol id="sm-776">
         <name>T32_INTC_IRQHandler</name>
         <value>0x200b</value>
      </symbol>
      <symbol id="sm-777">
         <name>AES256_IRQHandler</name>
         <value>0x200b</value>
      </symbol>
      <symbol id="sm-778">
         <name>RTC_C_IRQHandler</name>
         <value>0x200b</value>
      </symbol>
      <symbol id="sm-779">
         <name>DMA_ERR_IRQHandler</name>
         <value>0x200b</value>
      </symbol>
      <symbol id="sm-77a">
         <name>DMA_INT3_IRQHandler</name>
         <value>0x200b</value>
      </symbol>
      <symbol id="sm-77b">
         <name>DMA_INT2_IRQHandler</name>
         <value>0x200b</value>
      </symbol>
      <symbol id="sm-77c">
         <name>DMA_INT1_IRQHandler</name>
         <value>0x200b</value>
      </symbol>
      <symbol id="sm-77d">
         <name>DMA_INT0_IRQHandler</name>
         <value>0x200b</value>
      </symbol>
      <symbol id="sm-77e">
         <name>PORT1_IRQHandler</name>
         <value>0x200b</value>
      </symbol>
      <symbol id="sm-77f">
         <name>PORT2_IRQHandler</name>
         <value>0x200b</value>
      </symbol>
      <symbol id="sm-780">
         <name>PORT3_IRQHandler</name>
         <value>0x200b</value>
      </symbol>
      <symbol id="sm-781">
         <name>PORT4_IRQHandler</name>
         <value>0x200b</value>
      </symbol>
      <symbol id="sm-782">
         <name>PORT5_IRQHandler</name>
         <value>0x200b</value>
      </symbol>
      <symbol id="sm-783">
         <name>PORT6_IRQHandler</name>
         <value>0x200b</value>
      </symbol>
   </symbol_table>
   <title>Link successful</title>
</link_info>
