******************************************************************************
                  TI ARM Linker Unix v16.9.0                   
******************************************************************************
>> Linked Tue May  2 00:30:00 2017

OUTPUT FILE NAME:   <PET.out>
ENTRY POINT SYMBOL: "_c_int00"  address: 0000e929


MEMORY CONFIGURATION

         name            origin    length      used     unused   attr    fill
----------------------  --------  ---------  --------  --------  ----  --------
  MAIN                  00000000   00040000  0000f46e  00030b92  R  X
  INFO                  00200000   00004000  00000000  00004000  R  X
  SRAM_CODE             01000000   00010000  00000ca6  0000f35a  RW X
  SRAM_DATA             20000000   00010000  00000ca6  0000f35a  RW  


SEGMENT ALLOCATION MAP

run origin  load origin   length   init length attrs members
----------  ----------- ---------- ----------- ----- -------
00000000    00000000    0000f470   0000f470    r-x
  00000000    00000000    000000e4   000000e4    r-- .intvecs
  000000e4    000000e4    0000b818   0000b818    r-- .const
  0000b8fc    0000b8fc    00003b02   00003b02    r-x .text
  0000f400    0000f400    00000070   00000070    r-- .cinit
20000000    20000000    000004a8   00000000    rw-
  20000000    20000000    0000042e   00000000    rw- .bss
  20000430    20000430    00000078   00000000    rw- .data
2000f800    2000f800    00000800   00000000    rw-
  2000f800    2000f800    00000800   00000000    rw- .stack


SECTION ALLOCATION MAP

 output                                  attributes/
section   page    origin      length       input sections
--------  ----  ----------  ----------   ----------------
.intvecs   0    00000000    000000e4     
                  00000000    000000e4     startup_msp432p401r_ccs.obj (.intvecs:retain)

.const     0    000000e4    0000b818     
                  000000e4    00000320     dead.obj (.const:.string:pixel_dead4BPP_UNCOMP)
                  00000404    00000320     dizzy1.obj (.const:.string:pixel_dizzy14BPP_UNCOMP)
                  00000724    00000320     dizzy2.obj (.const:.string:pixel_dizzy24BPP_UNCOMP)
                  00000a44    00000320     eat1.obj (.const:.string:pixel_eat14BPP_UNCOMP)
                  00000d64    00000320     eat2.obj (.const:.string:pixel_eat24BPP_UNCOMP)
                  00001084    00000320     eat3.obj (.const:.string:pixel_eat34BPP_UNCOMP)
                  000013a4    00000320     happy1.obj (.const:.string:pixel_happy14BPP_UNCOMP)
                  000016c4    00000320     happy2.obj (.const:.string:pixel_happy24BPP_UNCOMP)
                  000019e4    00000320     happy3.obj (.const:.string:pixel_happy34BPP_UNCOMP)
                  00001d04    00000320     normal1.obj (.const:.string:pixel_normal14BPP_UNCOMP)
                  00002024    00000320     normal2.obj (.const:.string:pixel_normal24BPP_UNCOMP)
                  00002344    00000320     normal3.obj (.const:.string:pixel_normal34BPP_UNCOMP)
                  00002664    00000320     pet1_dead.obj (.const:.string:pixel_pet1_dead4BPP_UNCOMP)
                  00002984    00000320     pet1_dizzy1.obj (.const:.string:pixel_pet1_dizzy14BPP_UNCOMP)
                  00002ca4    00000320     pet1_dizzy2.obj (.const:.string:pixel_pet1_dizzy24BPP_UNCOMP)
                  00002fc4    00000320     pet1_eat1.obj (.const:.string:pixel_pet1_eat14BPP_UNCOMP)
                  000032e4    00000320     pet1_eat2.obj (.const:.string:pixel_pet1_eat24BPP_UNCOMP)
                  00003604    00000320     pet1_eat3.obj (.const:.string:pixel_pet1_eat34BPP_UNCOMP)
                  00003924    00000320     pet1_happy1.obj (.const:.string:pixel_pet1_happy14BPP_UNCOMP)
                  00003c44    00000320     pet1_happy2.obj (.const:.string:pixel_pet1_happy24BPP_UNCOMP)
                  00003f64    00000320     pet1_happy3.obj (.const:.string:pixel_pet1_happy34BPP_UNCOMP)
                  00004284    00000320     pet1_normal1.obj (.const:.string:pixel_pet1_normal14BPP_UNCOMP)
                  000045a4    00000320     pet1_normal2.obj (.const:.string:pixel_pet1_normal24BPP_UNCOMP)
                  000048c4    00000320     pet1_normal3.obj (.const:.string:pixel_pet1_normal34BPP_UNCOMP)
                  00004be4    00000320     pet1_play1.obj (.const:.string:pixel_pet1_play14BPP_UNCOMP)
                  00004f04    00000320     pet1_play2.obj (.const:.string:pixel_pet1_play24BPP_UNCOMP)
                  00005224    00000320     pet1_play3.obj (.const:.string:pixel_pet1_play34BPP_UNCOMP)
                  00005544    00000320     pet1_poop1.obj (.const:.string:pixel_pet1_poop14BPP_UNCOMP)
                  00005864    00000320     pet1_poop2.obj (.const:.string:pixel_pet1_poop24BPP_UNCOMP)
                  00005b84    00000320     pet1_sleep1.obj (.const:.string:pixel_pet1_sleep14BPP_UNCOMP)
                  00005ea4    00000320     pet1_sleep2.obj (.const:.string:pixel_pet1_sleep24BPP_UNCOMP)
                  000061c4    00000320     pet1_sleep3.obj (.const:.string:pixel_pet1_sleep34BPP_UNCOMP)
                  000064e4    00000320     pet1_unhappy1.obj (.const:.string:pixel_pet1_unhappy14BPP_UNCOMP)
                  00006804    00000320     pet1_unhappy2.obj (.const:.string:pixel_pet1_unhappy24BPP_UNCOMP)
                  00006b24    00000320     pet1_unhappy3.obj (.const:.string:pixel_pet1_unhappy34BPP_UNCOMP)
                  00006e44    00000320     pet1_walk1.obj (.const:.string:pixel_pet1_walk14BPP_UNCOMP)
                  00007164    00000320     pet1_walk2.obj (.const:.string:pixel_pet1_walk24BPP_UNCOMP)
                  00007484    00000320     pet1_walk3.obj (.const:.string:pixel_pet1_walk34BPP_UNCOMP)
                  000077a4    00000320     play1.obj (.const:.string:pixel_play14BPP_UNCOMP)
                  00007ac4    00000320     play3.obj (.const:.string:pixel_play34BPP_UNCOMP)
                  00007de4    00000320     poop1.obj (.const:.string:pixel_poop14BPP_UNCOMP)
                  00008104    00000320     poop2.obj (.const:.string:pixel_poop24BPP_UNCOMP)
                  00008424    00000320     sleep1.obj (.const:.string:pixel_sleep14BPP_UNCOMP)
                  00008744    00000320     sleep2.obj (.const:.string:pixel_sleep24BPP_UNCOMP)
                  00008a64    00000320     sleep3.obj (.const:.string:pixel_sleep34BPP_UNCOMP)
                  00008d84    00000320     unhappy1.obj (.const:.string:pixel_unhappy14BPP_UNCOMP)
                  000090a4    00000320     unhappy3.obj (.const:.string:pixel_unhappy34BPP_UNCOMP)
                  000093c4    00000320     walk1.obj (.const:.string:pixel_walk14BPP_UNCOMP)
                  000096e4    00000320     walk2.obj (.const:.string:pixel_walk24BPP_UNCOMP)
                  00009a04    00000320     walk3.obj (.const:.string:pixel_walk34BPP_UNCOMP)
                  00009d24    0000030c     play2.obj (.const:.string:pixel_play24BPP_UNCOMP)
                  0000a030    0000030c     unhappy2.obj (.const:.string:pixel_unhappy24BPP_UNCOMP)
                  0000a33c    000002f8     fontfixed6x8.obj (.const:.string:g_pucFontFixed6x8Data)
                  0000a634    00000101     rtsv7M4_T_le_v4SPD16_eabi.lib : ctype.obj (.const:.string:_ctypes_)
                  0000a735    00000003     --HOLE-- [fill = 0]
                  0000a738    000000c8     fontfixed6x8.obj (.const:g_sFontFixed6x8)
                  0000a800    00000080     msp432p4xx_driverlib.lib : adc14.o (.const:_ctlRegs)
                  0000a880    00000040     dead.obj (.const:palette_dead4BPP_UNCOMP)
                  0000a8c0    00000040     dizzy1.obj (.const:palette_dizzy14BPP_UNCOMP)
                  0000a900    00000040     dizzy2.obj (.const:palette_dizzy24BPP_UNCOMP)
                  0000a940    00000040     eat1.obj (.const:palette_eat14BPP_UNCOMP)
                  0000a980    00000040     eat2.obj (.const:palette_eat24BPP_UNCOMP)
                  0000a9c0    00000040     eat3.obj (.const:palette_eat34BPP_UNCOMP)
                  0000aa00    00000040     happy1.obj (.const:palette_happy14BPP_UNCOMP)
                  0000aa40    00000040     happy2.obj (.const:palette_happy24BPP_UNCOMP)
                  0000aa80    00000040     happy3.obj (.const:palette_happy34BPP_UNCOMP)
                  0000aac0    00000040     normal1.obj (.const:palette_normal14BPP_UNCOMP)
                  0000ab00    00000040     normal2.obj (.const:palette_normal24BPP_UNCOMP)
                  0000ab40    00000040     normal3.obj (.const:palette_normal34BPP_UNCOMP)
                  0000ab80    00000040     pet1_dead.obj (.const:palette_pet1_dead4BPP_UNCOMP)
                  0000abc0    00000040     pet1_dizzy1.obj (.const:palette_pet1_dizzy14BPP_UNCOMP)
                  0000ac00    00000040     pet1_dizzy2.obj (.const:palette_pet1_dizzy24BPP_UNCOMP)
                  0000ac40    00000040     pet1_eat1.obj (.const:palette_pet1_eat14BPP_UNCOMP)
                  0000ac80    00000040     pet1_eat2.obj (.const:palette_pet1_eat24BPP_UNCOMP)
                  0000acc0    00000040     pet1_eat3.obj (.const:palette_pet1_eat34BPP_UNCOMP)
                  0000ad00    00000040     pet1_happy1.obj (.const:palette_pet1_happy14BPP_UNCOMP)
                  0000ad40    00000040     pet1_happy2.obj (.const:palette_pet1_happy24BPP_UNCOMP)
                  0000ad80    00000040     pet1_happy3.obj (.const:palette_pet1_happy34BPP_UNCOMP)
                  0000adc0    00000040     pet1_normal1.obj (.const:palette_pet1_normal14BPP_UNCOMP)
                  0000ae00    00000040     pet1_normal2.obj (.const:palette_pet1_normal24BPP_UNCOMP)
                  0000ae40    00000040     pet1_normal3.obj (.const:palette_pet1_normal34BPP_UNCOMP)
                  0000ae80    00000040     pet1_play1.obj (.const:palette_pet1_play14BPP_UNCOMP)
                  0000aec0    00000040     pet1_play2.obj (.const:palette_pet1_play24BPP_UNCOMP)
                  0000af00    00000040     pet1_play3.obj (.const:palette_pet1_play34BPP_UNCOMP)
                  0000af40    00000040     pet1_poop1.obj (.const:palette_pet1_poop14BPP_UNCOMP)
                  0000af80    00000040     pet1_poop2.obj (.const:palette_pet1_poop24BPP_UNCOMP)
                  0000afc0    00000040     pet1_sleep1.obj (.const:palette_pet1_sleep14BPP_UNCOMP)
                  0000b000    00000040     pet1_sleep2.obj (.const:palette_pet1_sleep24BPP_UNCOMP)
                  0000b040    00000040     pet1_sleep3.obj (.const:palette_pet1_sleep34BPP_UNCOMP)
                  0000b080    00000040     pet1_unhappy1.obj (.const:palette_pet1_unhappy14BPP_UNCOMP)
                  0000b0c0    00000040     pet1_unhappy2.obj (.const:palette_pet1_unhappy24BPP_UNCOMP)
                  0000b100    00000040     pet1_unhappy3.obj (.const:palette_pet1_unhappy34BPP_UNCOMP)
                  0000b140    00000040     pet1_walk1.obj (.const:palette_pet1_walk14BPP_UNCOMP)
                  0000b180    00000040     pet1_walk2.obj (.const:palette_pet1_walk24BPP_UNCOMP)
                  0000b1c0    00000040     pet1_walk3.obj (.const:palette_pet1_walk34BPP_UNCOMP)
                  0000b200    00000040     play1.obj (.const:palette_play14BPP_UNCOMP)
                  0000b240    00000040     play2.obj (.const:palette_play24BPP_UNCOMP)
                  0000b280    00000040     play3.obj (.const:palette_play34BPP_UNCOMP)
                  0000b2c0    00000040     poop1.obj (.const:palette_poop14BPP_UNCOMP)
                  0000b300    00000040     poop2.obj (.const:palette_poop24BPP_UNCOMP)
                  0000b340    00000040     sleep1.obj (.const:palette_sleep14BPP_UNCOMP)
                  0000b380    00000040     sleep2.obj (.const:palette_sleep24BPP_UNCOMP)
                  0000b3c0    00000040     sleep3.obj (.const:palette_sleep34BPP_UNCOMP)
                  0000b400    00000040     unhappy1.obj (.const:palette_unhappy14BPP_UNCOMP)
                  0000b440    00000040     unhappy2.obj (.const:palette_unhappy24BPP_UNCOMP)
                  0000b480    00000040     unhappy3.obj (.const:palette_unhappy34BPP_UNCOMP)
                  0000b4c0    00000040     walk1.obj (.const:palette_walk14BPP_UNCOMP)
                  0000b500    00000040     walk2.obj (.const:palette_walk24BPP_UNCOMP)
                  0000b540    00000040     walk3.obj (.const:palette_walk34BPP_UNCOMP)
                  0000b580    00000020     Crystalfontz128x128_ST7735.obj (.const:g_sCrystalfontz128x128_funcs)
                  0000b5a0    0000001c     HAL_MSP_EXP432P401R_Crystalfontz128x128_ST7735.obj (.const:$P$T0$1)
                  0000b5bc    00000010     dead.obj (.const:dead4BPP_UNCOMP)
                  0000b5cc    00000010     dizzy1.obj (.const:dizzy14BPP_UNCOMP)
                  0000b5dc    00000010     dizzy2.obj (.const:dizzy24BPP_UNCOMP)
                  0000b5ec    00000010     eat1.obj (.const:eat14BPP_UNCOMP)
                  0000b5fc    00000010     eat2.obj (.const:eat24BPP_UNCOMP)
                  0000b60c    00000010     eat3.obj (.const:eat34BPP_UNCOMP)
                  0000b61c    00000010     happy1.obj (.const:happy14BPP_UNCOMP)
                  0000b62c    00000010     happy2.obj (.const:happy24BPP_UNCOMP)
                  0000b63c    00000010     happy3.obj (.const:happy34BPP_UNCOMP)
                  0000b64c    00000010     normal1.obj (.const:normal14BPP_UNCOMP)
                  0000b65c    00000010     normal2.obj (.const:normal24BPP_UNCOMP)
                  0000b66c    00000010     normal3.obj (.const:normal34BPP_UNCOMP)
                  0000b67c    00000010     pet1_dead.obj (.const:pet1_dead4BPP_UNCOMP)
                  0000b68c    00000010     pet1_dizzy1.obj (.const:pet1_dizzy14BPP_UNCOMP)
                  0000b69c    00000010     pet1_dizzy2.obj (.const:pet1_dizzy24BPP_UNCOMP)
                  0000b6ac    00000010     pet1_eat1.obj (.const:pet1_eat14BPP_UNCOMP)
                  0000b6bc    00000010     pet1_eat2.obj (.const:pet1_eat24BPP_UNCOMP)
                  0000b6cc    00000010     pet1_eat3.obj (.const:pet1_eat34BPP_UNCOMP)
                  0000b6dc    00000010     pet1_happy1.obj (.const:pet1_happy14BPP_UNCOMP)
                  0000b6ec    00000010     pet1_happy2.obj (.const:pet1_happy24BPP_UNCOMP)
                  0000b6fc    00000010     pet1_happy3.obj (.const:pet1_happy34BPP_UNCOMP)
                  0000b70c    00000010     pet1_normal1.obj (.const:pet1_normal14BPP_UNCOMP)
                  0000b71c    00000010     pet1_normal2.obj (.const:pet1_normal24BPP_UNCOMP)
                  0000b72c    00000010     pet1_normal3.obj (.const:pet1_normal34BPP_UNCOMP)
                  0000b73c    00000010     pet1_play1.obj (.const:pet1_play14BPP_UNCOMP)
                  0000b74c    00000010     pet1_play2.obj (.const:pet1_play24BPP_UNCOMP)
                  0000b75c    00000010     pet1_play3.obj (.const:pet1_play34BPP_UNCOMP)
                  0000b76c    00000010     pet1_poop1.obj (.const:pet1_poop14BPP_UNCOMP)
                  0000b77c    00000010     pet1_poop2.obj (.const:pet1_poop24BPP_UNCOMP)
                  0000b78c    00000010     pet1_sleep1.obj (.const:pet1_sleep14BPP_UNCOMP)
                  0000b79c    00000010     pet1_sleep2.obj (.const:pet1_sleep24BPP_UNCOMP)
                  0000b7ac    00000010     pet1_sleep3.obj (.const:pet1_sleep34BPP_UNCOMP)
                  0000b7bc    00000010     pet1_unhappy1.obj (.const:pet1_unhappy14BPP_UNCOMP)
                  0000b7cc    00000010     pet1_unhappy2.obj (.const:pet1_unhappy24BPP_UNCOMP)
                  0000b7dc    00000010     pet1_unhappy3.obj (.const:pet1_unhappy34BPP_UNCOMP)
                  0000b7ec    00000010     pet1_walk1.obj (.const:pet1_walk14BPP_UNCOMP)
                  0000b7fc    00000010     pet1_walk2.obj (.const:pet1_walk24BPP_UNCOMP)
                  0000b80c    00000010     pet1_walk3.obj (.const:pet1_walk34BPP_UNCOMP)
                  0000b81c    00000010     play1.obj (.const:play14BPP_UNCOMP)
                  0000b82c    00000010     play2.obj (.const:play24BPP_UNCOMP)
                  0000b83c    00000010     play3.obj (.const:play34BPP_UNCOMP)
                  0000b84c    00000010     poop1.obj (.const:poop14BPP_UNCOMP)
                  0000b85c    00000010     poop2.obj (.const:poop24BPP_UNCOMP)
                  0000b86c    00000010     sleep1.obj (.const:sleep14BPP_UNCOMP)
                  0000b87c    00000010     sleep2.obj (.const:sleep24BPP_UNCOMP)
                  0000b88c    00000010     sleep3.obj (.const:sleep34BPP_UNCOMP)
                  0000b89c    00000010     unhappy1.obj (.const:unhappy14BPP_UNCOMP)
                  0000b8ac    00000010     unhappy2.obj (.const:unhappy24BPP_UNCOMP)
                  0000b8bc    00000010     unhappy3.obj (.const:unhappy34BPP_UNCOMP)
                  0000b8cc    00000010     walk1.obj (.const:walk14BPP_UNCOMP)
                  0000b8dc    00000010     walk2.obj (.const:walk24BPP_UNCOMP)
                  0000b8ec    00000010     walk3.obj (.const:walk34BPP_UNCOMP)

.text      0    0000b8fc    00003b02     
                  0000b8fc    0000113a     rtsv7M4_T_le_v4SPD16_eabi.lib : _printfi.obj (.text)
                  0000ca36    000002d0     grlib.lib : string.o (.text:Graphics_drawString)
                  0000cd06    00000002     Crystalfontz128x128_ST7735.obj (.text:Crystalfontz128x128_Flush)
                  0000cd08    00000270     main.obj (.text:main)
                  0000cf78    0000026c     main.obj (.text:WDT_A_IRQHandler)
                  0000d1e4    00000200     grlib.lib : image.o (.text:Graphics_drawImage)
                  0000d3e4    000001f4     rtsv7M4_T_le_v4SPD16_eabi.lib : ull_div_t2.obj (.text)
                  0000d5d8    000001b6                                   : fd_add_t2.obj (.text)
                  0000d78e    00000002     startup_msp432p401r_ccs.obj (.text:Default_Handler)
                  0000d790    00000154     msp432p4xx_driverlib.lib : adc14.o (.text:_getIndexForMemRegister)
                  0000d8e4    00000136     rtsv7M4_T_le_v4SPD16_eabi.lib : fd_div_t2.obj (.text)
                  0000da1a    00000002     main.obj (.text:PORT5_IRQHandler)
                  0000da1c    00000110     Crystalfontz128x128_ST7735.obj (.text:Crystalfontz128x128_Init)
                  0000db2c    00000106     Crystalfontz128x128_ST7735.obj (.text:Crystalfontz128x128_PixelDrawMultiple)
                  0000dc32    000000fc     rtsv7M4_T_le_v4SPD16_eabi.lib : fd_mul_t2.obj (.text)
                  0000dd2e    00000002                                   : mpu_init.obj (.text)
                  0000dd30    000000fc                                   : s_scalbn.obj (.text)
                  0000de2c    000000e8     main.obj (.text:PORT3_IRQHandler)
                  0000df14    0000009c     rtsv7M4_T_le_v4SPD16_eabi.lib : memcpy_t2.obj (.text)
                  0000dfb0    00000088     msp432p4xx_driverlib.lib : spi.o (.text:SPI_initMaster)
                  0000e038    00000086     rtsv7M4_T_le_v4SPD16_eabi.lib : fd_cmp_t2.obj (.text:__aeabi_cdcmple)
                  0000e0be    00000086                                   : fd_cmp_t2.obj (.text:__aeabi_cdrcmple)
                  0000e144    00000084     Crystalfontz128x128_ST7735.obj (.text:Crystalfontz128x128_SetDrawFrame)
                  0000e1c8    0000007a     rtsv7M4_T_le_v4SPD16_eabi.lib : memset_t2.obj (.text)
                  0000e242    00000002                                   : startup.obj (.text)
                  0000e244    00000070                                   : autoinit.obj (.text)
                  0000e2b4    0000006c     main.obj (.text:Display_eat)
                  0000e320    0000006c     main.obj (.text:Display_pet1_eat)
                  0000e38c    0000006c     main.obj (.text:Display_pet1_play)
                  0000e3f8    0000006c     main.obj (.text:Display_pet1_sleep)
                  0000e464    0000006c     main.obj (.text:Display_pet1_walk)
                  0000e4d0    0000006c     main.obj (.text:Display_play)
                  0000e53c    0000006c     main.obj (.text:Display_sleep)
                  0000e5a8    0000006c     main.obj (.text:Display_walk)
                  0000e614    0000006c     main.obj (.text:init_button)
                  0000e680    00000068     grlib.lib : string.o (.text:Graphics_getStringWidth)
                  0000e6e8    00000068     system_msp432p401r.obj (.text:SystemInit)
                  0000e750    00000068     rtsv7M4_T_le_v4SPD16_eabi.lib : copy_decompress_lzss.obj (.text:decompress:lzss)
                  0000e7b8    00000064                                   : s_frexp.obj (.text)
                  0000e81c    00000060                                   : sprintf.obj (.text)
                  0000e87c    00000056     Crystalfontz128x128_ST7735.obj (.text:Crystalfontz128x128_RectFill)
                  0000e8d2    00000056     rtsv7M4_T_le_v4SPD16_eabi.lib : ltoa.obj (.text)
                  0000e928    00000054                                   : boot.obj (.text)
                  0000e97c    00000054                                   : exit.obj (.text)
                  0000e9d0    00000050     main.obj (.text:Display_dizzy)
                  0000ea20    00000050     main.obj (.text:Display_happy)
                  0000ea70    00000050     main.obj (.text:Display_normal)
                  0000eac0    00000050     main.obj (.text:Display_pet1_dizzy)
                  0000eb10    00000050     main.obj (.text:Display_pet1_happy)
                  0000eb60    00000050     main.obj (.text:Display_pet1_normal)
                  0000ebb0    00000050     main.obj (.text:Display_pet1_poop)
                  0000ec00    00000050     main.obj (.text:Display_pet1_unhappy)
                  0000ec50    00000050     main.obj (.text:Display_poop)
                  0000eca0    00000050     main.obj (.text:Display_unhappy)
                  0000ecf0    0000004c     main.obj (.text:ADC14_IRQHandler)
                  0000ed3c    0000004c     msp432p4xx_driverlib.lib : gpio.o (.text:GPIO_setAsPeripheralModuleFunctionOutputPin)
                  0000ed88    0000004c     main.obj (.text:init_display)
                  0000edd4    0000004c     rtsv7M4_T_le_v4SPD16_eabi.lib : atoi.obj (.text)
                  0000ee20    0000004c                                   : cpy_tbl.obj (.text)
                  0000ee6c    0000004a     grlib.lib : line.o (.text:Graphics_drawLineH)
                  0000eeb6    00000048     rtsv7M4_T_le_v4SPD16_eabi.lib : fd_toi_t2.obj (.text)
                  0000eefe    00000002     --HOLE-- [fill = 0]
                  0000ef00    00000040     HAL_MSP_EXP432P401R_Crystalfontz128x128_ST7735.obj (.text:HAL_LCD_SpiInit)
                  0000ef40    0000003c     Crystalfontz128x128_ST7735.obj (.text:Crystalfontz128x128_LineDrawV)
                  0000ef7c    0000003c     grlib.lib : image.o (.text:Graphics_convertPalette)
                  0000efb8    0000003a     Crystalfontz128x128_ST7735.obj (.text:Crystalfontz128x128_LineDrawH)
                  0000eff2    00000038     grlib.lib : string.o (.text:Graphics_drawStringCentered)
                  0000f02a    00000002     --HOLE-- [fill = 0]
                  0000f02c    00000034     Crystalfontz128x128_ST7735.obj (.text:Crystalfontz128x128_SetOrientation)
                  0000f060    00000030     HAL_MSP_EXP432P401R_Crystalfontz128x128_ST7735.obj (.text:HAL_LCD_PortInit)
                  0000f090    00000030     msp432p4xx_driverlib.lib : spi.o (.text:is_A_Module)
                  0000f0c0    0000002e     rtsv7M4_T_le_v4SPD16_eabi.lib : i_tofd_t2.obj (.text)
                  0000f0ee    00000002     --HOLE-- [fill = 0]
                  0000f0f0    0000002c     HAL_MSP_EXP432P401R_Crystalfontz128x128_ST7735.obj (.text:HAL_LCD_writeCommand)
                  0000f11c    00000028     Crystalfontz128x128_ST7735.obj (.text:Crystalfontz128x128_PixelDraw)
                  0000f144    00000028     grlib.lib : display.o (.text:Graphics_drawMultiplePixelsOnDisplay)
                  0000f16c    00000024     msp432p4xx_driverlib.lib : cs.o (.text:CS_setDCOCenteredFrequency)
                  0000f190    00000024                              : gpio.o (.text:GPIO_setAsOutputPin)
                  0000f1b4    00000022     grlib.lib : context.o (.text:Graphics_initContext)
                  0000f1d6    00000020     Crystalfontz128x128_ST7735.obj (.text:Crystalfontz128x128_ClearScreen)
                  0000f1f6    0000001e     main.obj (.text:init_WDT)
                  0000f214    0000001c     rtsv7M4_T_le_v4SPD16_eabi.lib : memccpy.obj (.text)
                  0000f230    0000001a     grlib.lib : string.o (.text:Graphics_getNumberOfLeadingZeros)
                  0000f24a    0000001a     msp432p4xx_driverlib.lib : spi.o (.text:SPI_enableModule)
                  0000f264    00000018                              : adc14.o (.text:ADC14_getResult)
                  0000f27c    00000018                              : gpio.o (.text:GPIO_setOutputLowOnPin)
                  0000f294    00000018     HAL_MSP_EXP432P401R_Crystalfontz128x128_ST7735.obj (.text:HAL_LCD_writeData)
                  0000f2ac    00000018     main.obj (.text:mapports)
                  0000f2c4    00000018     rtsv7M4_T_le_v4SPD16_eabi.lib : args_main.obj (.text)
                  0000f2dc    00000016     Crystalfontz128x128_ST7735.obj (.text:Crystalfontz128x128_ColorTranslate)
                  0000f2f2    00000016     grlib.lib : display.o (.text:Graphics_drawHorizontalLineOnDisplay)
                  0000f308    00000016     rtsv7M4_T_le_v4SPD16_eabi.lib : strchr.obj (.text)
                  0000f31e    00000002     --HOLE-- [fill = 0]
                  0000f320    00000014     msp432p4xx_driverlib.lib : gpio.o (.text:GPIO_setOutputHighOnPin)
                  0000f334    00000014     rtsv7M4_T_le_v4SPD16_eabi.lib : _lock.obj (.text)
                  0000f348    00000014                                   : s_copysign.obj (.text)
                  0000f35c    00000014                                   : strlen.obj (.text)
                  0000f370    0000000e     grlib.lib : display.o (.text:Graphics_drawPixelOnDisplay)
                  0000f37e    0000000e               : context.o (.text:Graphics_setBackgroundColor)
                  0000f38c    0000000e               : context.o (.text:Graphics_setForegroundColor)
                  0000f39a    0000000e     rtsv7M4_T_le_v4SPD16_eabi.lib : copy_decompress_none.obj (.text:decompress:none)
                  0000f3a8    0000000c     msp432p4xx_driverlib.lib : spi.o (.text:EUSCI_A_SPI_enable)
                  0000f3b4    0000000c                              : spi.o (.text:EUSCI_B_SPI_enable)
                  0000f3c0    0000000c     startup_msp432p401r_ccs.obj (.text:Reset_Handler)
                  0000f3cc    0000000c     rtsv7M4_T_le_v4SPD16_eabi.lib : copy_zero_init.obj (.text:decompress:ZI)
                  0000f3d8    0000000a     grlib.lib : context.o (.text:Graphics_clearDisplay)
                  0000f3e2    0000000a               : display.o (.text:Graphics_clearDisplayOnDisplay)
                  0000f3ec    0000000a               : display.o (.text:Graphics_translateColorOnDisplay)
                  0000f3f6    00000004               : context.o (.text:Graphics_setFont)
                  0000f3fa    00000004     rtsv7M4_T_le_v4SPD16_eabi.lib : pre_init.obj (.text)

.cinit     0    0000f400    00000070     
                  0000f400    0000004a     (.cinit..data.load) [load image, compression = lzss]
                  0000f44a    00000002     --HOLE-- [fill = 0]
                  0000f44c    0000000c     (__TI_handler_table)
                  0000f458    00000008     (.cinit..bss.load) [load image, compression = zero_init]
                  0000f460    00000010     (__TI_cinit_table)

.init_array 
*          0    00000000    00000000     UNINITIALIZED

.binit     0    00000000    00000000     

.bss       0    20000000    0000042e     UNINITIALIZED
                  20000000    00000400     grlib.lib : image.o (.bss:g_pulConvertedPalette)
                  20000400    0000001c     (.common:g_sContext)
                  2000041c    00000008     main.obj (.bss:resultsBuffer)
                  20000424    00000002     (.common:Lcd_ScreenHeigth)
                  20000426    00000002     (.common:Lcd_ScreenWidth)
                  20000428    00000002     (.common:Lcd_TouchTrim)
                  2000042a    00000001     (.common:Lcd_FlagRead)
                  2000042b    00000001     (.common:Lcd_FontSolid)
                  2000042c    00000001     (.common:Lcd_Orientation)
                  2000042d    00000001     (.common:Lcd_PenSolid)

.data      0    20000430    00000078     UNINITIALIZED
                  20000430    00000030     msp432p4xx_driverlib.lib : gpio.o (.data:GPIO_PORT_TO_BASE)
                  20000460    0000001c     main.obj (.data)
                  2000047c    00000010     Crystalfontz128x128_ST7735.obj (.data:g_sCrystalfontz128x128)
                  2000048c    0000000c     rtsv7M4_T_le_v4SPD16_eabi.lib : exit.obj (.data:$O1$$)
                  20000498    00000008                                   : _lock.obj (.data:$O1$$)
                  200004a0    00000004                                   : errno.obj (.data)
                  200004a4    00000004                                   : stkdepth_vars.obj (.data)

.stack     0    2000f800    00000800     UNINITIALIZED
                  2000f800    00000800     --HOLE--

MODULE SUMMARY

       Module                                               code    ro data   rw data
       ------                                               ----    -------   -------
    ./
       main.obj                                             3456    0         128    
       system_msp432p401r.obj                               104     0         0      
    +--+----------------------------------------------------+-------+---------+---------+
       Total:                                               3560    0         128    
                                                                                     
    ./LcdDriver/
       Crystalfontz128x128_ST7735.obj                       1018    32        52     
       HAL_MSP_EXP432P401R_Crystalfontz128x128_ST7735.obj   180     28        0      
    +--+----------------------------------------------------+-------+---------+---------+
       Total:                                               1198    60        52     
                                                                                     
    ./ccs/
       startup_msp432p401r_ccs.obj                          14      228       0      
    +--+----------------------------------------------------+-------+---------+---------+
       Total:                                               14      228       0      
                                                                                     
    ./fonts/
       fontfixed6x8.obj                                     0       960       0      
    +--+----------------------------------------------------+-------+---------+---------+
       Total:                                               0       960       0      
                                                                                     
    ./pet_doggy/
       dead.obj                                             0       880       0      
       dizzy1.obj                                           0       880       0      
       dizzy2.obj                                           0       880       0      
       eat1.obj                                             0       880       0      
       eat2.obj                                             0       880       0      
       eat3.obj                                             0       880       0      
       happy1.obj                                           0       880       0      
       happy2.obj                                           0       880       0      
       happy3.obj                                           0       880       0      
       normal1.obj                                          0       880       0      
       normal2.obj                                          0       880       0      
       normal3.obj                                          0       880       0      
       play1.obj                                            0       880       0      
       play3.obj                                            0       880       0      
       poop1.obj                                            0       880       0      
       poop2.obj                                            0       880       0      
       sleep1.obj                                           0       880       0      
       sleep2.obj                                           0       880       0      
       sleep3.obj                                           0       880       0      
       unhappy1.obj                                         0       880       0      
       unhappy3.obj                                         0       880       0      
       walk1.obj                                            0       880       0      
       walk2.obj                                            0       880       0      
       walk3.obj                                            0       880       0      
       play2.obj                                            0       860       0      
       unhappy2.obj                                         0       860       0      
    +--+----------------------------------------------------+-------+---------+---------+
       Total:                                               0       22840     0      
                                                                                     
    ./pet_mametchi/
       pet1_dead.obj                                        0       880       0      
       pet1_dizzy1.obj                                      0       880       0      
       pet1_dizzy2.obj                                      0       880       0      
       pet1_eat1.obj                                        0       880       0      
       pet1_eat2.obj                                        0       880       0      
       pet1_eat3.obj                                        0       880       0      
       pet1_happy1.obj                                      0       880       0      
       pet1_happy2.obj                                      0       880       0      
       pet1_happy3.obj                                      0       880       0      
       pet1_normal1.obj                                     0       880       0      
       pet1_normal2.obj                                     0       880       0      
       pet1_normal3.obj                                     0       880       0      
       pet1_play1.obj                                       0       880       0      
       pet1_play2.obj                                       0       880       0      
       pet1_play3.obj                                       0       880       0      
       pet1_poop1.obj                                       0       880       0      
       pet1_poop2.obj                                       0       880       0      
       pet1_sleep1.obj                                      0       880       0      
       pet1_sleep2.obj                                      0       880       0      
       pet1_sleep3.obj                                      0       880       0      
       pet1_unhappy1.obj                                    0       880       0      
       pet1_unhappy2.obj                                    0       880       0      
       pet1_unhappy3.obj                                    0       880       0      
       pet1_walk1.obj                                       0       880       0      
       pet1_walk2.obj                                       0       880       0      
       pet1_walk3.obj                                       0       880       0      
    +--+----------------------------------------------------+-------+---------+---------+
       Total:                                               0       22880     0      
                                                                                     
    /Applications/ti/ccsv7/tools/compiler/ti-cgt-arm_16.9.0.LTS/lib/rtsv7M4_T_le_v4SPD16_eabi.lib
       _printfi.obj                                         4410    0         0      
       ull_div_t2.obj                                       500     0         0      
       fd_add_t2.obj                                        438     0         0      
       fd_div_t2.obj                                        310     0         0      
       fd_cmp_t2.obj                                        268     0         0      
       ctype.obj                                            0       257       0      
       fd_mul_t2.obj                                        252     0         0      
       s_scalbn.obj                                         252     0         0      
       memcpy_t2.obj                                        156     0         0      
       memset_t2.obj                                        122     0         0      
       autoinit.obj                                         112     0         0      
       exit.obj                                             84      0         24     
       copy_decompress_lzss.obj                             104     0         0      
       s_frexp.obj                                          100     0         0      
       sprintf.obj                                          96      0         0      
       ltoa.obj                                             86      0         0      
       boot.obj                                             84      0         0      
       atoi.obj                                             76      0         0      
       cpy_tbl.obj                                          76      0         0      
       fd_toi_t2.obj                                        72      0         0      
       i_tofd_t2.obj                                        46      0         0      
       _lock.obj                                            20      0         16     
       memccpy.obj                                          28      0         0      
       args_main.obj                                        24      0         0      
       strchr.obj                                           22      0         0      
       s_copysign.obj                                       20      0         0      
       strlen.obj                                           20      0         0      
       copy_decompress_none.obj                             14      0         0      
       copy_zero_init.obj                                   12      0         0      
       errno.obj                                            0       0         8      
       stkdepth_vars.obj                                    0       0         8      
       pre_init.obj                                         4       0         0      
       mpu_init.obj                                         2       0         0      
       startup.obj                                          2       0         0      
    +--+----------------------------------------------------+-------+---------+---------+
       Total:                                               7812    257       56     
                                                                                     
    /Users/jadedh/ti/tirex-content/simplelink_msp432_sdk_1_20_00_45/source/ti/devices/msp432p4xx/driverlib/ccs/msp432p4xx_driverlib.lib
       adc14.o                                              364     128       0      
       gpio.o                                               156     0         96     
       spi.o                                                234     0         0      
       cs.o                                                 36      0         0      
    +--+----------------------------------------------------+-------+---------+---------+
       Total:                                               790     128       96     
                                                                                     
    /Users/jadedh/ti/tirex-content/simplelink_msp432_sdk_1_20_00_45/source/ti/grlib/ccs/grlib.lib
       image.o                                              572     0         2048   
       string.o                                             906     0         0      
       display.o                                            96      0         0      
       context.o                                            76      0         0      
       line.o                                               74      0         0      
    +--+----------------------------------------------------+-------+---------+---------+
       Total:                                               1724    0         2048   
                                                                                     
       Stack:                                               0       0         4096   
       Linker Generated:                                    0       110       0      
    +--+----------------------------------------------------+-------+---------+---------+
       Grand Total:                                         15098   47463     6476   


LINKER GENERATED COPY TABLES

__TI_cinit_table @ 0000f460 records: 2, size/record: 8, table size: 16
	.data: load addr=0000f400, load size=0000004a bytes, run addr=20000430, run size=00000078 bytes, compression=lzss
	.bss: load addr=0000f458, load size=00000008 bytes, run addr=20000000, run size=0000042e bytes, compression=zero_init


LINKER GENERATED HANDLER TABLE

__TI_handler_table @ 0000f44c records: 3, size/record: 4, table size: 12
	index: 0, handler: __TI_decompress_lzss
	index: 1, handler: __TI_decompress_none
	index: 2, handler: __TI_zero_init


GLOBAL SYMBOLS: SORTED ALPHABETICALLY BY Name 

address   name                                       
-------   ----                                       
0000ecf1  ADC14_IRQHandler                           
0000ecf1  ADC14_IRQHandler                           
0000f265  ADC14_getResult                            
0000d78f  AES256_IRQHandler                          
0000d78f  BusFault_Handler                           
0000e97d  C$$EXIT                                    
0000d78f  COMP_E0_IRQHandler                         
0000d78f  COMP_E1_IRQHandler                         
0000d78f  CS_IRQHandler                              
0000f16d  CS_setDCOCenteredFrequency                 
0000da1d  Crystalfontz128x128_Init                   
0000e145  Crystalfontz128x128_SetDrawFrame           
0000f02d  Crystalfontz128x128_SetOrientation         
0000d78f  DMA_ERR_IRQHandler                         
0000d78f  DMA_INT0_IRQHandler                        
0000d78f  DMA_INT1_IRQHandler                        
0000d78f  DMA_INT2_IRQHandler                        
0000d78f  DMA_INT3_IRQHandler                        
0000d78f  DebugMon_Handler                           
0000d78f  Default_Handler                            
0000e9d1  Display_dizzy                              
0000e2b5  Display_eat                                
0000ea21  Display_happy                              
0000ea71  Display_normal                             
0000eac1  Display_pet1_dizzy                         
0000e321  Display_pet1_eat                           
0000eb11  Display_pet1_happy                         
0000eb61  Display_pet1_normal                        
0000e38d  Display_pet1_play                          
0000ebb1  Display_pet1_poop                          
0000e3f9  Display_pet1_sleep                         
0000ec01  Display_pet1_unhappy                       
0000e465  Display_pet1_walk                          
0000e4d1  Display_play                               
0000ec51  Display_poop                               
0000e53d  Display_sleep                              
0000eca1  Display_unhappy                            
0000e5a9  Display_walk                               
0000d78f  EUSCIA0_IRQHandler                         
0000d78f  EUSCIA1_IRQHandler                         
0000d78f  EUSCIA2_IRQHandler                         
0000d78f  EUSCIA3_IRQHandler                         
0000d78f  EUSCIB0_IRQHandler                         
0000d78f  EUSCIB1_IRQHandler                         
0000d78f  EUSCIB2_IRQHandler                         
0000d78f  EUSCIB3_IRQHandler                         
0000f3a9  EUSCI_A_SPI_enable                         
0000f3b5  EUSCI_B_SPI_enable                         
0000d78f  FLCTL_IRQHandler                           
0000d78f  FPU_IRQHandler                             
0000f191  GPIO_setAsOutputPin                        
0000ed3d  GPIO_setAsPeripheralModuleFunctionOutputPin
0000f321  GPIO_setOutputHighOnPin                    
0000f27d  GPIO_setOutputLowOnPin                     
0000f3d9  Graphics_clearDisplay                      
0000f3e3  Graphics_clearDisplayOnDisplay             
0000f2f3  Graphics_drawHorizontalLineOnDisplay       
0000d1e5  Graphics_drawImage                         
0000ee6d  Graphics_drawLineH                         
0000f145  Graphics_drawMultiplePixelsOnDisplay       
0000f371  Graphics_drawPixelOnDisplay                
0000ca37  Graphics_drawString                        
0000eff3  Graphics_drawStringCentered                
0000e681  Graphics_getStringWidth                    
0000f1b5  Graphics_initContext                       
0000f37f  Graphics_setBackgroundColor                
0000f3f7  Graphics_setFont                           
0000f38d  Graphics_setForegroundColor                
0000f3ed  Graphics_translateColorOnDisplay           
0000f061  HAL_LCD_PortInit                           
0000ef01  HAL_LCD_SpiInit                            
0000f0f1  HAL_LCD_writeCommand                       
0000f295  HAL_LCD_writeData                          
0000d78f  HardFault_Handler                          
2000042a  Lcd_FlagRead                               
2000042b  Lcd_FontSolid                              
2000042c  Lcd_Orientation                            
2000042d  Lcd_PenSolid                               
20000424  Lcd_ScreenHeigth                           
20000426  Lcd_ScreenWidth                            
20000428  Lcd_TouchTrim                              
0000d78f  MemManage_Handler                          
0000d78f  NMI_Handler                                
0000d78f  PCM_IRQHandler                             
0000d78f  PORT1_IRQHandler                           
0000d78f  PORT2_IRQHandler                           
0000de2d  PORT3_IRQHandler                           
0000de2d  PORT3_IRQHandler                           
0000d78f  PORT4_IRQHandler                           
0000da1b  PORT5_IRQHandler                           
0000da1b  PORT5_IRQHandler                           
0000d78f  PORT6_IRQHandler                           
0000d78f  PSS_IRQHandler                             
0000d78f  PendSV_Handler                             
0000d78f  RTC_C_IRQHandler                           
0000f3c1  Reset_Handler                              
UNDEFED   SHT$$INIT_ARRAY$$Base                      
UNDEFED   SHT$$INIT_ARRAY$$Limit                     
0000f24b  SPI_enableModule                           
0000dfb1  SPI_initMaster                             
0000d78f  SVC_Handler                                
0000d78f  SysTick_Handler                            
0000e6e9  SystemInit                                 
0000d78f  T32_INT1_IRQHandler                        
0000d78f  T32_INT2_IRQHandler                        
0000d78f  T32_INTC_IRQHandler                        
0000d78f  TA0_0_IRQHandler                           
0000d78f  TA0_N_IRQHandler                           
0000d78f  TA1_0_IRQHandler                           
0000d78f  TA1_N_IRQHandler                           
0000d78f  TA2_0_IRQHandler                           
0000d78f  TA2_N_IRQHandler                           
0000d78f  TA3_0_IRQHandler                           
0000d78f  TA3_N_IRQHandler                           
0000d78f  UsageFault_Handler                         
4000480c  WDTCTL_SYM                                 
0000cf79  WDT_A_IRQHandler                           
0000cf79  WDT_A_IRQHandler                           
20010000  __STACK_END                                
00000800  __STACK_SIZE                               
0000f460  __TI_CINIT_Base                            
0000f470  __TI_CINIT_Limit                           
0000f44c  __TI_Handler_Table_Base                    
0000f458  __TI_Handler_Table_Limit                   
0000e245  __TI_auto_init                             
2000048c  __TI_cleanup_ptr                           
0000e751  __TI_decompress_lzss                       
0000f39b  __TI_decompress_none                       
20000490  __TI_dtors_ptr                             
20000494  __TI_enable_exit_profile_output            
ffffffff  __TI_pprof_out_hndl                        
0000c13d  __TI_printfi                               
ffffffff  __TI_prof_data_size                        
ffffffff  __TI_prof_data_start                       
00000000  __TI_static_base__                         
0000f3cd  __TI_zero_init                             
0000e039  __aeabi_cdcmpeq                            
0000e039  __aeabi_cdcmple                            
0000e0bf  __aeabi_cdrcmple                           
0000eeb7  __aeabi_d2iz                               
0000d5e3  __aeabi_dadd                               
0000d8e5  __aeabi_ddiv                               
0000dc33  __aeabi_dmul                               
0000d5d9  __aeabi_dsub                               
0000f0c1  __aeabi_i2d                                
0000e1c9  __aeabi_memclr                             
0000e1c9  __aeabi_memclr4                            
0000e1c9  __aeabi_memclr8                            
0000df15  __aeabi_memcpy                             
0000df15  __aeabi_memcpy4                            
0000df15  __aeabi_memcpy8                            
0000e1cb  __aeabi_memset                             
0000e1cb  __aeabi_memset4                            
0000e1cb  __aeabi_memset8                            
0000d3e5  __aeabi_uldivmod                           
ffffffff  __binit__                                  
ffffffff  __c_args__                                 
0000dd2f  __mpu_init                                 
2000f800  __stack                                    
0000f2c5  _args_main                                 
0000e929  _c_int00                                   
0000a634  _ctypes_                                   
20000498  _lock                                      
0000f343  _nop                                       
0000f33b  _register_lock                             
0000f335  _register_unlock                           
0000e243  _system_post_cinit                         
0000f3fb  _system_pre_init                           
2000049c  _unlock                                    
0000e981  abort                                      
0000edd5  atoi                                       
ffffffff  binit                                      
20000474  check                                      
20000478  choose_pet                                 
0000ee21  copy_in                                    
0000f349  copysign                                   
0000f349  copysignl                                  
0000b5bc  dead4BPP_UNCOMP                            
20000470  dizzy                                      
0000b5cc  dizzy14BPP_UNCOMP                          
0000b5dc  dizzy24BPP_UNCOMP                          
0000b5ec  eat14BPP_UNCOMP                            
0000b5fc  eat24BPP_UNCOMP                            
0000b60c  eat34BPP_UNCOMP                            
200004a0  errno                                      
0000e989  exit                                       
0000e7b9  frexp                                      
0000e7b9  frexpl                                     
20000400  g_sContext                                 
2000047c  g_sCrystalfontz128x128                     
0000b580  g_sCrystalfontz128x128_funcs               
0000a738  g_sFontFixed6x8                            
0000b61c  happy14BPP_UNCOMP                          
0000b62c  happy24BPP_UNCOMP                          
0000b63c  happy34BPP_UNCOMP                          
20000468  health                                     
0000f1f7  init_WDT                                   
0000e615  init_button                                
0000ed89  init_display                               
00000000  interruptVectors                           
0000dd31  ldexp                                      
0000dd31  ldexpl                                     
20000460  loop                                       
0000e8d3  ltoa                                       
0000cd09  main                                       
200004a4  main_func_sp                               
0000f2ad  mapports                                   
0000f215  memccpy                                    
0000df15  memcpy                                     
0000e1d1  memset                                     
0000b64c  normal14BPP_UNCOMP                         
0000b65c  normal24BPP_UNCOMP                         
0000b66c  normal34BPP_UNCOMP                         
0000b67c  pet1_dead4BPP_UNCOMP                       
0000b68c  pet1_dizzy14BPP_UNCOMP                     
0000b69c  pet1_dizzy24BPP_UNCOMP                     
0000b6ac  pet1_eat14BPP_UNCOMP                       
0000b6bc  pet1_eat24BPP_UNCOMP                       
0000b6cc  pet1_eat34BPP_UNCOMP                       
0000b6dc  pet1_happy14BPP_UNCOMP                     
0000b6ec  pet1_happy24BPP_UNCOMP                     
0000b6fc  pet1_happy34BPP_UNCOMP                     
0000b70c  pet1_normal14BPP_UNCOMP                    
0000b71c  pet1_normal24BPP_UNCOMP                    
0000b72c  pet1_normal34BPP_UNCOMP                    
0000b73c  pet1_play14BPP_UNCOMP                      
0000b74c  pet1_play24BPP_UNCOMP                      
0000b75c  pet1_play34BPP_UNCOMP                      
0000b76c  pet1_poop14BPP_UNCOMP                      
0000b77c  pet1_poop24BPP_UNCOMP                      
0000b78c  pet1_sleep14BPP_UNCOMP                     
0000b79c  pet1_sleep24BPP_UNCOMP                     
0000b7ac  pet1_sleep34BPP_UNCOMP                     
0000b7bc  pet1_unhappy14BPP_UNCOMP                   
0000b7cc  pet1_unhappy24BPP_UNCOMP                   
0000b7dc  pet1_unhappy34BPP_UNCOMP                   
0000b7ec  pet1_walk14BPP_UNCOMP                      
0000b7fc  pet1_walk24BPP_UNCOMP                      
0000b80c  pet1_walk34BPP_UNCOMP                      
0000b81c  play14BPP_UNCOMP                           
0000b82c  play24BPP_UNCOMP                           
0000b83c  play34BPP_UNCOMP                           
0000b84c  poop14BPP_UNCOMP                           
0000b85c  poop24BPP_UNCOMP                           
0000dd31  scalbn                                     
0000dd31  scalbnl                                    
2000046c  selectScreenDebounce                       
0000b86c  sleep14BPP_UNCOMP                          
0000b87c  sleep24BPP_UNCOMP                          
0000b88c  sleep34BPP_UNCOMP                          
0000e81d  sprintf                                    
20000464  state                                      
0000f309  strchr                                     
0000f35d  strlen                                     
0000b89c  unhappy14BPP_UNCOMP                        
0000b8ac  unhappy24BPP_UNCOMP                        
0000b8bc  unhappy34BPP_UNCOMP                        
0000b8cc  walk14BPP_UNCOMP                           
0000b8dc  walk24BPP_UNCOMP                           
0000b8ec  walk34BPP_UNCOMP                           


GLOBAL SYMBOLS: SORTED BY Symbol Address 

address   name                                       
-------   ----                                       
00000000  __TI_static_base__                         
00000000  interruptVectors                           
00000800  __STACK_SIZE                               
0000a634  _ctypes_                                   
0000a738  g_sFontFixed6x8                            
0000b580  g_sCrystalfontz128x128_funcs               
0000b5bc  dead4BPP_UNCOMP                            
0000b5cc  dizzy14BPP_UNCOMP                          
0000b5dc  dizzy24BPP_UNCOMP                          
0000b5ec  eat14BPP_UNCOMP                            
0000b5fc  eat24BPP_UNCOMP                            
0000b60c  eat34BPP_UNCOMP                            
0000b61c  happy14BPP_UNCOMP                          
0000b62c  happy24BPP_UNCOMP                          
0000b63c  happy34BPP_UNCOMP                          
0000b64c  normal14BPP_UNCOMP                         
0000b65c  normal24BPP_UNCOMP                         
0000b66c  normal34BPP_UNCOMP                         
0000b67c  pet1_dead4BPP_UNCOMP                       
0000b68c  pet1_dizzy14BPP_UNCOMP                     
0000b69c  pet1_dizzy24BPP_UNCOMP                     
0000b6ac  pet1_eat14BPP_UNCOMP                       
0000b6bc  pet1_eat24BPP_UNCOMP                       
0000b6cc  pet1_eat34BPP_UNCOMP                       
0000b6dc  pet1_happy14BPP_UNCOMP                     
0000b6ec  pet1_happy24BPP_UNCOMP                     
0000b6fc  pet1_happy34BPP_UNCOMP                     
0000b70c  pet1_normal14BPP_UNCOMP                    
0000b71c  pet1_normal24BPP_UNCOMP                    
0000b72c  pet1_normal34BPP_UNCOMP                    
0000b73c  pet1_play14BPP_UNCOMP                      
0000b74c  pet1_play24BPP_UNCOMP                      
0000b75c  pet1_play34BPP_UNCOMP                      
0000b76c  pet1_poop14BPP_UNCOMP                      
0000b77c  pet1_poop24BPP_UNCOMP                      
0000b78c  pet1_sleep14BPP_UNCOMP                     
0000b79c  pet1_sleep24BPP_UNCOMP                     
0000b7ac  pet1_sleep34BPP_UNCOMP                     
0000b7bc  pet1_unhappy14BPP_UNCOMP                   
0000b7cc  pet1_unhappy24BPP_UNCOMP                   
0000b7dc  pet1_unhappy34BPP_UNCOMP                   
0000b7ec  pet1_walk14BPP_UNCOMP                      
0000b7fc  pet1_walk24BPP_UNCOMP                      
0000b80c  pet1_walk34BPP_UNCOMP                      
0000b81c  play14BPP_UNCOMP                           
0000b82c  play24BPP_UNCOMP                           
0000b83c  play34BPP_UNCOMP                           
0000b84c  poop14BPP_UNCOMP                           
0000b85c  poop24BPP_UNCOMP                           
0000b86c  sleep14BPP_UNCOMP                          
0000b87c  sleep24BPP_UNCOMP                          
0000b88c  sleep34BPP_UNCOMP                          
0000b89c  unhappy14BPP_UNCOMP                        
0000b8ac  unhappy24BPP_UNCOMP                        
0000b8bc  unhappy34BPP_UNCOMP                        
0000b8cc  walk14BPP_UNCOMP                           
0000b8dc  walk24BPP_UNCOMP                           
0000b8ec  walk34BPP_UNCOMP                           
0000c13d  __TI_printfi                               
0000ca37  Graphics_drawString                        
0000cd09  main                                       
0000cf79  WDT_A_IRQHandler                           
0000cf79  WDT_A_IRQHandler                           
0000d1e5  Graphics_drawImage                         
0000d3e5  __aeabi_uldivmod                           
0000d5d9  __aeabi_dsub                               
0000d5e3  __aeabi_dadd                               
0000d78f  AES256_IRQHandler                          
0000d78f  BusFault_Handler                           
0000d78f  COMP_E0_IRQHandler                         
0000d78f  COMP_E1_IRQHandler                         
0000d78f  CS_IRQHandler                              
0000d78f  DMA_ERR_IRQHandler                         
0000d78f  DMA_INT0_IRQHandler                        
0000d78f  DMA_INT1_IRQHandler                        
0000d78f  DMA_INT2_IRQHandler                        
0000d78f  DMA_INT3_IRQHandler                        
0000d78f  DebugMon_Handler                           
0000d78f  Default_Handler                            
0000d78f  EUSCIA0_IRQHandler                         
0000d78f  EUSCIA1_IRQHandler                         
0000d78f  EUSCIA2_IRQHandler                         
0000d78f  EUSCIA3_IRQHandler                         
0000d78f  EUSCIB0_IRQHandler                         
0000d78f  EUSCIB1_IRQHandler                         
0000d78f  EUSCIB2_IRQHandler                         
0000d78f  EUSCIB3_IRQHandler                         
0000d78f  FLCTL_IRQHandler                           
0000d78f  FPU_IRQHandler                             
0000d78f  HardFault_Handler                          
0000d78f  MemManage_Handler                          
0000d78f  NMI_Handler                                
0000d78f  PCM_IRQHandler                             
0000d78f  PORT1_IRQHandler                           
0000d78f  PORT2_IRQHandler                           
0000d78f  PORT4_IRQHandler                           
0000d78f  PORT6_IRQHandler                           
0000d78f  PSS_IRQHandler                             
0000d78f  PendSV_Handler                             
0000d78f  RTC_C_IRQHandler                           
0000d78f  SVC_Handler                                
0000d78f  SysTick_Handler                            
0000d78f  T32_INT1_IRQHandler                        
0000d78f  T32_INT2_IRQHandler                        
0000d78f  T32_INTC_IRQHandler                        
0000d78f  TA0_0_IRQHandler                           
0000d78f  TA0_N_IRQHandler                           
0000d78f  TA1_0_IRQHandler                           
0000d78f  TA1_N_IRQHandler                           
0000d78f  TA2_0_IRQHandler                           
0000d78f  TA2_N_IRQHandler                           
0000d78f  TA3_0_IRQHandler                           
0000d78f  TA3_N_IRQHandler                           
0000d78f  UsageFault_Handler                         
0000d8e5  __aeabi_ddiv                               
0000da1b  PORT5_IRQHandler                           
0000da1b  PORT5_IRQHandler                           
0000da1d  Crystalfontz128x128_Init                   
0000dc33  __aeabi_dmul                               
0000dd2f  __mpu_init                                 
0000dd31  ldexp                                      
0000dd31  ldexpl                                     
0000dd31  scalbn                                     
0000dd31  scalbnl                                    
0000de2d  PORT3_IRQHandler                           
0000de2d  PORT3_IRQHandler                           
0000df15  __aeabi_memcpy                             
0000df15  __aeabi_memcpy4                            
0000df15  __aeabi_memcpy8                            
0000df15  memcpy                                     
0000dfb1  SPI_initMaster                             
0000e039  __aeabi_cdcmpeq                            
0000e039  __aeabi_cdcmple                            
0000e0bf  __aeabi_cdrcmple                           
0000e145  Crystalfontz128x128_SetDrawFrame           
0000e1c9  __aeabi_memclr                             
0000e1c9  __aeabi_memclr4                            
0000e1c9  __aeabi_memclr8                            
0000e1cb  __aeabi_memset                             
0000e1cb  __aeabi_memset4                            
0000e1cb  __aeabi_memset8                            
0000e1d1  memset                                     
0000e243  _system_post_cinit                         
0000e245  __TI_auto_init                             
0000e2b5  Display_eat                                
0000e321  Display_pet1_eat                           
0000e38d  Display_pet1_play                          
0000e3f9  Display_pet1_sleep                         
0000e465  Display_pet1_walk                          
0000e4d1  Display_play                               
0000e53d  Display_sleep                              
0000e5a9  Display_walk                               
0000e615  init_button                                
0000e681  Graphics_getStringWidth                    
0000e6e9  SystemInit                                 
0000e751  __TI_decompress_lzss                       
0000e7b9  frexp                                      
0000e7b9  frexpl                                     
0000e81d  sprintf                                    
0000e8d3  ltoa                                       
0000e929  _c_int00                                   
0000e97d  C$$EXIT                                    
0000e981  abort                                      
0000e989  exit                                       
0000e9d1  Display_dizzy                              
0000ea21  Display_happy                              
0000ea71  Display_normal                             
0000eac1  Display_pet1_dizzy                         
0000eb11  Display_pet1_happy                         
0000eb61  Display_pet1_normal                        
0000ebb1  Display_pet1_poop                          
0000ec01  Display_pet1_unhappy                       
0000ec51  Display_poop                               
0000eca1  Display_unhappy                            
0000ecf1  ADC14_IRQHandler                           
0000ecf1  ADC14_IRQHandler                           
0000ed3d  GPIO_setAsPeripheralModuleFunctionOutputPin
0000ed89  init_display                               
0000edd5  atoi                                       
0000ee21  copy_in                                    
0000ee6d  Graphics_drawLineH                         
0000eeb7  __aeabi_d2iz                               
0000ef01  HAL_LCD_SpiInit                            
0000eff3  Graphics_drawStringCentered                
0000f02d  Crystalfontz128x128_SetOrientation         
0000f061  HAL_LCD_PortInit                           
0000f0c1  __aeabi_i2d                                
0000f0f1  HAL_LCD_writeCommand                       
0000f145  Graphics_drawMultiplePixelsOnDisplay       
0000f16d  CS_setDCOCenteredFrequency                 
0000f191  GPIO_setAsOutputPin                        
0000f1b5  Graphics_initContext                       
0000f1f7  init_WDT                                   
0000f215  memccpy                                    
0000f24b  SPI_enableModule                           
0000f265  ADC14_getResult                            
0000f27d  GPIO_setOutputLowOnPin                     
0000f295  HAL_LCD_writeData                          
0000f2ad  mapports                                   
0000f2c5  _args_main                                 
0000f2f3  Graphics_drawHorizontalLineOnDisplay       
0000f309  strchr                                     
0000f321  GPIO_setOutputHighOnPin                    
0000f335  _register_unlock                           
0000f33b  _register_lock                             
0000f343  _nop                                       
0000f349  copysign                                   
0000f349  copysignl                                  
0000f35d  strlen                                     
0000f371  Graphics_drawPixelOnDisplay                
0000f37f  Graphics_setBackgroundColor                
0000f38d  Graphics_setForegroundColor                
0000f39b  __TI_decompress_none                       
0000f3a9  EUSCI_A_SPI_enable                         
0000f3b5  EUSCI_B_SPI_enable                         
0000f3c1  Reset_Handler                              
0000f3cd  __TI_zero_init                             
0000f3d9  Graphics_clearDisplay                      
0000f3e3  Graphics_clearDisplayOnDisplay             
0000f3ed  Graphics_translateColorOnDisplay           
0000f3f7  Graphics_setFont                           
0000f3fb  _system_pre_init                           
0000f44c  __TI_Handler_Table_Base                    
0000f458  __TI_Handler_Table_Limit                   
0000f460  __TI_CINIT_Base                            
0000f470  __TI_CINIT_Limit                           
20000400  g_sContext                                 
20000424  Lcd_ScreenHeigth                           
20000426  Lcd_ScreenWidth                            
20000428  Lcd_TouchTrim                              
2000042a  Lcd_FlagRead                               
2000042b  Lcd_FontSolid                              
2000042c  Lcd_Orientation                            
2000042d  Lcd_PenSolid                               
20000460  loop                                       
20000464  state                                      
20000468  health                                     
2000046c  selectScreenDebounce                       
20000470  dizzy                                      
20000474  check                                      
20000478  choose_pet                                 
2000047c  g_sCrystalfontz128x128                     
2000048c  __TI_cleanup_ptr                           
20000490  __TI_dtors_ptr                             
20000494  __TI_enable_exit_profile_output            
20000498  _lock                                      
2000049c  _unlock                                    
200004a0  errno                                      
200004a4  main_func_sp                               
2000f800  __stack                                    
20010000  __STACK_END                                
4000480c  WDTCTL_SYM                                 
ffffffff  __TI_pprof_out_hndl                        
ffffffff  __TI_prof_data_size                        
ffffffff  __TI_prof_data_start                       
ffffffff  __binit__                                  
ffffffff  __c_args__                                 
ffffffff  binit                                      
UNDEFED   SHT$$INIT_ARRAY$$Base                      
UNDEFED   SHT$$INIT_ARRAY$$Limit                     

[260 symbols]
