<?xml version="1.0"?>
<link_info>
   <banner>TI ARM Linker Unix v16.9.0.LTS</banner>
   <copyright>Copyright (c) 1996-2015 Texas Instruments Incorporated</copyright>
   <link_time>0x59080b48</link_time>
   <link_errors>0x0</link_errors>
   <output_file>PET.out</output_file>
   <entry_point>
      <name>_c_int00</name>
      <address>0xe929</address>
   </entry_point>
   <input_file_list>
      <input_file id="fl-2">
         <path>./</path>
         <kind>object</kind>
         <file>color.obj</file>
         <name>color.obj</name>
      </input_file>
      <input_file id="fl-3">
         <path>./</path>
         <kind>object</kind>
         <file>color2.obj</file>
         <name>color2.obj</name>
      </input_file>
      <input_file id="fl-4">
         <path>./</path>
         <kind>object</kind>
         <file>main.obj</file>
         <name>main.obj</name>
      </input_file>
      <input_file id="fl-5">
         <path>./</path>
         <kind>object</kind>
         <file>system_msp432p401r.obj</file>
         <name>system_msp432p401r.obj</name>
      </input_file>
      <input_file id="fl-6">
         <path>./LcdDriver/</path>
         <kind>object</kind>
         <file>Crystalfontz128x128_ST7735.obj</file>
         <name>Crystalfontz128x128_ST7735.obj</name>
      </input_file>
      <input_file id="fl-7">
         <path>./LcdDriver/</path>
         <kind>object</kind>
         <file>HAL_MSP_EXP432P401R_Crystalfontz128x128_ST7735.obj</file>
         <name>HAL_MSP_EXP432P401R_Crystalfontz128x128_ST7735.obj</name>
      </input_file>
      <input_file id="fl-8">
         <path>./ccs/</path>
         <kind>object</kind>
         <file>startup_msp432p401r_ccs.obj</file>
         <name>startup_msp432p401r_ccs.obj</name>
      </input_file>
      <input_file id="fl-9">
         <path>./fonts/</path>
         <kind>object</kind>
         <file>fontfixed6x8.obj</file>
         <name>fontfixed6x8.obj</name>
      </input_file>
      <input_file id="fl-a">
         <path>./pet_doggy/</path>
         <kind>object</kind>
         <file>dead.obj</file>
         <name>dead.obj</name>
      </input_file>
      <input_file id="fl-b">
         <path>./pet_doggy/</path>
         <kind>object</kind>
         <file>dizzy1.obj</file>
         <name>dizzy1.obj</name>
      </input_file>
      <input_file id="fl-c">
         <path>./pet_doggy/</path>
         <kind>object</kind>
         <file>dizzy2.obj</file>
         <name>dizzy2.obj</name>
      </input_file>
      <input_file id="fl-d">
         <path>./pet_doggy/</path>
         <kind>object</kind>
         <file>eat1.obj</file>
         <name>eat1.obj</name>
      </input_file>
      <input_file id="fl-e">
         <path>./pet_doggy/</path>
         <kind>object</kind>
         <file>eat2.obj</file>
         <name>eat2.obj</name>
      </input_file>
      <input_file id="fl-f">
         <path>./pet_doggy/</path>
         <kind>object</kind>
         <file>eat3.obj</file>
         <name>eat3.obj</name>
      </input_file>
      <input_file id="fl-10">
         <path>./pet_doggy/</path>
         <kind>object</kind>
         <file>happy1.obj</file>
         <name>happy1.obj</name>
      </input_file>
      <input_file id="fl-11">
         <path>./pet_doggy/</path>
         <kind>object</kind>
         <file>happy2.obj</file>
         <name>happy2.obj</name>
      </input_file>
      <input_file id="fl-12">
         <path>./pet_doggy/</path>
         <kind>object</kind>
         <file>happy3.obj</file>
         <name>happy3.obj</name>
      </input_file>
      <input_file id="fl-13">
         <path>./pet_doggy/</path>
         <kind>object</kind>
         <file>normal1.obj</file>
         <name>normal1.obj</name>
      </input_file>
      <input_file id="fl-14">
         <path>./pet_doggy/</path>
         <kind>object</kind>
         <file>normal2.obj</file>
         <name>normal2.obj</name>
      </input_file>
      <input_file id="fl-15">
         <path>./pet_doggy/</path>
         <kind>object</kind>
         <file>normal3.obj</file>
         <name>normal3.obj</name>
      </input_file>
      <input_file id="fl-16">
         <path>./pet_doggy/</path>
         <kind>object</kind>
         <file>play1.obj</file>
         <name>play1.obj</name>
      </input_file>
      <input_file id="fl-17">
         <path>./pet_doggy/</path>
         <kind>object</kind>
         <file>play2.obj</file>
         <name>play2.obj</name>
      </input_file>
      <input_file id="fl-18">
         <path>./pet_doggy/</path>
         <kind>object</kind>
         <file>play3.obj</file>
         <name>play3.obj</name>
      </input_file>
      <input_file id="fl-19">
         <path>./pet_doggy/</path>
         <kind>object</kind>
         <file>poop1.obj</file>
         <name>poop1.obj</name>
      </input_file>
      <input_file id="fl-1a">
         <path>./pet_doggy/</path>
         <kind>object</kind>
         <file>poop2.obj</file>
         <name>poop2.obj</name>
      </input_file>
      <input_file id="fl-1b">
         <path>./pet_doggy/</path>
         <kind>object</kind>
         <file>sleep1.obj</file>
         <name>sleep1.obj</name>
      </input_file>
      <input_file id="fl-1c">
         <path>./pet_doggy/</path>
         <kind>object</kind>
         <file>sleep2.obj</file>
         <name>sleep2.obj</name>
      </input_file>
      <input_file id="fl-1d">
         <path>./pet_doggy/</path>
         <kind>object</kind>
         <file>sleep3.obj</file>
         <name>sleep3.obj</name>
      </input_file>
      <input_file id="fl-1e">
         <path>./pet_doggy/</path>
         <kind>object</kind>
         <file>unhappy1.obj</file>
         <name>unhappy1.obj</name>
      </input_file>
      <input_file id="fl-1f">
         <path>./pet_doggy/</path>
         <kind>object</kind>
         <file>unhappy2.obj</file>
         <name>unhappy2.obj</name>
      </input_file>
      <input_file id="fl-20">
         <path>./pet_doggy/</path>
         <kind>object</kind>
         <file>unhappy3.obj</file>
         <name>unhappy3.obj</name>
      </input_file>
      <input_file id="fl-21">
         <path>./pet_doggy/</path>
         <kind>object</kind>
         <file>walk1.obj</file>
         <name>walk1.obj</name>
      </input_file>
      <input_file id="fl-22">
         <path>./pet_doggy/</path>
         <kind>object</kind>
         <file>walk2.obj</file>
         <name>walk2.obj</name>
      </input_file>
      <input_file id="fl-23">
         <path>./pet_doggy/</path>
         <kind>object</kind>
         <file>walk3.obj</file>
         <name>walk3.obj</name>
      </input_file>
      <input_file id="fl-24">
         <path>./pet_mametchi/</path>
         <kind>object</kind>
         <file>pet1_dead.obj</file>
         <name>pet1_dead.obj</name>
      </input_file>
      <input_file id="fl-25">
         <path>./pet_mametchi/</path>
         <kind>object</kind>
         <file>pet1_dizzy1.obj</file>
         <name>pet1_dizzy1.obj</name>
      </input_file>
      <input_file id="fl-26">
         <path>./pet_mametchi/</path>
         <kind>object</kind>
         <file>pet1_dizzy2.obj</file>
         <name>pet1_dizzy2.obj</name>
      </input_file>
      <input_file id="fl-27">
         <path>./pet_mametchi/</path>
         <kind>object</kind>
         <file>pet1_eat1.obj</file>
         <name>pet1_eat1.obj</name>
      </input_file>
      <input_file id="fl-28">
         <path>./pet_mametchi/</path>
         <kind>object</kind>
         <file>pet1_eat2.obj</file>
         <name>pet1_eat2.obj</name>
      </input_file>
      <input_file id="fl-29">
         <path>./pet_mametchi/</path>
         <kind>object</kind>
         <file>pet1_eat3.obj</file>
         <name>pet1_eat3.obj</name>
      </input_file>
      <input_file id="fl-2a">
         <path>./pet_mametchi/</path>
         <kind>object</kind>
         <file>pet1_happy1.obj</file>
         <name>pet1_happy1.obj</name>
      </input_file>
      <input_file id="fl-2b">
         <path>./pet_mametchi/</path>
         <kind>object</kind>
         <file>pet1_happy2.obj</file>
         <name>pet1_happy2.obj</name>
      </input_file>
      <input_file id="fl-2c">
         <path>./pet_mametchi/</path>
         <kind>object</kind>
         <file>pet1_happy3.obj</file>
         <name>pet1_happy3.obj</name>
      </input_file>
      <input_file id="fl-2d">
         <path>./pet_mametchi/</path>
         <kind>object</kind>
         <file>pet1_normal1.obj</file>
         <name>pet1_normal1.obj</name>
      </input_file>
      <input_file id="fl-2e">
         <path>./pet_mametchi/</path>
         <kind>object</kind>
         <file>pet1_normal2.obj</file>
         <name>pet1_normal2.obj</name>
      </input_file>
      <input_file id="fl-2f">
         <path>./pet_mametchi/</path>
         <kind>object</kind>
         <file>pet1_normal3.obj</file>
         <name>pet1_normal3.obj</name>
      </input_file>
      <input_file id="fl-30">
         <path>./pet_mametchi/</path>
         <kind>object</kind>
         <file>pet1_play1.obj</file>
         <name>pet1_play1.obj</name>
      </input_file>
      <input_file id="fl-31">
         <path>./pet_mametchi/</path>
         <kind>object</kind>
         <file>pet1_play2.obj</file>
         <name>pet1_play2.obj</name>
      </input_file>
      <input_file id="fl-32">
         <path>./pet_mametchi/</path>
         <kind>object</kind>
         <file>pet1_play3.obj</file>
         <name>pet1_play3.obj</name>
      </input_file>
      <input_file id="fl-33">
         <path>./pet_mametchi/</path>
         <kind>object</kind>
         <file>pet1_poop1.obj</file>
         <name>pet1_poop1.obj</name>
      </input_file>
      <input_file id="fl-34">
         <path>./pet_mametchi/</path>
         <kind>object</kind>
         <file>pet1_poop2.obj</file>
         <name>pet1_poop2.obj</name>
      </input_file>
      <input_file id="fl-35">
         <path>./pet_mametchi/</path>
         <kind>object</kind>
         <file>pet1_sleep1.obj</file>
         <name>pet1_sleep1.obj</name>
      </input_file>
      <input_file id="fl-36">
         <path>./pet_mametchi/</path>
         <kind>object</kind>
         <file>pet1_sleep2.obj</file>
         <name>pet1_sleep2.obj</name>
      </input_file>
      <input_file id="fl-37">
         <path>./pet_mametchi/</path>
         <kind>object</kind>
         <file>pet1_sleep3.obj</file>
         <name>pet1_sleep3.obj</name>
      </input_file>
      <input_file id="fl-38">
         <path>./pet_mametchi/</path>
         <kind>object</kind>
         <file>pet1_unhappy1.obj</file>
         <name>pet1_unhappy1.obj</name>
      </input_file>
      <input_file id="fl-39">
         <path>./pet_mametchi/</path>
         <kind>object</kind>
         <file>pet1_unhappy2.obj</file>
         <name>pet1_unhappy2.obj</name>
      </input_file>
      <input_file id="fl-3a">
         <path>./pet_mametchi/</path>
         <kind>object</kind>
         <file>pet1_unhappy3.obj</file>
         <name>pet1_unhappy3.obj</name>
      </input_file>
      <input_file id="fl-3b">
         <path>./pet_mametchi/</path>
         <kind>object</kind>
         <file>pet1_walk1.obj</file>
         <name>pet1_walk1.obj</name>
      </input_file>
      <input_file id="fl-3c">
         <path>./pet_mametchi/</path>
         <kind>object</kind>
         <file>pet1_walk2.obj</file>
         <name>pet1_walk2.obj</name>
      </input_file>
      <input_file id="fl-3d">
         <path>./pet_mametchi/</path>
         <kind>object</kind>
         <file>pet1_walk3.obj</file>
         <name>pet1_walk3.obj</name>
      </input_file>
      <input_file id="fl-44">
         <path>/Users/jadedh/ti/tirex-content/simplelink_msp432_sdk_1_20_00_45/source/ti/grlib/ccs/</path>
         <kind>archive</kind>
         <file>grlib.lib</file>
         <name>context.o</name>
      </input_file>
      <input_file id="fl-45">
         <path>/Users/jadedh/ti/tirex-content/simplelink_msp432_sdk_1_20_00_45/source/ti/grlib/ccs/</path>
         <kind>archive</kind>
         <file>grlib.lib</file>
         <name>display.o</name>
      </input_file>
      <input_file id="fl-46">
         <path>/Users/jadedh/ti/tirex-content/simplelink_msp432_sdk_1_20_00_45/source/ti/grlib/ccs/</path>
         <kind>archive</kind>
         <file>grlib.lib</file>
         <name>image.o</name>
      </input_file>
      <input_file id="fl-47">
         <path>/Users/jadedh/ti/tirex-content/simplelink_msp432_sdk_1_20_00_45/source/ti/grlib/ccs/</path>
         <kind>archive</kind>
         <file>grlib.lib</file>
         <name>string.o</name>
      </input_file>
      <input_file id="fl-48">
         <path>/Users/jadedh/ti/tirex-content/simplelink_msp432_sdk_1_20_00_45/source/ti/grlib/ccs/</path>
         <kind>archive</kind>
         <file>grlib.lib</file>
         <name>line.o</name>
      </input_file>
      <input_file id="fl-49">
         <path>/Users/jadedh/ti/tirex-content/simplelink_msp432_sdk_1_20_00_45/source/ti/devices/msp432p4xx/driverlib/ccs/</path>
         <kind>archive</kind>
         <file>msp432p4xx_driverlib.lib</file>
         <name>adc14.o</name>
      </input_file>
      <input_file id="fl-4a">
         <path>/Users/jadedh/ti/tirex-content/simplelink_msp432_sdk_1_20_00_45/source/ti/devices/msp432p4xx/driverlib/ccs/</path>
         <kind>archive</kind>
         <file>msp432p4xx_driverlib.lib</file>
         <name>cs.o</name>
      </input_file>
      <input_file id="fl-4b">
         <path>/Users/jadedh/ti/tirex-content/simplelink_msp432_sdk_1_20_00_45/source/ti/devices/msp432p4xx/driverlib/ccs/</path>
         <kind>archive</kind>
         <file>msp432p4xx_driverlib.lib</file>
         <name>gpio.o</name>
      </input_file>
      <input_file id="fl-4c">
         <path>/Users/jadedh/ti/tirex-content/simplelink_msp432_sdk_1_20_00_45/source/ti/devices/msp432p4xx/driverlib/ccs/</path>
         <kind>archive</kind>
         <file>msp432p4xx_driverlib.lib</file>
         <name>interrupt.o</name>
      </input_file>
      <input_file id="fl-4d">
         <path>/Users/jadedh/ti/tirex-content/simplelink_msp432_sdk_1_20_00_45/source/ti/devices/msp432p4xx/driverlib/ccs/</path>
         <kind>archive</kind>
         <file>msp432p4xx_driverlib.lib</file>
         <name>spi.o</name>
      </input_file>
      <input_file id="fl-4e">
         <path>/Users/jadedh/ti/tirex-content/simplelink_msp432_sdk_1_20_00_45/source/ti/devices/msp432p4xx/driverlib/ccs/</path>
         <kind>archive</kind>
         <file>msp432p4xx_driverlib.lib</file>
         <name>sysctl.o</name>
      </input_file>
      <input_file id="fl-4f">
         <path>/Users/jadedh/ti/tirex-content/simplelink_msp432_sdk_1_20_00_45/source/ti/devices/msp432p4xx/driverlib/ccs/</path>
         <kind>archive</kind>
         <file>msp432p4xx_driverlib.lib</file>
         <name>cpu.o</name>
      </input_file>
      <input_file id="fl-105">
         <path>/Applications/ti/ccsv7/tools/compiler/ti-cgt-arm_16.9.0.LTS/lib/</path>
         <kind>archive</kind>
         <file>rtsv7M4_T_le_v4SPD16_eabi.lib</file>
         <name>boot.obj</name>
      </input_file>
      <input_file id="fl-106">
         <path>/Applications/ti/ccsv7/tools/compiler/ti-cgt-arm_16.9.0.LTS/lib/</path>
         <kind>archive</kind>
         <file>rtsv7M4_T_le_v4SPD16_eabi.lib</file>
         <name>copy_decompress_lzss.obj</name>
      </input_file>
      <input_file id="fl-107">
         <path>/Applications/ti/ccsv7/tools/compiler/ti-cgt-arm_16.9.0.LTS/lib/</path>
         <kind>archive</kind>
         <file>rtsv7M4_T_le_v4SPD16_eabi.lib</file>
         <name>copy_decompress_none.obj</name>
      </input_file>
      <input_file id="fl-108">
         <path>/Applications/ti/ccsv7/tools/compiler/ti-cgt-arm_16.9.0.LTS/lib/</path>
         <kind>archive</kind>
         <file>rtsv7M4_T_le_v4SPD16_eabi.lib</file>
         <name>copy_zero_init.obj</name>
      </input_file>
      <input_file id="fl-109">
         <path>/Applications/ti/ccsv7/tools/compiler/ti-cgt-arm_16.9.0.LTS/lib/</path>
         <kind>archive</kind>
         <file>rtsv7M4_T_le_v4SPD16_eabi.lib</file>
         <name>exit.obj</name>
      </input_file>
      <input_file id="fl-10a">
         <path>/Applications/ti/ccsv7/tools/compiler/ti-cgt-arm_16.9.0.LTS/lib/</path>
         <kind>archive</kind>
         <file>rtsv7M4_T_le_v4SPD16_eabi.lib</file>
         <name>memcpy_t2.obj</name>
      </input_file>
      <input_file id="fl-10b">
         <path>/Applications/ti/ccsv7/tools/compiler/ti-cgt-arm_16.9.0.LTS/lib/</path>
         <kind>archive</kind>
         <file>rtsv7M4_T_le_v4SPD16_eabi.lib</file>
         <name>memset_t2.obj</name>
      </input_file>
      <input_file id="fl-10c">
         <path>/Applications/ti/ccsv7/tools/compiler/ti-cgt-arm_16.9.0.LTS/lib/</path>
         <kind>archive</kind>
         <file>rtsv7M4_T_le_v4SPD16_eabi.lib</file>
         <name>mpu_init.obj</name>
      </input_file>
      <input_file id="fl-10d">
         <path>/Applications/ti/ccsv7/tools/compiler/ti-cgt-arm_16.9.0.LTS/lib/</path>
         <kind>archive</kind>
         <file>rtsv7M4_T_le_v4SPD16_eabi.lib</file>
         <name>pre_init.obj</name>
      </input_file>
      <input_file id="fl-10e">
         <path>/Applications/ti/ccsv7/tools/compiler/ti-cgt-arm_16.9.0.LTS/lib/</path>
         <kind>archive</kind>
         <file>rtsv7M4_T_le_v4SPD16_eabi.lib</file>
         <name>sprintf.obj</name>
      </input_file>
      <input_file id="fl-10f">
         <path>/Applications/ti/ccsv7/tools/compiler/ti-cgt-arm_16.9.0.LTS/lib/</path>
         <kind>archive</kind>
         <file>rtsv7M4_T_le_v4SPD16_eabi.lib</file>
         <name>stkdepth_vars.obj</name>
      </input_file>
      <input_file id="fl-110">
         <path>/Applications/ti/ccsv7/tools/compiler/ti-cgt-arm_16.9.0.LTS/lib/</path>
         <kind>archive</kind>
         <file>rtsv7M4_T_le_v4SPD16_eabi.lib</file>
         <name>_lock.obj</name>
      </input_file>
      <input_file id="fl-111">
         <path>/Applications/ti/ccsv7/tools/compiler/ti-cgt-arm_16.9.0.LTS/lib/</path>
         <kind>archive</kind>
         <file>rtsv7M4_T_le_v4SPD16_eabi.lib</file>
         <name>_printfi.obj</name>
      </input_file>
      <input_file id="fl-112">
         <path>/Applications/ti/ccsv7/tools/compiler/ti-cgt-arm_16.9.0.LTS/lib/</path>
         <kind>archive</kind>
         <file>rtsv7M4_T_le_v4SPD16_eabi.lib</file>
         <name>args_main.obj</name>
      </input_file>
      <input_file id="fl-113">
         <path>/Applications/ti/ccsv7/tools/compiler/ti-cgt-arm_16.9.0.LTS/lib/</path>
         <kind>archive</kind>
         <file>rtsv7M4_T_le_v4SPD16_eabi.lib</file>
         <name>atoi.obj</name>
      </input_file>
      <input_file id="fl-114">
         <path>/Applications/ti/ccsv7/tools/compiler/ti-cgt-arm_16.9.0.LTS/lib/</path>
         <kind>archive</kind>
         <file>rtsv7M4_T_le_v4SPD16_eabi.lib</file>
         <name>autoinit.obj</name>
      </input_file>
      <input_file id="fl-115">
         <path>/Applications/ti/ccsv7/tools/compiler/ti-cgt-arm_16.9.0.LTS/lib/</path>
         <kind>archive</kind>
         <file>rtsv7M4_T_le_v4SPD16_eabi.lib</file>
         <name>cpy_tbl.obj</name>
      </input_file>
      <input_file id="fl-116">
         <path>/Applications/ti/ccsv7/tools/compiler/ti-cgt-arm_16.9.0.LTS/lib/</path>
         <kind>archive</kind>
         <file>rtsv7M4_T_le_v4SPD16_eabi.lib</file>
         <name>ctype.obj</name>
      </input_file>
      <input_file id="fl-117">
         <path>/Applications/ti/ccsv7/tools/compiler/ti-cgt-arm_16.9.0.LTS/lib/</path>
         <kind>archive</kind>
         <file>rtsv7M4_T_le_v4SPD16_eabi.lib</file>
         <name>fd_add_t2.obj</name>
      </input_file>
      <input_file id="fl-118">
         <path>/Applications/ti/ccsv7/tools/compiler/ti-cgt-arm_16.9.0.LTS/lib/</path>
         <kind>archive</kind>
         <file>rtsv7M4_T_le_v4SPD16_eabi.lib</file>
         <name>fd_cmp_t2.obj</name>
      </input_file>
      <input_file id="fl-119">
         <path>/Applications/ti/ccsv7/tools/compiler/ti-cgt-arm_16.9.0.LTS/lib/</path>
         <kind>archive</kind>
         <file>rtsv7M4_T_le_v4SPD16_eabi.lib</file>
         <name>fd_div_t2.obj</name>
      </input_file>
      <input_file id="fl-11a">
         <path>/Applications/ti/ccsv7/tools/compiler/ti-cgt-arm_16.9.0.LTS/lib/</path>
         <kind>archive</kind>
         <file>rtsv7M4_T_le_v4SPD16_eabi.lib</file>
         <name>fd_mul_t2.obj</name>
      </input_file>
      <input_file id="fl-11b">
         <path>/Applications/ti/ccsv7/tools/compiler/ti-cgt-arm_16.9.0.LTS/lib/</path>
         <kind>archive</kind>
         <file>rtsv7M4_T_le_v4SPD16_eabi.lib</file>
         <name>fd_toi_t2.obj</name>
      </input_file>
      <input_file id="fl-11c">
         <path>/Applications/ti/ccsv7/tools/compiler/ti-cgt-arm_16.9.0.LTS/lib/</path>
         <kind>archive</kind>
         <file>rtsv7M4_T_le_v4SPD16_eabi.lib</file>
         <name>i_tofd_t2.obj</name>
      </input_file>
      <input_file id="fl-11d">
         <path>/Applications/ti/ccsv7/tools/compiler/ti-cgt-arm_16.9.0.LTS/lib/</path>
         <kind>archive</kind>
         <file>rtsv7M4_T_le_v4SPD16_eabi.lib</file>
         <name>ltoa.obj</name>
      </input_file>
      <input_file id="fl-11e">
         <path>/Applications/ti/ccsv7/tools/compiler/ti-cgt-arm_16.9.0.LTS/lib/</path>
         <kind>archive</kind>
         <file>rtsv7M4_T_le_v4SPD16_eabi.lib</file>
         <name>memccpy.obj</name>
      </input_file>
      <input_file id="fl-11f">
         <path>/Applications/ti/ccsv7/tools/compiler/ti-cgt-arm_16.9.0.LTS/lib/</path>
         <kind>archive</kind>
         <file>rtsv7M4_T_le_v4SPD16_eabi.lib</file>
         <name>s_frexp.obj</name>
      </input_file>
      <input_file id="fl-120">
         <path>/Applications/ti/ccsv7/tools/compiler/ti-cgt-arm_16.9.0.LTS/lib/</path>
         <kind>archive</kind>
         <file>rtsv7M4_T_le_v4SPD16_eabi.lib</file>
         <name>s_scalbn.obj</name>
      </input_file>
      <input_file id="fl-121">
         <path>/Applications/ti/ccsv7/tools/compiler/ti-cgt-arm_16.9.0.LTS/lib/</path>
         <kind>archive</kind>
         <file>rtsv7M4_T_le_v4SPD16_eabi.lib</file>
         <name>startup.obj</name>
      </input_file>
      <input_file id="fl-122">
         <path>/Applications/ti/ccsv7/tools/compiler/ti-cgt-arm_16.9.0.LTS/lib/</path>
         <kind>archive</kind>
         <file>rtsv7M4_T_le_v4SPD16_eabi.lib</file>
         <name>strchr.obj</name>
      </input_file>
      <input_file id="fl-123">
         <path>/Applications/ti/ccsv7/tools/compiler/ti-cgt-arm_16.9.0.LTS/lib/</path>
         <kind>archive</kind>
         <file>rtsv7M4_T_le_v4SPD16_eabi.lib</file>
         <name>strlen.obj</name>
      </input_file>
      <input_file id="fl-124">
         <path>/Applications/ti/ccsv7/tools/compiler/ti-cgt-arm_16.9.0.LTS/lib/</path>
         <kind>archive</kind>
         <file>rtsv7M4_T_le_v4SPD16_eabi.lib</file>
         <name>ull_div_t2.obj</name>
      </input_file>
      <input_file id="fl-125">
         <path>/Applications/ti/ccsv7/tools/compiler/ti-cgt-arm_16.9.0.LTS/lib/</path>
         <kind>archive</kind>
         <file>rtsv7M4_T_le_v4SPD16_eabi.lib</file>
         <name>errno.obj</name>
      </input_file>
      <input_file id="fl-126">
         <path>/Applications/ti/ccsv7/tools/compiler/ti-cgt-arm_16.9.0.LTS/lib/</path>
         <kind>archive</kind>
         <file>rtsv7M4_T_le_v4SPD16_eabi.lib</file>
         <name>s_copysign.obj</name>
      </input_file>
   </input_file_list>
   <object_component_list>
      <object_component id="oc-2c">
         <name>.intvecs:retain</name>
         <load_address>0x0</load_address>
         <run_address>0x0</run_address>
         <size>0xe4</size>
         <input_file_ref idref="fl-8"/>
      </object_component>
      <object_component id="oc-2e7">
         <name>.text</name>
         <load_address>0xb8fc</load_address>
         <run_address>0xb8fc</run_address>
         <size>0x113a</size>
         <input_file_ref idref="fl-111"/>
      </object_component>
      <object_component id="oc-1b7">
         <name>.text:Graphics_drawString</name>
         <load_address>0xca36</load_address>
         <run_address>0xca36</run_address>
         <size>0x2d0</size>
         <input_file_ref idref="fl-47"/>
      </object_component>
      <object_component id="oc-5f3">
         <name>.text:Crystalfontz128x128_Flush</name>
         <load_address>0xcd06</load_address>
         <run_address>0xcd06</run_address>
         <size>0x2</size>
         <input_file_ref idref="fl-6"/>
      </object_component>
      <object_component id="oc-c2">
         <name>.text:main</name>
         <load_address>0xcd08</load_address>
         <run_address>0xcd08</run_address>
         <size>0x270</size>
         <input_file_ref idref="fl-4"/>
      </object_component>
      <object_component id="oc-81">
         <name>.text:WDT_A_IRQHandler</name>
         <load_address>0xcf78</load_address>
         <run_address>0xcf78</run_address>
         <size>0x26c</size>
         <input_file_ref idref="fl-4"/>
      </object_component>
      <object_component id="oc-e3">
         <name>.text:Graphics_drawImage</name>
         <load_address>0xd1e4</load_address>
         <run_address>0xd1e4</run_address>
         <size>0x200</size>
         <input_file_ref idref="fl-46"/>
      </object_component>
      <object_component id="oc-535">
         <name>.text</name>
         <load_address>0xd3e4</load_address>
         <run_address>0xd3e4</run_address>
         <size>0x1f4</size>
         <input_file_ref idref="fl-124"/>
      </object_component>
      <object_component id="oc-564">
         <name>.text</name>
         <load_address>0xd5d8</load_address>
         <run_address>0xd5d8</run_address>
         <size>0x1b6</size>
         <input_file_ref idref="fl-117"/>
      </object_component>
      <object_component id="oc-7b">
         <name>.text:Default_Handler</name>
         <load_address>0xd78e</load_address>
         <run_address>0xd78e</run_address>
         <size>0x2</size>
         <input_file_ref idref="fl-8"/>
      </object_component>
      <object_component id="oc-2db">
         <name>.text:_getIndexForMemRegister</name>
         <load_address>0xd790</load_address>
         <run_address>0xd790</run_address>
         <size>0x154</size>
         <input_file_ref idref="fl-49"/>
      </object_component>
      <object_component id="oc-54a">
         <name>.text</name>
         <load_address>0xd8e4</load_address>
         <run_address>0xd8e4</run_address>
         <size>0x136</size>
         <input_file_ref idref="fl-119"/>
      </object_component>
      <object_component id="oc-93">
         <name>.text:PORT5_IRQHandler</name>
         <load_address>0xda1a</load_address>
         <run_address>0xda1a</run_address>
         <size>0x2</size>
         <input_file_ref idref="fl-4"/>
      </object_component>
      <object_component id="oc-312">
         <name>.text:Crystalfontz128x128_Init</name>
         <load_address>0xda1c</load_address>
         <run_address>0xda1c</run_address>
         <size>0x110</size>
         <input_file_ref idref="fl-6"/>
      </object_component>
      <object_component id="oc-5d5">
         <name>.text:Crystalfontz128x128_PixelDrawMultiple</name>
         <load_address>0xdb2c</load_address>
         <run_address>0xdb2c</run_address>
         <size>0x106</size>
         <input_file_ref idref="fl-6"/>
      </object_component>
      <object_component id="oc-545">
         <name>.text</name>
         <load_address>0xdc32</load_address>
         <run_address>0xdc32</run_address>
         <size>0xfc</size>
         <input_file_ref idref="fl-11a"/>
      </object_component>
      <object_component id="oc-53">
         <name>.text</name>
         <load_address>0xdd2e</load_address>
         <run_address>0xdd2e</run_address>
         <size>0x2</size>
         <input_file_ref idref="fl-10c"/>
      </object_component>
      <object_component id="oc-56f">
         <name>.text</name>
         <load_address>0xdd30</load_address>
         <run_address>0xdd30</run_address>
         <size>0xfc</size>
         <input_file_ref idref="fl-120"/>
      </object_component>
      <object_component id="oc-8d">
         <name>.text:PORT3_IRQHandler</name>
         <load_address>0xde2c</load_address>
         <run_address>0xde2c</run_address>
         <size>0xe8</size>
         <input_file_ref idref="fl-4"/>
      </object_component>
      <object_component id="oc-3b">
         <name>.text</name>
         <load_address>0xdf14</load_address>
         <run_address>0xdf14</run_address>
         <size>0x9c</size>
         <input_file_ref idref="fl-10a"/>
      </object_component>
      <object_component id="oc-78d">
         <name>.text:SPI_initMaster</name>
         <load_address>0xdfb0</load_address>
         <run_address>0xdfb0</run_address>
         <size>0x88</size>
         <input_file_ref idref="fl-4d"/>
      </object_component>
      <object_component id="oc-540">
         <name>.text:__aeabi_cdcmple</name>
         <load_address>0xe038</load_address>
         <run_address>0xe038</run_address>
         <size>0x86</size>
         <input_file_ref idref="fl-118"/>
      </object_component>
      <object_component id="oc-54f">
         <name>.text:__aeabi_cdrcmple</name>
         <load_address>0xe0be</load_address>
         <run_address>0xe0be</run_address>
         <size>0x86</size>
         <input_file_ref idref="fl-118"/>
      </object_component>
      <object_component id="oc-5bc">
         <name>.text:Crystalfontz128x128_SetDrawFrame</name>
         <load_address>0xe144</load_address>
         <run_address>0xe144</run_address>
         <size>0x84</size>
         <input_file_ref idref="fl-6"/>
      </object_component>
      <object_component id="oc-47">
         <name>.text</name>
         <load_address>0xe1c8</load_address>
         <run_address>0xe1c8</run_address>
         <size>0x7a</size>
         <input_file_ref idref="fl-10b"/>
      </object_component>
      <object_component id="oc-ba">
         <name>.text</name>
         <load_address>0xe242</load_address>
         <run_address>0xe242</run_address>
         <size>0x2</size>
         <input_file_ref idref="fl-121"/>
      </object_component>
      <object_component id="oc-5f">
         <name>.text</name>
         <load_address>0xe244</load_address>
         <run_address>0xe244</run_address>
         <size>0x70</size>
         <input_file_ref idref="fl-114"/>
      </object_component>
      <object_component id="oc-149">
         <name>.text:Display_eat</name>
         <load_address>0xe2b4</load_address>
         <run_address>0xe2b4</run_address>
         <size>0x6c</size>
         <input_file_ref idref="fl-4"/>
      </object_component>
      <object_component id="oc-143">
         <name>.text:Display_pet1_eat</name>
         <load_address>0xe320</load_address>
         <run_address>0xe320</run_address>
         <size>0x6c</size>
         <input_file_ref idref="fl-4"/>
      </object_component>
      <object_component id="oc-137">
         <name>.text:Display_pet1_play</name>
         <load_address>0xe38c</load_address>
         <run_address>0xe38c</run_address>
         <size>0x6c</size>
         <input_file_ref idref="fl-4"/>
      </object_component>
      <object_component id="oc-11f">
         <name>.text:Display_pet1_sleep</name>
         <load_address>0xe3f8</load_address>
         <run_address>0xe3f8</run_address>
         <size>0x6c</size>
         <input_file_ref idref="fl-4"/>
      </object_component>
      <object_component id="oc-12b">
         <name>.text:Display_pet1_walk</name>
         <load_address>0xe464</load_address>
         <run_address>0xe464</run_address>
         <size>0x6c</size>
         <input_file_ref idref="fl-4"/>
      </object_component>
      <object_component id="oc-13d">
         <name>.text:Display_play</name>
         <load_address>0xe4d0</load_address>
         <run_address>0xe4d0</run_address>
         <size>0x6c</size>
         <input_file_ref idref="fl-4"/>
      </object_component>
      <object_component id="oc-125">
         <name>.text:Display_sleep</name>
         <load_address>0xe53c</load_address>
         <run_address>0xe53c</run_address>
         <size>0x6c</size>
         <input_file_ref idref="fl-4"/>
      </object_component>
      <object_component id="oc-131">
         <name>.text:Display_walk</name>
         <load_address>0xe5a8</load_address>
         <run_address>0xe5a8</run_address>
         <size>0x6c</size>
         <input_file_ref idref="fl-4"/>
      </object_component>
      <object_component id="oc-19f">
         <name>.text:init_button</name>
         <load_address>0xe614</load_address>
         <run_address>0xe614</run_address>
         <size>0x6c</size>
         <input_file_ref idref="fl-4"/>
      </object_component>
      <object_component id="oc-1d4">
         <name>.text:Graphics_getStringWidth</name>
         <load_address>0xe680</load_address>
         <run_address>0xe680</run_address>
         <size>0x68</size>
         <input_file_ref idref="fl-47"/>
      </object_component>
      <object_component id="oc-d5">
         <name>.text:SystemInit</name>
         <load_address>0xe6e8</load_address>
         <run_address>0xe6e8</run_address>
         <size>0x68</size>
         <input_file_ref idref="fl-5"/>
      </object_component>
      <object_component id="oc-14">
         <name>.text:decompress:lzss</name>
         <load_address>0xe750</load_address>
         <run_address>0xe750</run_address>
         <size>0x68</size>
         <input_file_ref idref="fl-106"/>
      </object_component>
      <object_component id="oc-569">
         <name>.text</name>
         <load_address>0xe7b8</load_address>
         <run_address>0xe7b8</run_address>
         <size>0x64</size>
         <input_file_ref idref="fl-11f"/>
      </object_component>
      <object_component id="oc-178">
         <name>.text</name>
         <load_address>0xe81c</load_address>
         <run_address>0xe81c</run_address>
         <size>0x60</size>
         <input_file_ref idref="fl-10e"/>
      </object_component>
      <object_component id="oc-5e7">
         <name>.text:Crystalfontz128x128_RectFill</name>
         <load_address>0xe87c</load_address>
         <run_address>0xe87c</run_address>
         <size>0x56</size>
         <input_file_ref idref="fl-6"/>
      </object_component>
      <object_component id="oc-559">
         <name>.text</name>
         <load_address>0xe8d2</load_address>
         <run_address>0xe8d2</run_address>
         <size>0x56</size>
         <input_file_ref idref="fl-11d"/>
      </object_component>
      <object_component id="oc-26">
         <name>.text</name>
         <load_address>0xe928</load_address>
         <run_address>0xe928</run_address>
         <size>0x54</size>
         <input_file_ref idref="fl-105"/>
      </object_component>
      <object_component id="oc-6b">
         <name>.text</name>
         <load_address>0xe97c</load_address>
         <run_address>0xe97c</run_address>
         <size>0x54</size>
         <input_file_ref idref="fl-109"/>
      </object_component>
      <object_component id="oc-f5">
         <name>.text:Display_dizzy</name>
         <load_address>0xe9d0</load_address>
         <run_address>0xe9d0</run_address>
         <size>0x50</size>
         <input_file_ref idref="fl-4"/>
      </object_component>
      <object_component id="oc-119">
         <name>.text:Display_happy</name>
         <load_address>0xea20</load_address>
         <run_address>0xea20</run_address>
         <size>0x50</size>
         <input_file_ref idref="fl-4"/>
      </object_component>
      <object_component id="oc-10d">
         <name>.text:Display_normal</name>
         <load_address>0xea70</load_address>
         <run_address>0xea70</run_address>
         <size>0x50</size>
         <input_file_ref idref="fl-4"/>
      </object_component>
      <object_component id="oc-ef">
         <name>.text:Display_pet1_dizzy</name>
         <load_address>0xeac0</load_address>
         <run_address>0xeac0</run_address>
         <size>0x50</size>
         <input_file_ref idref="fl-4"/>
      </object_component>
      <object_component id="oc-113">
         <name>.text:Display_pet1_happy</name>
         <load_address>0xeb10</load_address>
         <run_address>0xeb10</run_address>
         <size>0x50</size>
         <input_file_ref idref="fl-4"/>
      </object_component>
      <object_component id="oc-107">
         <name>.text:Display_pet1_normal</name>
         <load_address>0xeb60</load_address>
         <run_address>0xeb60</run_address>
         <size>0x50</size>
         <input_file_ref idref="fl-4"/>
      </object_component>
      <object_component id="oc-14f">
         <name>.text:Display_pet1_poop</name>
         <load_address>0xebb0</load_address>
         <run_address>0xebb0</run_address>
         <size>0x50</size>
         <input_file_ref idref="fl-4"/>
      </object_component>
      <object_component id="oc-fb">
         <name>.text:Display_pet1_unhappy</name>
         <load_address>0xec00</load_address>
         <run_address>0xec00</run_address>
         <size>0x50</size>
         <input_file_ref idref="fl-4"/>
      </object_component>
      <object_component id="oc-155">
         <name>.text:Display_poop</name>
         <load_address>0xec50</load_address>
         <run_address>0xec50</run_address>
         <size>0x50</size>
         <input_file_ref idref="fl-4"/>
      </object_component>
      <object_component id="oc-101">
         <name>.text:Display_unhappy</name>
         <load_address>0xeca0</load_address>
         <run_address>0xeca0</run_address>
         <size>0x50</size>
         <input_file_ref idref="fl-4"/>
      </object_component>
      <object_component id="oc-87">
         <name>.text:ADC14_IRQHandler</name>
         <load_address>0xecf0</load_address>
         <run_address>0xecf0</run_address>
         <size>0x4c</size>
         <input_file_ref idref="fl-4"/>
      </object_component>
      <object_component id="oc-780">
         <name>.text:GPIO_setAsPeripheralModuleFunctionOutputPin</name>
         <load_address>0xed3c</load_address>
         <run_address>0xed3c</run_address>
         <size>0x4c</size>
         <input_file_ref idref="fl-4b"/>
      </object_component>
      <object_component id="oc-1a5">
         <name>.text:init_display</name>
         <load_address>0xed88</load_address>
         <run_address>0xed88</run_address>
         <size>0x4c</size>
         <input_file_ref idref="fl-4"/>
      </object_component>
      <object_component id="oc-57b">
         <name>.text</name>
         <load_address>0xedd4</load_address>
         <run_address>0xedd4</run_address>
         <size>0x4c</size>
         <input_file_ref idref="fl-113"/>
      </object_component>
      <object_component id="oc-b4">
         <name>.text</name>
         <load_address>0xee20</load_address>
         <run_address>0xee20</run_address>
         <size>0x4c</size>
         <input_file_ref idref="fl-115"/>
      </object_component>
      <object_component id="oc-344">
         <name>.text:Graphics_drawLineH</name>
         <load_address>0xee6c</load_address>
         <run_address>0xee6c</run_address>
         <size>0x4a</size>
         <input_file_ref idref="fl-48"/>
      </object_component>
      <object_component id="oc-554">
         <name>.text</name>
         <load_address>0xeeb6</load_address>
         <run_address>0xeeb6</run_address>
         <size>0x48</size>
         <input_file_ref idref="fl-11b"/>
      </object_component>
      <object_component id="oc-5b6">
         <name>.text:HAL_LCD_SpiInit</name>
         <load_address>0xef00</load_address>
         <run_address>0xef00</run_address>
         <size>0x40</size>
         <input_file_ref idref="fl-7"/>
      </object_component>
      <object_component id="oc-5e1">
         <name>.text:Crystalfontz128x128_LineDrawV</name>
         <load_address>0xef40</load_address>
         <run_address>0xef40</run_address>
         <size>0x3c</size>
         <input_file_ref idref="fl-6"/>
      </object_component>
      <object_component id="oc-1e6">
         <name>.text:Graphics_convertPalette</name>
         <load_address>0xef7c</load_address>
         <run_address>0xef7c</run_address>
         <size>0x3c</size>
         <input_file_ref idref="fl-46"/>
      </object_component>
      <object_component id="oc-5db">
         <name>.text:Crystalfontz128x128_LineDrawH</name>
         <load_address>0xefb8</load_address>
         <run_address>0xefb8</run_address>
         <size>0x3a</size>
         <input_file_ref idref="fl-6"/>
      </object_component>
      <object_component id="oc-dd">
         <name>.text:Graphics_drawStringCentered</name>
         <load_address>0xeff2</load_address>
         <run_address>0xeff2</run_address>
         <size>0x38</size>
         <input_file_ref idref="fl-47"/>
      </object_component>
      <object_component id="oc-193">
         <name>.text:Crystalfontz128x128_SetOrientation</name>
         <load_address>0xf02c</load_address>
         <run_address>0xf02c</run_address>
         <size>0x34</size>
         <input_file_ref idref="fl-6"/>
      </object_component>
      <object_component id="oc-5b0">
         <name>.text:HAL_LCD_PortInit</name>
         <load_address>0xf060</load_address>
         <run_address>0xf060</run_address>
         <size>0x30</size>
         <input_file_ref idref="fl-7"/>
      </object_component>
      <object_component id="oc-7c7">
         <name>.text:is_A_Module</name>
         <load_address>0xf090</load_address>
         <run_address>0xf090</run_address>
         <size>0x30</size>
         <input_file_ref idref="fl-4d"/>
      </object_component>
      <object_component id="oc-55f">
         <name>.text</name>
         <load_address>0xf0c0</load_address>
         <run_address>0xf0c0</run_address>
         <size>0x2e</size>
         <input_file_ref idref="fl-11c"/>
      </object_component>
      <object_component id="oc-300">
         <name>.text:HAL_LCD_writeCommand</name>
         <load_address>0xf0f0</load_address>
         <run_address>0xf0f0</run_address>
         <size>0x2c</size>
         <input_file_ref idref="fl-7"/>
      </object_component>
      <object_component id="oc-5cf">
         <name>.text:Crystalfontz128x128_PixelDraw</name>
         <load_address>0xf11c</load_address>
         <run_address>0xf11c</run_address>
         <size>0x28</size>
         <input_file_ref idref="fl-6"/>
      </object_component>
      <object_component id="oc-1ec">
         <name>.text:Graphics_drawMultiplePixelsOnDisplay</name>
         <load_address>0xf144</load_address>
         <run_address>0xf144</run_address>
         <size>0x28</size>
         <input_file_ref idref="fl-45"/>
      </object_component>
      <object_component id="oc-1b1">
         <name>.text:CS_setDCOCenteredFrequency</name>
         <load_address>0xf16c</load_address>
         <run_address>0xf16c</run_address>
         <size>0x24</size>
         <input_file_ref idref="fl-4a"/>
      </object_component>
      <object_component id="oc-786">
         <name>.text:GPIO_setAsOutputPin</name>
         <load_address>0xf190</load_address>
         <run_address>0xf190</run_address>
         <size>0x24</size>
         <input_file_ref idref="fl-4b"/>
      </object_component>
      <object_component id="oc-318">
         <name>.text:Graphics_initContext</name>
         <load_address>0xf1b4</load_address>
         <run_address>0xf1b4</run_address>
         <size>0x22</size>
         <input_file_ref idref="fl-44"/>
      </object_component>
      <object_component id="oc-5f9">
         <name>.text:Crystalfontz128x128_ClearScreen</name>
         <load_address>0xf1d6</load_address>
         <run_address>0xf1d6</run_address>
         <size>0x20</size>
         <input_file_ref idref="fl-6"/>
      </object_component>
      <object_component id="oc-1ab">
         <name>.text:init_WDT</name>
         <load_address>0xf1f6</load_address>
         <run_address>0xf1f6</run_address>
         <size>0x1e</size>
         <input_file_ref idref="fl-4"/>
      </object_component>
      <object_component id="oc-581">
         <name>.text</name>
         <load_address>0xf214</load_address>
         <run_address>0xf214</run_address>
         <size>0x1c</size>
         <input_file_ref idref="fl-11e"/>
      </object_component>
      <object_component id="oc-33e">
         <name>.text:Graphics_getNumberOfLeadingZeros</name>
         <load_address>0xf230</load_address>
         <run_address>0xf230</run_address>
         <size>0x1a</size>
         <input_file_ref idref="fl-47"/>
      </object_component>
      <object_component id="oc-793">
         <name>.text:SPI_enableModule</name>
         <load_address>0xf24a</load_address>
         <run_address>0xf24a</run_address>
         <size>0x1a</size>
         <input_file_ref idref="fl-4d"/>
      </object_component>
      <object_component id="oc-16e">
         <name>.text:ADC14_getResult</name>
         <load_address>0xf264</load_address>
         <run_address>0xf264</run_address>
         <size>0x18</size>
         <input_file_ref idref="fl-49"/>
      </object_component>
      <object_component id="oc-59a">
         <name>.text:GPIO_setOutputLowOnPin</name>
         <load_address>0xf27c</load_address>
         <run_address>0xf27c</run_address>
         <size>0x18</size>
         <input_file_ref idref="fl-4b"/>
      </object_component>
      <object_component id="oc-306">
         <name>.text:HAL_LCD_writeData</name>
         <load_address>0xf294</load_address>
         <run_address>0xf294</run_address>
         <size>0x18</size>
         <input_file_ref idref="fl-7"/>
      </object_component>
      <object_component id="oc-199">
         <name>.text:mapports</name>
         <load_address>0xf2ac</load_address>
         <run_address>0xf2ac</run_address>
         <size>0x18</size>
         <input_file_ref idref="fl-4"/>
      </object_component>
      <object_component id="oc-65">
         <name>.text</name>
         <load_address>0xf2c4</load_address>
         <run_address>0xf2c4</run_address>
         <size>0x18</size>
         <input_file_ref idref="fl-112"/>
      </object_component>
      <object_component id="oc-5ed">
         <name>.text:Crystalfontz128x128_ColorTranslate</name>
         <load_address>0xf2dc</load_address>
         <run_address>0xf2dc</run_address>
         <size>0x16</size>
         <input_file_ref idref="fl-6"/>
      </object_component>
      <object_component id="oc-614">
         <name>.text:Graphics_drawHorizontalLineOnDisplay</name>
         <load_address>0xf2f2</load_address>
         <run_address>0xf2f2</run_address>
         <size>0x16</size>
         <input_file_ref idref="fl-45"/>
      </object_component>
      <object_component id="oc-575">
         <name>.text</name>
         <load_address>0xf308</load_address>
         <run_address>0xf308</run_address>
         <size>0x16</size>
         <input_file_ref idref="fl-122"/>
      </object_component>
      <object_component id="oc-5a0">
         <name>.text:GPIO_setOutputHighOnPin</name>
         <load_address>0xf320</load_address>
         <run_address>0xf320</run_address>
         <size>0x14</size>
         <input_file_ref idref="fl-4b"/>
      </object_component>
      <object_component id="oc-1c7">
         <name>.text</name>
         <load_address>0xf334</load_address>
         <run_address>0xf334</run_address>
         <size>0x14</size>
         <input_file_ref idref="fl-110"/>
      </object_component>
      <object_component id="oc-758">
         <name>.text</name>
         <load_address>0xf348</load_address>
         <run_address>0xf348</run_address>
         <size>0x14</size>
         <input_file_ref idref="fl-126"/>
      </object_component>
      <object_component id="oc-53a">
         <name>.text</name>
         <load_address>0xf35c</load_address>
         <run_address>0xf35c</run_address>
         <size>0x14</size>
         <input_file_ref idref="fl-123"/>
      </object_component>
      <object_component id="oc-1f2">
         <name>.text:Graphics_drawPixelOnDisplay</name>
         <load_address>0xf370</load_address>
         <run_address>0xf370</run_address>
         <size>0xe</size>
         <input_file_ref idref="fl-45"/>
      </object_component>
      <object_component id="oc-324">
         <name>.text:Graphics_setBackgroundColor</name>
         <load_address>0xf37e</load_address>
         <run_address>0xf37e</run_address>
         <size>0xe</size>
         <input_file_ref idref="fl-44"/>
      </object_component>
      <object_component id="oc-31e">
         <name>.text:Graphics_setForegroundColor</name>
         <load_address>0xf38c</load_address>
         <run_address>0xf38c</run_address>
         <size>0xe</size>
         <input_file_ref idref="fl-44"/>
      </object_component>
      <object_component id="oc-1a">
         <name>.text:decompress:none</name>
         <load_address>0xf39a</load_address>
         <run_address>0xf39a</run_address>
         <size>0xe</size>
         <input_file_ref idref="fl-107"/>
      </object_component>
      <object_component id="oc-7d5">
         <name>.text:EUSCI_A_SPI_enable</name>
         <load_address>0xf3a8</load_address>
         <run_address>0xf3a8</run_address>
         <size>0xc</size>
         <input_file_ref idref="fl-4d"/>
      </object_component>
      <object_component id="oc-7cf">
         <name>.text:EUSCI_B_SPI_enable</name>
         <load_address>0xf3b4</load_address>
         <run_address>0xf3b4</run_address>
         <size>0xc</size>
         <input_file_ref idref="fl-4d"/>
      </object_component>
      <object_component id="oc-75">
         <name>.text:Reset_Handler</name>
         <load_address>0xf3c0</load_address>
         <run_address>0xf3c0</run_address>
         <size>0xc</size>
         <input_file_ref idref="fl-8"/>
      </object_component>
      <object_component id="oc-20">
         <name>.text:decompress:ZI</name>
         <load_address>0xf3cc</load_address>
         <run_address>0xf3cc</run_address>
         <size>0xc</size>
         <input_file_ref idref="fl-108"/>
      </object_component>
      <object_component id="oc-e9">
         <name>.text:Graphics_clearDisplay</name>
         <load_address>0xf3d8</load_address>
         <run_address>0xf3d8</run_address>
         <size>0xa</size>
         <input_file_ref idref="fl-44"/>
      </object_component>
      <object_component id="oc-1fa">
         <name>.text:Graphics_clearDisplayOnDisplay</name>
         <load_address>0xf3e2</load_address>
         <run_address>0xf3e2</run_address>
         <size>0xa</size>
         <input_file_ref idref="fl-45"/>
      </object_component>
      <object_component id="oc-356">
         <name>.text:Graphics_translateColorOnDisplay</name>
         <load_address>0xf3ec</load_address>
         <run_address>0xf3ec</run_address>
         <size>0xa</size>
         <input_file_ref idref="fl-45"/>
      </object_component>
      <object_component id="oc-32a">
         <name>.text:Graphics_setFont</name>
         <load_address>0xf3f6</load_address>
         <run_address>0xf3f6</run_address>
         <size>0x4</size>
         <input_file_ref idref="fl-44"/>
      </object_component>
      <object_component id="oc-59">
         <name>.text</name>
         <load_address>0xf3fa</load_address>
         <run_address>0xf3fa</run_address>
         <size>0x4</size>
         <input_file_ref idref="fl-10d"/>
      </object_component>
      <object_component id="oc-2d5">
         <name>.const:.string:pixel_dead4BPP_UNCOMP</name>
         <load_address>0xe4</load_address>
         <run_address>0xe4</run_address>
         <size>0x320</size>
         <input_file_ref idref="fl-a"/>
      </object_component>
      <object_component id="oc-386">
         <name>.const:.string:pixel_dizzy14BPP_UNCOMP</name>
         <load_address>0x404</load_address>
         <run_address>0x404</run_address>
         <size>0x320</size>
         <input_file_ref idref="fl-b"/>
      </object_component>
      <object_component id="oc-37d">
         <name>.const:.string:pixel_dizzy24BPP_UNCOMP</name>
         <load_address>0x724</load_address>
         <run_address>0x724</run_address>
         <size>0x320</size>
         <input_file_ref idref="fl-c"/>
      </object_component>
      <object_component id="oc-4ee">
         <name>.const:.string:pixel_eat14BPP_UNCOMP</name>
         <load_address>0xa44</load_address>
         <run_address>0xa44</run_address>
         <size>0x320</size>
         <input_file_ref idref="fl-d"/>
      </object_component>
      <object_component id="oc-4e5">
         <name>.const:.string:pixel_eat24BPP_UNCOMP</name>
         <load_address>0xd64</load_address>
         <run_address>0xd64</run_address>
         <size>0x320</size>
         <input_file_ref idref="fl-e"/>
      </object_component>
      <object_component id="oc-4dc">
         <name>.const:.string:pixel_eat34BPP_UNCOMP</name>
         <load_address>0x1084</load_address>
         <run_address>0x1084</run_address>
         <size>0x320</size>
         <input_file_ref idref="fl-f"/>
      </object_component>
      <object_component id="oc-416">
         <name>.const:.string:pixel_happy14BPP_UNCOMP</name>
         <load_address>0x13a4</load_address>
         <run_address>0x13a4</run_address>
         <size>0x320</size>
         <input_file_ref idref="fl-10"/>
      </object_component>
      <object_component id="oc-40d">
         <name>.const:.string:pixel_happy24BPP_UNCOMP</name>
         <load_address>0x16c4</load_address>
         <run_address>0x16c4</run_address>
         <size>0x320</size>
         <input_file_ref idref="fl-11"/>
      </object_component>
      <object_component id="oc-404">
         <name>.const:.string:pixel_happy34BPP_UNCOMP</name>
         <load_address>0x19e4</load_address>
         <run_address>0x19e4</run_address>
         <size>0x320</size>
         <input_file_ref idref="fl-12"/>
      </object_component>
      <object_component id="oc-2ba">
         <name>.const:.string:pixel_normal14BPP_UNCOMP</name>
         <load_address>0x1d04</load_address>
         <run_address>0x1d04</run_address>
         <size>0x320</size>
         <input_file_ref idref="fl-13"/>
      </object_component>
      <object_component id="oc-3e0">
         <name>.const:.string:pixel_normal24BPP_UNCOMP</name>
         <load_address>0x2024</load_address>
         <run_address>0x2024</run_address>
         <size>0x320</size>
         <input_file_ref idref="fl-14"/>
      </object_component>
      <object_component id="oc-3d7">
         <name>.const:.string:pixel_normal34BPP_UNCOMP</name>
         <load_address>0x2344</load_address>
         <run_address>0x2344</run_address>
         <size>0x320</size>
         <input_file_ref idref="fl-15"/>
      </object_component>
      <object_component id="oc-2cc">
         <name>.const:.string:pixel_pet1_dead4BPP_UNCOMP</name>
         <load_address>0x2664</load_address>
         <run_address>0x2664</run_address>
         <size>0x320</size>
         <input_file_ref idref="fl-24"/>
      </object_component>
      <object_component id="oc-374">
         <name>.const:.string:pixel_pet1_dizzy14BPP_UNCOMP</name>
         <load_address>0x2984</load_address>
         <run_address>0x2984</run_address>
         <size>0x320</size>
         <input_file_ref idref="fl-25"/>
      </object_component>
      <object_component id="oc-36b">
         <name>.const:.string:pixel_pet1_dizzy24BPP_UNCOMP</name>
         <load_address>0x2ca4</load_address>
         <run_address>0x2ca4</run_address>
         <size>0x320</size>
         <input_file_ref idref="fl-26"/>
      </object_component>
      <object_component id="oc-4d3">
         <name>.const:.string:pixel_pet1_eat14BPP_UNCOMP</name>
         <load_address>0x2fc4</load_address>
         <run_address>0x2fc4</run_address>
         <size>0x320</size>
         <input_file_ref idref="fl-27"/>
      </object_component>
      <object_component id="oc-4ca">
         <name>.const:.string:pixel_pet1_eat24BPP_UNCOMP</name>
         <load_address>0x32e4</load_address>
         <run_address>0x32e4</run_address>
         <size>0x320</size>
         <input_file_ref idref="fl-28"/>
      </object_component>
      <object_component id="oc-4c1">
         <name>.const:.string:pixel_pet1_eat34BPP_UNCOMP</name>
         <load_address>0x3604</load_address>
         <run_address>0x3604</run_address>
         <size>0x320</size>
         <input_file_ref idref="fl-29"/>
      </object_component>
      <object_component id="oc-3fb">
         <name>.const:.string:pixel_pet1_happy14BPP_UNCOMP</name>
         <load_address>0x3924</load_address>
         <run_address>0x3924</run_address>
         <size>0x320</size>
         <input_file_ref idref="fl-2a"/>
      </object_component>
      <object_component id="oc-3f2">
         <name>.const:.string:pixel_pet1_happy24BPP_UNCOMP</name>
         <load_address>0x3c44</load_address>
         <run_address>0x3c44</run_address>
         <size>0x320</size>
         <input_file_ref idref="fl-2b"/>
      </object_component>
      <object_component id="oc-3e9">
         <name>.const:.string:pixel_pet1_happy34BPP_UNCOMP</name>
         <load_address>0x3f64</load_address>
         <run_address>0x3f64</run_address>
         <size>0x320</size>
         <input_file_ref idref="fl-2c"/>
      </object_component>
      <object_component id="oc-2c3">
         <name>.const:.string:pixel_pet1_normal14BPP_UNCOMP</name>
         <load_address>0x4284</load_address>
         <run_address>0x4284</run_address>
         <size>0x320</size>
         <input_file_ref idref="fl-2d"/>
      </object_component>
      <object_component id="oc-3ce">
         <name>.const:.string:pixel_pet1_normal24BPP_UNCOMP</name>
         <load_address>0x45a4</load_address>
         <run_address>0x45a4</run_address>
         <size>0x320</size>
         <input_file_ref idref="fl-2e"/>
      </object_component>
      <object_component id="oc-3c5">
         <name>.const:.string:pixel_pet1_normal34BPP_UNCOMP</name>
         <load_address>0x48c4</load_address>
         <run_address>0x48c4</run_address>
         <size>0x320</size>
         <input_file_ref idref="fl-2f"/>
      </object_component>
      <object_component id="oc-49d">
         <name>.const:.string:pixel_pet1_play14BPP_UNCOMP</name>
         <load_address>0x4be4</load_address>
         <run_address>0x4be4</run_address>
         <size>0x320</size>
         <input_file_ref idref="fl-30"/>
      </object_component>
      <object_component id="oc-494">
         <name>.const:.string:pixel_pet1_play24BPP_UNCOMP</name>
         <load_address>0x4f04</load_address>
         <run_address>0x4f04</run_address>
         <size>0x320</size>
         <input_file_ref idref="fl-31"/>
      </object_component>
      <object_component id="oc-48b">
         <name>.const:.string:pixel_pet1_play34BPP_UNCOMP</name>
         <load_address>0x5224</load_address>
         <run_address>0x5224</run_address>
         <size>0x320</size>
         <input_file_ref idref="fl-32"/>
      </object_component>
      <object_component id="oc-500">
         <name>.const:.string:pixel_pet1_poop14BPP_UNCOMP</name>
         <load_address>0x5544</load_address>
         <run_address>0x5544</run_address>
         <size>0x320</size>
         <input_file_ref idref="fl-33"/>
      </object_component>
      <object_component id="oc-4f7">
         <name>.const:.string:pixel_pet1_poop24BPP_UNCOMP</name>
         <load_address>0x5864</load_address>
         <run_address>0x5864</run_address>
         <size>0x320</size>
         <input_file_ref idref="fl-34"/>
      </object_component>
      <object_component id="oc-431">
         <name>.const:.string:pixel_pet1_sleep14BPP_UNCOMP</name>
         <load_address>0x5b84</load_address>
         <run_address>0x5b84</run_address>
         <size>0x320</size>
         <input_file_ref idref="fl-35"/>
      </object_component>
      <object_component id="oc-428">
         <name>.const:.string:pixel_pet1_sleep24BPP_UNCOMP</name>
         <load_address>0x5ea4</load_address>
         <run_address>0x5ea4</run_address>
         <size>0x320</size>
         <input_file_ref idref="fl-36"/>
      </object_component>
      <object_component id="oc-41f">
         <name>.const:.string:pixel_pet1_sleep34BPP_UNCOMP</name>
         <load_address>0x61c4</load_address>
         <run_address>0x61c4</run_address>
         <size>0x320</size>
         <input_file_ref idref="fl-37"/>
      </object_component>
      <object_component id="oc-3a1">
         <name>.const:.string:pixel_pet1_unhappy14BPP_UNCOMP</name>
         <load_address>0x64e4</load_address>
         <run_address>0x64e4</run_address>
         <size>0x320</size>
         <input_file_ref idref="fl-38"/>
      </object_component>
      <object_component id="oc-398">
         <name>.const:.string:pixel_pet1_unhappy24BPP_UNCOMP</name>
         <load_address>0x6804</load_address>
         <run_address>0x6804</run_address>
         <size>0x320</size>
         <input_file_ref idref="fl-39"/>
      </object_component>
      <object_component id="oc-38f">
         <name>.const:.string:pixel_pet1_unhappy34BPP_UNCOMP</name>
         <load_address>0x6b24</load_address>
         <run_address>0x6b24</run_address>
         <size>0x320</size>
         <input_file_ref idref="fl-3a"/>
      </object_component>
      <object_component id="oc-467">
         <name>.const:.string:pixel_pet1_walk14BPP_UNCOMP</name>
         <load_address>0x6e44</load_address>
         <run_address>0x6e44</run_address>
         <size>0x320</size>
         <input_file_ref idref="fl-3b"/>
      </object_component>
      <object_component id="oc-45e">
         <name>.const:.string:pixel_pet1_walk24BPP_UNCOMP</name>
         <load_address>0x7164</load_address>
         <run_address>0x7164</run_address>
         <size>0x320</size>
         <input_file_ref idref="fl-3c"/>
      </object_component>
      <object_component id="oc-455">
         <name>.const:.string:pixel_pet1_walk34BPP_UNCOMP</name>
         <load_address>0x7484</load_address>
         <run_address>0x7484</run_address>
         <size>0x320</size>
         <input_file_ref idref="fl-3d"/>
      </object_component>
      <object_component id="oc-4b8">
         <name>.const:.string:pixel_play14BPP_UNCOMP</name>
         <load_address>0x77a4</load_address>
         <run_address>0x77a4</run_address>
         <size>0x320</size>
         <input_file_ref idref="fl-16"/>
      </object_component>
      <object_component id="oc-4a6">
         <name>.const:.string:pixel_play34BPP_UNCOMP</name>
         <load_address>0x7ac4</load_address>
         <run_address>0x7ac4</run_address>
         <size>0x320</size>
         <input_file_ref idref="fl-18"/>
      </object_component>
      <object_component id="oc-512">
         <name>.const:.string:pixel_poop14BPP_UNCOMP</name>
         <load_address>0x7de4</load_address>
         <run_address>0x7de4</run_address>
         <size>0x320</size>
         <input_file_ref idref="fl-19"/>
      </object_component>
      <object_component id="oc-509">
         <name>.const:.string:pixel_poop24BPP_UNCOMP</name>
         <load_address>0x8104</load_address>
         <run_address>0x8104</run_address>
         <size>0x320</size>
         <input_file_ref idref="fl-1a"/>
      </object_component>
      <object_component id="oc-44c">
         <name>.const:.string:pixel_sleep14BPP_UNCOMP</name>
         <load_address>0x8424</load_address>
         <run_address>0x8424</run_address>
         <size>0x320</size>
         <input_file_ref idref="fl-1b"/>
      </object_component>
      <object_component id="oc-443">
         <name>.const:.string:pixel_sleep24BPP_UNCOMP</name>
         <load_address>0x8744</load_address>
         <run_address>0x8744</run_address>
         <size>0x320</size>
         <input_file_ref idref="fl-1c"/>
      </object_component>
      <object_component id="oc-43a">
         <name>.const:.string:pixel_sleep34BPP_UNCOMP</name>
         <load_address>0x8a64</load_address>
         <run_address>0x8a64</run_address>
         <size>0x320</size>
         <input_file_ref idref="fl-1d"/>
      </object_component>
      <object_component id="oc-3bc">
         <name>.const:.string:pixel_unhappy14BPP_UNCOMP</name>
         <load_address>0x8d84</load_address>
         <run_address>0x8d84</run_address>
         <size>0x320</size>
         <input_file_ref idref="fl-1e"/>
      </object_component>
      <object_component id="oc-3aa">
         <name>.const:.string:pixel_unhappy34BPP_UNCOMP</name>
         <load_address>0x90a4</load_address>
         <run_address>0x90a4</run_address>
         <size>0x320</size>
         <input_file_ref idref="fl-20"/>
      </object_component>
      <object_component id="oc-482">
         <name>.const:.string:pixel_walk14BPP_UNCOMP</name>
         <load_address>0x93c4</load_address>
         <run_address>0x93c4</run_address>
         <size>0x320</size>
         <input_file_ref idref="fl-21"/>
      </object_component>
      <object_component id="oc-479">
         <name>.const:.string:pixel_walk24BPP_UNCOMP</name>
         <load_address>0x96e4</load_address>
         <run_address>0x96e4</run_address>
         <size>0x320</size>
         <input_file_ref idref="fl-22"/>
      </object_component>
      <object_component id="oc-470">
         <name>.const:.string:pixel_walk34BPP_UNCOMP</name>
         <load_address>0x9a04</load_address>
         <run_address>0x9a04</run_address>
         <size>0x320</size>
         <input_file_ref idref="fl-23"/>
      </object_component>
      <object_component id="oc-4af">
         <name>.const:.string:pixel_play24BPP_UNCOMP</name>
         <load_address>0x9d24</load_address>
         <run_address>0x9d24</run_address>
         <size>0x30c</size>
         <input_file_ref idref="fl-17"/>
      </object_component>
      <object_component id="oc-3b3">
         <name>.const:.string:pixel_unhappy24BPP_UNCOMP</name>
         <load_address>0xa030</load_address>
         <run_address>0xa030</run_address>
         <size>0x30c</size>
         <input_file_ref idref="fl-1f"/>
      </object_component>
      <object_component id="oc-601">
         <name>.const:.string:g_pucFontFixed6x8Data</name>
         <load_address>0xa33c</load_address>
         <run_address>0xa33c</run_address>
         <size>0x2f8</size>
         <input_file_ref idref="fl-9"/>
      </object_component>
      <object_component id="oc-765">
         <name>.const:.string:_ctypes_</name>
         <load_address>0xa634</load_address>
         <run_address>0xa634</run_address>
         <size>0x101</size>
         <input_file_ref idref="fl-116"/>
      </object_component>
      <object_component id="oc-336">
         <name>.const:g_sFontFixed6x8</name>
         <load_address>0xa738</load_address>
         <run_address>0xa738</run_address>
         <size>0xc8</size>
         <input_file_ref idref="fl-9"/>
      </object_component>
      <object_component id="oc-2e1">
         <name>.const:_ctlRegs</name>
         <load_address>0xa800</load_address>
         <run_address>0xa800</run_address>
         <size>0x80</size>
         <input_file_ref idref="fl-49"/>
      </object_component>
      <object_component id="oc-2d2">
         <name>.const:palette_dead4BPP_UNCOMP</name>
         <load_address>0xa880</load_address>
         <run_address>0xa880</run_address>
         <size>0x40</size>
         <input_file_ref idref="fl-a"/>
      </object_component>
      <object_component id="oc-383">
         <name>.const:palette_dizzy14BPP_UNCOMP</name>
         <load_address>0xa8c0</load_address>
         <run_address>0xa8c0</run_address>
         <size>0x40</size>
         <input_file_ref idref="fl-b"/>
      </object_component>
      <object_component id="oc-37a">
         <name>.const:palette_dizzy24BPP_UNCOMP</name>
         <load_address>0xa900</load_address>
         <run_address>0xa900</run_address>
         <size>0x40</size>
         <input_file_ref idref="fl-c"/>
      </object_component>
      <object_component id="oc-4eb">
         <name>.const:palette_eat14BPP_UNCOMP</name>
         <load_address>0xa940</load_address>
         <run_address>0xa940</run_address>
         <size>0x40</size>
         <input_file_ref idref="fl-d"/>
      </object_component>
      <object_component id="oc-4e2">
         <name>.const:palette_eat24BPP_UNCOMP</name>
         <load_address>0xa980</load_address>
         <run_address>0xa980</run_address>
         <size>0x40</size>
         <input_file_ref idref="fl-e"/>
      </object_component>
      <object_component id="oc-4d9">
         <name>.const:palette_eat34BPP_UNCOMP</name>
         <load_address>0xa9c0</load_address>
         <run_address>0xa9c0</run_address>
         <size>0x40</size>
         <input_file_ref idref="fl-f"/>
      </object_component>
      <object_component id="oc-413">
         <name>.const:palette_happy14BPP_UNCOMP</name>
         <load_address>0xaa00</load_address>
         <run_address>0xaa00</run_address>
         <size>0x40</size>
         <input_file_ref idref="fl-10"/>
      </object_component>
      <object_component id="oc-40a">
         <name>.const:palette_happy24BPP_UNCOMP</name>
         <load_address>0xaa40</load_address>
         <run_address>0xaa40</run_address>
         <size>0x40</size>
         <input_file_ref idref="fl-11"/>
      </object_component>
      <object_component id="oc-401">
         <name>.const:palette_happy34BPP_UNCOMP</name>
         <load_address>0xaa80</load_address>
         <run_address>0xaa80</run_address>
         <size>0x40</size>
         <input_file_ref idref="fl-12"/>
      </object_component>
      <object_component id="oc-2b7">
         <name>.const:palette_normal14BPP_UNCOMP</name>
         <load_address>0xaac0</load_address>
         <run_address>0xaac0</run_address>
         <size>0x40</size>
         <input_file_ref idref="fl-13"/>
      </object_component>
      <object_component id="oc-3dd">
         <name>.const:palette_normal24BPP_UNCOMP</name>
         <load_address>0xab00</load_address>
         <run_address>0xab00</run_address>
         <size>0x40</size>
         <input_file_ref idref="fl-14"/>
      </object_component>
      <object_component id="oc-3d4">
         <name>.const:palette_normal34BPP_UNCOMP</name>
         <load_address>0xab40</load_address>
         <run_address>0xab40</run_address>
         <size>0x40</size>
         <input_file_ref idref="fl-15"/>
      </object_component>
      <object_component id="oc-2c9">
         <name>.const:palette_pet1_dead4BPP_UNCOMP</name>
         <load_address>0xab80</load_address>
         <run_address>0xab80</run_address>
         <size>0x40</size>
         <input_file_ref idref="fl-24"/>
      </object_component>
      <object_component id="oc-371">
         <name>.const:palette_pet1_dizzy14BPP_UNCOMP</name>
         <load_address>0xabc0</load_address>
         <run_address>0xabc0</run_address>
         <size>0x40</size>
         <input_file_ref idref="fl-25"/>
      </object_component>
      <object_component id="oc-368">
         <name>.const:palette_pet1_dizzy24BPP_UNCOMP</name>
         <load_address>0xac00</load_address>
         <run_address>0xac00</run_address>
         <size>0x40</size>
         <input_file_ref idref="fl-26"/>
      </object_component>
      <object_component id="oc-4d0">
         <name>.const:palette_pet1_eat14BPP_UNCOMP</name>
         <load_address>0xac40</load_address>
         <run_address>0xac40</run_address>
         <size>0x40</size>
         <input_file_ref idref="fl-27"/>
      </object_component>
      <object_component id="oc-4c7">
         <name>.const:palette_pet1_eat24BPP_UNCOMP</name>
         <load_address>0xac80</load_address>
         <run_address>0xac80</run_address>
         <size>0x40</size>
         <input_file_ref idref="fl-28"/>
      </object_component>
      <object_component id="oc-4be">
         <name>.const:palette_pet1_eat34BPP_UNCOMP</name>
         <load_address>0xacc0</load_address>
         <run_address>0xacc0</run_address>
         <size>0x40</size>
         <input_file_ref idref="fl-29"/>
      </object_component>
      <object_component id="oc-3f8">
         <name>.const:palette_pet1_happy14BPP_UNCOMP</name>
         <load_address>0xad00</load_address>
         <run_address>0xad00</run_address>
         <size>0x40</size>
         <input_file_ref idref="fl-2a"/>
      </object_component>
      <object_component id="oc-3ef">
         <name>.const:palette_pet1_happy24BPP_UNCOMP</name>
         <load_address>0xad40</load_address>
         <run_address>0xad40</run_address>
         <size>0x40</size>
         <input_file_ref idref="fl-2b"/>
      </object_component>
      <object_component id="oc-3e6">
         <name>.const:palette_pet1_happy34BPP_UNCOMP</name>
         <load_address>0xad80</load_address>
         <run_address>0xad80</run_address>
         <size>0x40</size>
         <input_file_ref idref="fl-2c"/>
      </object_component>
      <object_component id="oc-2c0">
         <name>.const:palette_pet1_normal14BPP_UNCOMP</name>
         <load_address>0xadc0</load_address>
         <run_address>0xadc0</run_address>
         <size>0x40</size>
         <input_file_ref idref="fl-2d"/>
      </object_component>
      <object_component id="oc-3cb">
         <name>.const:palette_pet1_normal24BPP_UNCOMP</name>
         <load_address>0xae00</load_address>
         <run_address>0xae00</run_address>
         <size>0x40</size>
         <input_file_ref idref="fl-2e"/>
      </object_component>
      <object_component id="oc-3c2">
         <name>.const:palette_pet1_normal34BPP_UNCOMP</name>
         <load_address>0xae40</load_address>
         <run_address>0xae40</run_address>
         <size>0x40</size>
         <input_file_ref idref="fl-2f"/>
      </object_component>
      <object_component id="oc-49a">
         <name>.const:palette_pet1_play14BPP_UNCOMP</name>
         <load_address>0xae80</load_address>
         <run_address>0xae80</run_address>
         <size>0x40</size>
         <input_file_ref idref="fl-30"/>
      </object_component>
      <object_component id="oc-491">
         <name>.const:palette_pet1_play24BPP_UNCOMP</name>
         <load_address>0xaec0</load_address>
         <run_address>0xaec0</run_address>
         <size>0x40</size>
         <input_file_ref idref="fl-31"/>
      </object_component>
      <object_component id="oc-488">
         <name>.const:palette_pet1_play34BPP_UNCOMP</name>
         <load_address>0xaf00</load_address>
         <run_address>0xaf00</run_address>
         <size>0x40</size>
         <input_file_ref idref="fl-32"/>
      </object_component>
      <object_component id="oc-4fd">
         <name>.const:palette_pet1_poop14BPP_UNCOMP</name>
         <load_address>0xaf40</load_address>
         <run_address>0xaf40</run_address>
         <size>0x40</size>
         <input_file_ref idref="fl-33"/>
      </object_component>
      <object_component id="oc-4f4">
         <name>.const:palette_pet1_poop24BPP_UNCOMP</name>
         <load_address>0xaf80</load_address>
         <run_address>0xaf80</run_address>
         <size>0x40</size>
         <input_file_ref idref="fl-34"/>
      </object_component>
      <object_component id="oc-42e">
         <name>.const:palette_pet1_sleep14BPP_UNCOMP</name>
         <load_address>0xafc0</load_address>
         <run_address>0xafc0</run_address>
         <size>0x40</size>
         <input_file_ref idref="fl-35"/>
      </object_component>
      <object_component id="oc-425">
         <name>.const:palette_pet1_sleep24BPP_UNCOMP</name>
         <load_address>0xb000</load_address>
         <run_address>0xb000</run_address>
         <size>0x40</size>
         <input_file_ref idref="fl-36"/>
      </object_component>
      <object_component id="oc-41c">
         <name>.const:palette_pet1_sleep34BPP_UNCOMP</name>
         <load_address>0xb040</load_address>
         <run_address>0xb040</run_address>
         <size>0x40</size>
         <input_file_ref idref="fl-37"/>
      </object_component>
      <object_component id="oc-39e">
         <name>.const:palette_pet1_unhappy14BPP_UNCOMP</name>
         <load_address>0xb080</load_address>
         <run_address>0xb080</run_address>
         <size>0x40</size>
         <input_file_ref idref="fl-38"/>
      </object_component>
      <object_component id="oc-395">
         <name>.const:palette_pet1_unhappy24BPP_UNCOMP</name>
         <load_address>0xb0c0</load_address>
         <run_address>0xb0c0</run_address>
         <size>0x40</size>
         <input_file_ref idref="fl-39"/>
      </object_component>
      <object_component id="oc-38c">
         <name>.const:palette_pet1_unhappy34BPP_UNCOMP</name>
         <load_address>0xb100</load_address>
         <run_address>0xb100</run_address>
         <size>0x40</size>
         <input_file_ref idref="fl-3a"/>
      </object_component>
      <object_component id="oc-464">
         <name>.const:palette_pet1_walk14BPP_UNCOMP</name>
         <load_address>0xb140</load_address>
         <run_address>0xb140</run_address>
         <size>0x40</size>
         <input_file_ref idref="fl-3b"/>
      </object_component>
      <object_component id="oc-45b">
         <name>.const:palette_pet1_walk24BPP_UNCOMP</name>
         <load_address>0xb180</load_address>
         <run_address>0xb180</run_address>
         <size>0x40</size>
         <input_file_ref idref="fl-3c"/>
      </object_component>
      <object_component id="oc-452">
         <name>.const:palette_pet1_walk34BPP_UNCOMP</name>
         <load_address>0xb1c0</load_address>
         <run_address>0xb1c0</run_address>
         <size>0x40</size>
         <input_file_ref idref="fl-3d"/>
      </object_component>
      <object_component id="oc-4b5">
         <name>.const:palette_play14BPP_UNCOMP</name>
         <load_address>0xb200</load_address>
         <run_address>0xb200</run_address>
         <size>0x40</size>
         <input_file_ref idref="fl-16"/>
      </object_component>
      <object_component id="oc-4ac">
         <name>.const:palette_play24BPP_UNCOMP</name>
         <load_address>0xb240</load_address>
         <run_address>0xb240</run_address>
         <size>0x40</size>
         <input_file_ref idref="fl-17"/>
      </object_component>
      <object_component id="oc-4a3">
         <name>.const:palette_play34BPP_UNCOMP</name>
         <load_address>0xb280</load_address>
         <run_address>0xb280</run_address>
         <size>0x40</size>
         <input_file_ref idref="fl-18"/>
      </object_component>
      <object_component id="oc-50f">
         <name>.const:palette_poop14BPP_UNCOMP</name>
         <load_address>0xb2c0</load_address>
         <run_address>0xb2c0</run_address>
         <size>0x40</size>
         <input_file_ref idref="fl-19"/>
      </object_component>
      <object_component id="oc-506">
         <name>.const:palette_poop24BPP_UNCOMP</name>
         <load_address>0xb300</load_address>
         <run_address>0xb300</run_address>
         <size>0x40</size>
         <input_file_ref idref="fl-1a"/>
      </object_component>
      <object_component id="oc-449">
         <name>.const:palette_sleep14BPP_UNCOMP</name>
         <load_address>0xb340</load_address>
         <run_address>0xb340</run_address>
         <size>0x40</size>
         <input_file_ref idref="fl-1b"/>
      </object_component>
      <object_component id="oc-440">
         <name>.const:palette_sleep24BPP_UNCOMP</name>
         <load_address>0xb380</load_address>
         <run_address>0xb380</run_address>
         <size>0x40</size>
         <input_file_ref idref="fl-1c"/>
      </object_component>
      <object_component id="oc-437">
         <name>.const:palette_sleep34BPP_UNCOMP</name>
         <load_address>0xb3c0</load_address>
[...]
      </symbol>
      <symbol id="sm-8e9">
         <name>pet1_walk34BPP_UNCOMP</name>
         <value>0xb80c</value>
         <object_component_ref idref="oc-25a"/>
      </symbol>
      <symbol id="sm-91b">
         <name>Graphics_setBackgroundColor</name>
         <value>0xf37f</value>
         <object_component_ref idref="oc-324"/>
      </symbol>
      <symbol id="sm-91c">
         <name>Graphics_setFont</name>
         <value>0xf3f7</value>
         <object_component_ref idref="oc-32a"/>
      </symbol>
      <symbol id="sm-91d">
         <name>Graphics_initContext</name>
         <value>0xf1b5</value>
         <object_component_ref idref="oc-318"/>
      </symbol>
      <symbol id="sm-91e">
         <name>Graphics_setForegroundColor</name>
         <value>0xf38d</value>
         <object_component_ref idref="oc-31e"/>
      </symbol>
      <symbol id="sm-91f">
         <name>Graphics_clearDisplay</name>
         <value>0xf3d9</value>
         <object_component_ref idref="oc-e9"/>
      </symbol>
      <symbol id="sm-94c">
         <name>Graphics_clearDisplayOnDisplay</name>
         <value>0xf3e3</value>
         <object_component_ref idref="oc-1fa"/>
      </symbol>
      <symbol id="sm-94d">
         <name>Graphics_drawPixelOnDisplay</name>
         <value>0xf371</value>
         <object_component_ref idref="oc-1f2"/>
      </symbol>
      <symbol id="sm-94e">
         <name>Graphics_translateColorOnDisplay</name>
         <value>0xf3ed</value>
         <object_component_ref idref="oc-356"/>
      </symbol>
      <symbol id="sm-94f">
         <name>Graphics_drawHorizontalLineOnDisplay</name>
         <value>0xf2f3</value>
         <object_component_ref idref="oc-614"/>
      </symbol>
      <symbol id="sm-950">
         <name>Graphics_drawMultiplePixelsOnDisplay</name>
         <value>0xf145</value>
         <object_component_ref idref="oc-1ec"/>
      </symbol>
      <symbol id="sm-97f">
         <name>Graphics_drawImage</name>
         <value>0xd1e5</value>
         <object_component_ref idref="oc-e3"/>
      </symbol>
      <symbol id="sm-9cf">
         <name>Graphics_drawStringCentered</name>
         <value>0xeff3</value>
         <object_component_ref idref="oc-dd"/>
      </symbol>
      <symbol id="sm-9d0">
         <name>Graphics_drawString</name>
         <value>0xca37</value>
         <object_component_ref idref="oc-1b7"/>
      </symbol>
      <symbol id="sm-9d1">
         <name>Graphics_getStringWidth</name>
         <value>0xe681</value>
         <object_component_ref idref="oc-1d4"/>
      </symbol>
      <symbol id="sm-9e0">
         <name>Graphics_drawLineH</name>
         <value>0xee6d</value>
         <object_component_ref idref="oc-344"/>
      </symbol>
      <symbol id="sm-a2a">
         <name>ADC14_getResult</name>
         <value>0xf265</value>
         <object_component_ref idref="oc-16e"/>
      </symbol>
      <symbol id="sm-a3b">
         <name>CS_setDCOCenteredFrequency</name>
         <value>0xf16d</value>
         <object_component_ref idref="oc-1b1"/>
      </symbol>
      <symbol id="sm-a74">
         <name>GPIO_setOutputHighOnPin</name>
         <value>0xf321</value>
         <object_component_ref idref="oc-5a0"/>
      </symbol>
      <symbol id="sm-a75">
         <name>GPIO_setAsOutputPin</name>
         <value>0xf191</value>
         <object_component_ref idref="oc-786"/>
      </symbol>
      <symbol id="sm-a76">
         <name>GPIO_setOutputLowOnPin</name>
         <value>0xf27d</value>
         <object_component_ref idref="oc-59a"/>
      </symbol>
      <symbol id="sm-a77">
         <name>GPIO_setAsPeripheralModuleFunctionOutputPin</name>
         <value>0xed3d</value>
         <object_component_ref idref="oc-780"/>
      </symbol>
      <symbol id="sm-aaf">
         <name>EUSCI_B_SPI_enable</name>
         <value>0xf3b5</value>
         <object_component_ref idref="oc-7cf"/>
      </symbol>
      <symbol id="sm-ab0">
         <name>SPI_enableModule</name>
         <value>0xf24b</value>
         <object_component_ref idref="oc-793"/>
      </symbol>
      <symbol id="sm-ab1">
         <name>EUSCI_A_SPI_enable</name>
         <value>0xf3a9</value>
         <object_component_ref idref="oc-7d5"/>
      </symbol>
      <symbol id="sm-ab2">
         <name>SPI_initMaster</name>
         <value>0xdfb1</value>
         <object_component_ref idref="oc-78d"/>
      </symbol>
      <symbol id="sm-ac5">
         <name>_c_int00</name>
         <value>0xe929</value>
         <object_component_ref idref="oc-26"/>
      </symbol>
      <symbol id="sm-ac6">
         <name>__stack</name>
         <value>0x2000f800</value>
         <object_component_ref idref="oc-2f"/>
      </symbol>
      <symbol id="sm-ae4">
         <name>__TI_decompress_lzss</name>
         <value>0xe751</value>
         <object_component_ref idref="oc-14"/>
      </symbol>
      <symbol id="sm-afb">
         <name>__TI_decompress_none</name>
         <value>0xf39b</value>
         <object_component_ref idref="oc-1a"/>
      </symbol>
      <symbol id="sm-b12">
         <name>__TI_zero_init</name>
         <value>0xf3cd</value>
         <object_component_ref idref="oc-20"/>
      </symbol>
      <symbol id="sm-b33">
         <name>C$$EXIT</name>
         <value>0xe97d</value>
         <object_component_ref idref="oc-6b"/>
      </symbol>
      <symbol id="sm-b34">
         <name>abort</name>
         <value>0xe981</value>
         <object_component_ref idref="oc-6b"/>
      </symbol>
      <symbol id="sm-b35">
         <name>exit</name>
         <value>0xe989</value>
         <object_component_ref idref="oc-6b"/>
      </symbol>
      <symbol id="sm-b36">
         <name>__TI_dtors_ptr</name>
         <value>0x20000490</value>
         <object_component_ref idref="oc-ca"/>
      </symbol>
      <symbol id="sm-b37">
         <name>__TI_cleanup_ptr</name>
         <value>0x2000048c</value>
         <object_component_ref idref="oc-ca"/>
      </symbol>
      <symbol id="sm-b38">
         <name>__TI_enable_exit_profile_output</name>
         <value>0x20000494</value>
         <object_component_ref idref="oc-ca"/>
      </symbol>
      <symbol id="sm-b53">
         <name>memcpy</name>
         <value>0xdf15</value>
         <object_component_ref idref="oc-3b"/>
      </symbol>
      <symbol id="sm-b54">
         <name>__aeabi_memcpy</name>
         <value>0xdf15</value>
         <object_component_ref idref="oc-3b"/>
      </symbol>
      <symbol id="sm-b55">
         <name>__aeabi_memcpy8</name>
         <value>0xdf15</value>
         <object_component_ref idref="oc-3b"/>
      </symbol>
      <symbol id="sm-b56">
         <name>__aeabi_memcpy4</name>
         <value>0xdf15</value>
         <object_component_ref idref="oc-3b"/>
      </symbol>
      <symbol id="sm-b65">
         <name>__aeabi_memset</name>
         <value>0xe1cb</value>
         <object_component_ref idref="oc-47"/>
      </symbol>
      <symbol id="sm-b66">
         <name>memset</name>
         <value>0xe1d1</value>
         <object_component_ref idref="oc-47"/>
      </symbol>
      <symbol id="sm-b67">
         <name>__aeabi_memset8</name>
         <value>0xe1cb</value>
         <object_component_ref idref="oc-47"/>
      </symbol>
      <symbol id="sm-b68">
         <name>__aeabi_memset4</name>
         <value>0xe1cb</value>
         <object_component_ref idref="oc-47"/>
      </symbol>
      <symbol id="sm-b69">
         <name>__aeabi_memclr8</name>
         <value>0xe1c9</value>
         <object_component_ref idref="oc-47"/>
      </symbol>
      <symbol id="sm-b6a">
         <name>__aeabi_memclr4</name>
         <value>0xe1c9</value>
         <object_component_ref idref="oc-47"/>
      </symbol>
      <symbol id="sm-b6b">
         <name>__aeabi_memclr</name>
         <value>0xe1c9</value>
         <object_component_ref idref="oc-47"/>
      </symbol>
      <symbol id="sm-b75">
         <name>__mpu_init</name>
         <value>0xdd2f</value>
         <object_component_ref idref="oc-53"/>
      </symbol>
      <symbol id="sm-b7f">
         <name>_system_pre_init</name>
         <value>0xf3fb</value>
         <object_component_ref idref="oc-59"/>
      </symbol>
      <symbol id="sm-b98">
         <name>sprintf</name>
         <value>0xe81d</value>
         <object_component_ref idref="oc-178"/>
      </symbol>
      <symbol id="sm-ba0">
         <name>main_func_sp</name>
         <value>0x200004a4</value>
         <object_component_ref idref="oc-71"/>
      </symbol>
      <symbol id="sm-bb9">
         <name>_nop</name>
         <value>0xf343</value>
         <object_component_ref idref="oc-1c7"/>
      </symbol>
      <symbol id="sm-bba">
         <name>_lock</name>
         <value>0x20000498</value>
         <object_component_ref idref="oc-cd"/>
      </symbol>
      <symbol id="sm-bbb">
         <name>_unlock</name>
         <value>0x2000049c</value>
         <object_component_ref idref="oc-cd"/>
      </symbol>
      <symbol id="sm-bbc">
         <name>_register_lock</name>
         <value>0xf33b</value>
         <object_component_ref idref="oc-1c7"/>
      </symbol>
      <symbol id="sm-bbd">
         <name>_register_unlock</name>
         <value>0xf335</value>
         <object_component_ref idref="oc-1c7"/>
      </symbol>
      <symbol id="sm-cbe">
         <name>__TI_printfi</name>
         <value>0xc13d</value>
         <object_component_ref idref="oc-2e7"/>
      </symbol>
      <symbol id="sm-cd2">
         <name>_args_main</name>
         <value>0xf2c5</value>
         <object_component_ref idref="oc-65"/>
      </symbol>
      <symbol id="sm-ce8">
         <name>atoi</name>
         <value>0xedd5</value>
         <object_component_ref idref="oc-57b"/>
      </symbol>
      <symbol id="sm-d12">
         <name>__TI_auto_init</name>
         <value>0xe245</value>
         <object_component_ref idref="oc-5f"/>
      </symbol>
      <symbol id="sm-d2c">
         <name>copy_in</name>
         <value>0xee21</value>
         <object_component_ref idref="oc-b4"/>
      </symbol>
      <symbol id="sm-d37">
         <name>_ctypes_</name>
         <value>0xa634</value>
         <object_component_ref idref="oc-765"/>
      </symbol>
      <symbol id="sm-d4e">
         <name>__aeabi_dsub</name>
         <value>0xd5d9</value>
         <object_component_ref idref="oc-564"/>
      </symbol>
      <symbol id="sm-d4f">
         <name>__aeabi_dadd</name>
         <value>0xd5e3</value>
         <object_component_ref idref="oc-564"/>
      </symbol>
      <symbol id="sm-d71">
         <name>__aeabi_cdcmpeq</name>
         <value>0xe039</value>
         <object_component_ref idref="oc-540"/>
      </symbol>
      <symbol id="sm-d72">
         <name>__aeabi_cdcmple</name>
         <value>0xe039</value>
         <object_component_ref idref="oc-540"/>
      </symbol>
      <symbol id="sm-d73">
         <name>__aeabi_cdrcmple</name>
         <value>0xe0bf</value>
         <object_component_ref idref="oc-54f"/>
      </symbol>
      <symbol id="sm-d87">
         <name>__aeabi_ddiv</name>
         <value>0xd8e5</value>
         <object_component_ref idref="oc-54a"/>
      </symbol>
      <symbol id="sm-d92">
         <name>__aeabi_dmul</name>
         <value>0xdc33</value>
         <object_component_ref idref="oc-545"/>
      </symbol>
      <symbol id="sm-d9c">
         <name>__aeabi_d2iz</name>
         <value>0xeeb7</value>
         <object_component_ref idref="oc-554"/>
      </symbol>
      <symbol id="sm-da6">
         <name>__aeabi_i2d</name>
         <value>0xf0c1</value>
         <object_component_ref idref="oc-55f"/>
      </symbol>
      <symbol id="sm-db5">
         <name>ltoa</name>
         <value>0xe8d3</value>
         <object_component_ref idref="oc-559"/>
      </symbol>
      <symbol id="sm-dc5">
         <name>memccpy</name>
         <value>0xf215</value>
         <object_component_ref idref="oc-581"/>
      </symbol>
      <symbol id="sm-de0">
         <name>frexpl</name>
         <value>0xe7b9</value>
         <object_component_ref idref="oc-569"/>
      </symbol>
      <symbol id="sm-de1">
         <name>frexp</name>
         <value>0xe7b9</value>
         <object_component_ref idref="oc-569"/>
      </symbol>
      <symbol id="sm-dfe">
         <name>scalbn</name>
         <value>0xdd31</value>
         <object_component_ref idref="oc-56f"/>
      </symbol>
      <symbol id="sm-dff">
         <name>scalbnl</name>
         <value>0xdd31</value>
         <object_component_ref idref="oc-56f"/>
      </symbol>
      <symbol id="sm-e00">
         <name>ldexpl</name>
         <value>0xdd31</value>
         <object_component_ref idref="oc-56f"/>
      </symbol>
      <symbol id="sm-e01">
         <name>ldexp</name>
         <value>0xdd31</value>
         <object_component_ref idref="oc-56f"/>
      </symbol>
      <symbol id="sm-e0b">
         <name>_system_post_cinit</name>
         <value>0xe243</value>
         <object_component_ref idref="oc-ba"/>
      </symbol>
      <symbol id="sm-e1b">
         <name>strchr</name>
         <value>0xf309</value>
         <object_component_ref idref="oc-575"/>
      </symbol>
      <symbol id="sm-e29">
         <name>strlen</name>
         <value>0xf35d</value>
         <object_component_ref idref="oc-53a"/>
      </symbol>
      <symbol id="sm-e45">
         <name>__aeabi_uldivmod</name>
         <value>0xd3e5</value>
         <object_component_ref idref="oc-535"/>
      </symbol>
      <symbol id="sm-e4d">
         <name>errno</name>
         <value>0x200004a0</value>
         <object_component_ref idref="oc-75e"/>
      </symbol>
      <symbol id="sm-e57">
         <name>copysign</name>
         <value>0xf349</value>
         <object_component_ref idref="oc-758"/>
      </symbol>
      <symbol id="sm-e58">
         <name>copysignl</name>
         <value>0xf349</value>
         <object_component_ref idref="oc-758"/>
      </symbol>
      <symbol id="sm-e59">
         <name>__TI_static_base__</name>
         <value>0x0</value>
      </symbol>
      <symbol id="sm-e5c">
         <name>SHT$$INIT_ARRAY$$Limit</name>
         <value>0x0</value>
      </symbol>
      <symbol id="sm-e5d">
         <name>SHT$$INIT_ARRAY$$Base</name>
         <value>0x0</value>
      </symbol>
      <symbol id="sm-e5e">
         <name>NMI_Handler</name>
         <value>0xd78f</value>
      </symbol>
      <symbol id="sm-e5f">
         <name>HardFault_Handler</name>
         <value>0xd78f</value>
      </symbol>
      <symbol id="sm-e60">
         <name>MemManage_Handler</name>
         <value>0xd78f</value>
      </symbol>
      <symbol id="sm-e61">
         <name>BusFault_Handler</name>
         <value>0xd78f</value>
      </symbol>
      <symbol id="sm-e62">
         <name>UsageFault_Handler</name>
         <value>0xd78f</value>
      </symbol>
      <symbol id="sm-e63">
         <name>SVC_Handler</name>
         <value>0xd78f</value>
      </symbol>
      <symbol id="sm-e64">
         <name>DebugMon_Handler</name>
         <value>0xd78f</value>
      </symbol>
      <symbol id="sm-e65">
         <name>PendSV_Handler</name>
         <value>0xd78f</value>
      </symbol>
      <symbol id="sm-e66">
         <name>SysTick_Handler</name>
         <value>0xd78f</value>
      </symbol>
      <symbol id="sm-e67">
         <name>PSS_IRQHandler</name>
         <value>0xd78f</value>
      </symbol>
      <symbol id="sm-e68">
         <name>CS_IRQHandler</name>
         <value>0xd78f</value>
      </symbol>
      <symbol id="sm-e69">
         <name>PCM_IRQHandler</name>
         <value>0xd78f</value>
      </symbol>
      <symbol id="sm-e6a">
         <name>WDT_A_IRQHandler</name>
         <value>0xcf79</value>
      </symbol>
      <symbol id="sm-e6b">
         <name>FPU_IRQHandler</name>
         <value>0xd78f</value>
      </symbol>
      <symbol id="sm-e6c">
         <name>FLCTL_IRQHandler</name>
         <value>0xd78f</value>
      </symbol>
      <symbol id="sm-e6d">
         <name>COMP_E0_IRQHandler</name>
         <value>0xd78f</value>
      </symbol>
      <symbol id="sm-e6e">
         <name>COMP_E1_IRQHandler</name>
         <value>0xd78f</value>
      </symbol>
      <symbol id="sm-e6f">
         <name>TA0_0_IRQHandler</name>
         <value>0xd78f</value>
      </symbol>
      <symbol id="sm-e70">
         <name>TA0_N_IRQHandler</name>
         <value>0xd78f</value>
      </symbol>
      <symbol id="sm-e71">
         <name>TA1_0_IRQHandler</name>
         <value>0xd78f</value>
      </symbol>
      <symbol id="sm-e72">
         <name>TA1_N_IRQHandler</name>
         <value>0xd78f</value>
      </symbol>
      <symbol id="sm-e73">
         <name>TA2_0_IRQHandler</name>
         <value>0xd78f</value>
      </symbol>
      <symbol id="sm-e74">
         <name>TA2_N_IRQHandler</name>
         <value>0xd78f</value>
      </symbol>
      <symbol id="sm-e75">
         <name>TA3_0_IRQHandler</name>
         <value>0xd78f</value>
      </symbol>
      <symbol id="sm-e76">
         <name>TA3_N_IRQHandler</name>
         <value>0xd78f</value>
      </symbol>
      <symbol id="sm-e77">
         <name>EUSCIA0_IRQHandler</name>
         <value>0xd78f</value>
      </symbol>
      <symbol id="sm-e78">
         <name>EUSCIA1_IRQHandler</name>
         <value>0xd78f</value>
      </symbol>
      <symbol id="sm-e79">
         <name>EUSCIA2_IRQHandler</name>
         <value>0xd78f</value>
      </symbol>
      <symbol id="sm-e7a">
         <name>EUSCIA3_IRQHandler</name>
         <value>0xd78f</value>
      </symbol>
      <symbol id="sm-e7b">
         <name>EUSCIB0_IRQHandler</name>
         <value>0xd78f</value>
      </symbol>
      <symbol id="sm-e7c">
         <name>EUSCIB1_IRQHandler</name>
         <value>0xd78f</value>
      </symbol>
      <symbol id="sm-e7d">
         <name>EUSCIB2_IRQHandler</name>
         <value>0xd78f</value>
      </symbol>
      <symbol id="sm-e7e">
         <name>EUSCIB3_IRQHandler</name>
         <value>0xd78f</value>
      </symbol>
      <symbol id="sm-e7f">
         <name>ADC14_IRQHandler</name>
         <value>0xecf1</value>
      </symbol>
      <symbol id="sm-e80">
         <name>T32_INT1_IRQHandler</name>
         <value>0xd78f</value>
      </symbol>
      <symbol id="sm-e81">
         <name>T32_INT2_IRQHandler</name>
         <value>0xd78f</value>
      </symbol>
      <symbol id="sm-e82">
         <name>T32_INTC_IRQHandler</name>
         <value>0xd78f</value>
      </symbol>
      <symbol id="sm-e83">
         <name>AES256_IRQHandler</name>
         <value>0xd78f</value>
      </symbol>
      <symbol id="sm-e84">
         <name>RTC_C_IRQHandler</name>
         <value>0xd78f</value>
      </symbol>
      <symbol id="sm-e85">
         <name>DMA_ERR_IRQHandler</name>
         <value>0xd78f</value>
      </symbol>
      <symbol id="sm-e86">
         <name>DMA_INT3_IRQHandler</name>
         <value>0xd78f</value>
      </symbol>
      <symbol id="sm-e87">
         <name>DMA_INT2_IRQHandler</name>
         <value>0xd78f</value>
      </symbol>
      <symbol id="sm-e88">
         <name>DMA_INT1_IRQHandler</name>
         <value>0xd78f</value>
      </symbol>
      <symbol id="sm-e89">
         <name>DMA_INT0_IRQHandler</name>
         <value>0xd78f</value>
      </symbol>
      <symbol id="sm-e8a">
         <name>PORT1_IRQHandler</name>
         <value>0xd78f</value>
      </symbol>
      <symbol id="sm-e8b">
         <name>PORT2_IRQHandler</name>
         <value>0xd78f</value>
      </symbol>
      <symbol id="sm-e8c">
         <name>PORT3_IRQHandler</name>
         <value>0xde2d</value>
      </symbol>
      <symbol id="sm-e8d">
         <name>PORT4_IRQHandler</name>
         <value>0xd78f</value>
      </symbol>
      <symbol id="sm-e8e">
         <name>PORT5_IRQHandler</name>
         <value>0xda1b</value>
      </symbol>
      <symbol id="sm-e8f">
         <name>PORT6_IRQHandler</name>
         <value>0xd78f</value>
      </symbol>
   </symbol_table>
   <title>Link successful</title>
</link_info>
